Archive member included to satisfy reference by file (symbol)

FreeRTOS-Kernel/libfreertos_kernel.a(queue.c.o)
                              CMakeFiles/air_quality.dir/src/rtos/tasks.c.o (xQueueGenericCreate)
FreeRTOS-Kernel/libfreertos_kernel.a(tasks.c.o)
                              CMakeFiles/air_quality.dir/src/rtos/tasks.c.o (xTaskCreate)
FreeRTOS-Kernel/libfreertos_kernel.a(timers.c.o)
                              FreeRTOS-Kernel/libfreertos_kernel.a(tasks.c.o) (xTimerCreateTimerTask)
FreeRTOS-Kernel/libfreertos_kernel.a(heap_4.c.o)
                              FreeRTOS-Kernel/libfreertos_kernel.a(queue.c.o) (pvPortMalloc)
FreeRTOS-Kernel/libfreertos_kernel.a(port.c.o)
                              FreeRTOS-Kernel/libfreertos_kernel.a(tasks.c.o) (pxPortInitialiseStack)
FreeRTOS-Kernel/libfreertos_kernel.a(event_groups.c.o)
                              FreeRTOS-Kernel/libfreertos_kernel.a(port.c.o) (xEventGroupCreate)
FreeRTOS-Kernel/libfreertos_kernel.a(list.c.o)
                              FreeRTOS-Kernel/libfreertos_kernel.a(queue.c.o) (vListInitialise)
/Applications/ArmGNUToolchain/15.2.rel1/arm-none-eabi/bin/../lib/gcc/arm-none-eabi/15.2.1/thumb/v6-m/nofp/libgcc.a(_dvmd_tls.o)
                              CMakeFiles/air_quality.dir/Users/matteo/pico/pico-sdk/src/rp2_common/pico_divider/divider_hardware.S.o (__aeabi_idiv0)
/Applications/ArmGNUToolchain/15.2.rel1/arm-none-eabi/bin/../lib/gcc/arm-none-eabi/15.2.1/../../../../arm-none-eabi/lib/thumb/v6-m/nofp/libg.a(libc_a-ctype_.o)
                              CMakeFiles/air_quality.dir/Users/matteo/pico/pico-sdk/lib/lwip/src/core/dns.c.o (_ctype_)
/Applications/ArmGNUToolchain/15.2.rel1/arm-none-eabi/bin/../lib/gcc/arm-none-eabi/15.2.1/../../../../arm-none-eabi/lib/thumb/v6-m/nofp/libg.a(libc_a-atoi.o)
                              CMakeFiles/air_quality.dir/Users/matteo/pico/pico-sdk/lib/lwip/src/core/netif.c.o (atoi)
/Applications/ArmGNUToolchain/15.2.rel1/arm-none-eabi/bin/../lib/gcc/arm-none-eabi/15.2.1/../../../../arm-none-eabi/lib/thumb/v6-m/nofp/libg.a(libc_a-calloc.o)
                              CMakeFiles/air_quality.dir/Users/matteo/pico/pico-sdk/src/rp2_common/pico_malloc/malloc.c.o (calloc)
/Applications/ArmGNUToolchain/15.2.rel1/arm-none-eabi/bin/../lib/gcc/arm-none-eabi/15.2.1/../../../../arm-none-eabi/lib/thumb/v6-m/nofp/libg.a(libc_a-callocr.o)
                              /Applications/ArmGNUToolchain/15.2.rel1/arm-none-eabi/bin/../lib/gcc/arm-none-eabi/15.2.1/../../../../arm-none-eabi/lib/thumb/v6-m/nofp/libg.a(libc_a-calloc.o) (_calloc_r)
/Applications/ArmGNUToolchain/15.2.rel1/arm-none-eabi/bin/../lib/gcc/arm-none-eabi/15.2.1/../../../../arm-none-eabi/lib/thumb/v6-m/nofp/libg.a(libc_a-malloc.o)
                              CMakeFiles/air_quality.dir/Users/matteo/pico/pico-sdk/src/rp2_common/pico_malloc/malloc.c.o (malloc)
/Applications/ArmGNUToolchain/15.2.rel1/arm-none-eabi/bin/../lib/gcc/arm-none-eabi/15.2.1/../../../../arm-none-eabi/lib/thumb/v6-m/nofp/libg.a(libc_a-mallocr.o)
                              /Applications/ArmGNUToolchain/15.2.rel1/arm-none-eabi/bin/../lib/gcc/arm-none-eabi/15.2.1/../../../../arm-none-eabi/lib/thumb/v6-m/nofp/libg.a(libc_a-callocr.o) (_malloc_r)
/Applications/ArmGNUToolchain/15.2.rel1/arm-none-eabi/bin/../lib/gcc/arm-none-eabi/15.2.1/../../../../arm-none-eabi/lib/thumb/v6-m/nofp/libg.a(libc_a-mlock.o)
                              /Applications/ArmGNUToolchain/15.2.rel1/arm-none-eabi/bin/../lib/gcc/arm-none-eabi/15.2.1/../../../../arm-none-eabi/lib/thumb/v6-m/nofp/libg.a(libc_a-mallocr.o) (__malloc_lock)
/Applications/ArmGNUToolchain/15.2.rel1/arm-none-eabi/bin/../lib/gcc/arm-none-eabi/15.2.1/../../../../arm-none-eabi/lib/thumb/v6-m/nofp/libg.a(libc_a-realloc.o)
                              CMakeFiles/air_quality.dir/Users/matteo/pico/pico-sdk/src/rp2_common/pico_malloc/malloc.c.o (realloc)
/Applications/ArmGNUToolchain/15.2.rel1/arm-none-eabi/bin/../lib/gcc/arm-none-eabi/15.2.1/../../../../arm-none-eabi/lib/thumb/v6-m/nofp/libg.a(libc_a-reallocr.o)
                              /Applications/ArmGNUToolchain/15.2.rel1/arm-none-eabi/bin/../lib/gcc/arm-none-eabi/15.2.1/../../../../arm-none-eabi/lib/thumb/v6-m/nofp/libg.a(libc_a-realloc.o) (_realloc_r)
/Applications/ArmGNUToolchain/15.2.rel1/arm-none-eabi/bin/../lib/gcc/arm-none-eabi/15.2.1/../../../../arm-none-eabi/lib/thumb/v6-m/nofp/libg.a(libc_a-strtol.o)
                              /Applications/ArmGNUToolchain/15.2.rel1/arm-none-eabi/bin/../lib/gcc/arm-none-eabi/15.2.1/../../../../arm-none-eabi/lib/thumb/v6-m/nofp/libg.a(libc_a-atoi.o) (_strtol_r)
/Applications/ArmGNUToolchain/15.2.rel1/arm-none-eabi/bin/../lib/gcc/arm-none-eabi/15.2.1/../../../../arm-none-eabi/lib/thumb/v6-m/nofp/libg.a(libc_a-memcmp.o)
                              CMakeFiles/air_quality.dir/Users/matteo/pico/pico-sdk/src/rp2_common/pico_atomic/atomic.c.o (memcmp)
[...]
Memory Configuration

Name             Origin             Length             Attributes
FLASH            0x10000000         0x00200000         xr
RAM              0x20000000         0x00040000         xrw
SCRATCH_X        0x20040000         0x00001000         xrw
SCRATCH_Y        0x20041000         0x00001000         xrw
*default*        0x00000000         0xffffffff

Linker script and memory map

LOAD /Applications/ArmGNUToolchain/15.2.rel1/arm-none-eabi/bin/../lib/gcc/arm-none-eabi/15.2.1/thumb/v6-m/nofp/crti.o
LOAD /Applications/ArmGNUToolchain/15.2.rel1/arm-none-eabi/bin/../lib/gcc/arm-none-eabi/15.2.1/thumb/v6-m/nofp/crtbegin.o
LOAD /Applications/ArmGNUToolchain/15.2.rel1/arm-none-eabi/bin/../lib/gcc/arm-none-eabi/15.2.1/../../../../arm-none-eabi/lib/thumb/v6-m/nofp/crt0.o

.flash_begin    0x10000000        0x0
                0x10000000                        __flash_binary_start = .

.boot2          0x10000000      0x100
                0x10000000                        __boot2_start__ = .
 *(.boot2)
 .boot2         0x10000000      0x100 pico-sdk/src/rp2040/boot_stage2/CMakeFiles/bs2_default_library.dir/bs2_default_padded_checksummed.S.o
                0x10000100                        __boot2_end__ = .
                0x00000001                        ASSERT (((__boot2_end__ - __boot2_start__) == 0x100), ERROR: Pico second stage bootloader must be 256 bytes in size)

.text           0x10000100    0x1ec40
                0x10000100                        __logical_binary_start = .
 *(.vectors)
 .vectors       0x10000100       0xd4 CMakeFiles/air_quality.dir/Users/matteo/pico/pico-sdk/src/rp2_common/pico_crt0/crt0.S.o
                0x10000100                __VECTOR_TABLE
                0x10000100                __vectors
                0x100001c0                isr_irq13
                0x100001c0                isr_irq27
                0x100001c0                isr_irq31
                0x100001c0                isr_irq5
                0x100001c0                isr_irq11
                0x100001c0                isr_irq23
                0x100001c0                isr_irq18
                0x100001c0                isr_irq28
                0x100001c0                isr_irq19
                0x100001c0                isr_irq0
                0x100001c0                isr_irq6
                0x100001c0                isr_irq9
                0x100001c0                __unhandled_user_irq
                0x100001c0                isr_irq29
                0x100001c0                isr_irq26
                0x100001c0                isr_irq3
                0x100001c0                isr_irq12
                0x100001c0                isr_irq30
                0x100001c0                isr_irq22
                0x100001c0                isr_irq17
                0x100001c0                isr_irq14
                0x100001c0                __vectors_end
                0x100001c0                __default_isrs_start
                0x100001c0                isr_irq2
                0x100001c0                isr_irq10
                0x100001c0                isr_irq8
                0x100001c0                isr_irq24
                0x100001c0                isr_irq1
                0x100001c0                isr_irq7
                0x100001c0                isr_irq21
                0x100001c0                isr_irq20
                0x100001c0                isr_irq15
                0x100001c0                isr_irq25
                0x100001c0                isr_irq4
                0x100001c0                isr_irq16
                0x100001c6                unhandled_user_irq_num_in_r0
                0x100001c8                isr_invalid
                0x100001ca                isr_nmi
                0x100001cc                isr_hardfault
                0x100001d4                __default_isrs_end
 *(.binary_info_header)
 .binary_info_header
                0x100001d4       0x14 CMakeFiles/air_quality.dir/Users/matteo/pico/pico-sdk/src/rp2_common/pico_crt0/crt0.S.o
                0x100001e8                        __binary_info_header_end = .
 *(.embedded_block)
                0x100001e8                        __embedded_block_end = .
 *(.reset)
 .reset         0x100001e8       0x9c CMakeFiles/air_quality.dir/Users/matteo/pico/pico-sdk/src/rp2_common/pico_crt0/crt0.S.o
                0x100001e8                _entry_point
 *(.init)
 .init          0x10000284        0x4 /Applications/ArmGNUToolchain/15.2.rel1/arm-none-eabi/bin/../lib/gcc/arm-none-eabi/15.2.1/thumb/v6-m/nofp/crti.o
                0x10000284                _init
 *(EXCLUDE_FILE(*libm.a: *libc.a:*lib_a-mem*.o *libgcc.a:) .text*)
 .text.register_tm_clones
                0x10000288       0x28 /Applications/ArmGNUToolchain/15.2.rel1/arm-none-eabi/bin/../lib/gcc/arm-none-eabi/15.2.1/thumb/v6-m/nofp/crtbegin.o
 .text.frame_dummy
                0x100002b0       0x24 /Applications/ArmGNUToolchain/15.2.rel1/arm-none-eabi/bin/../lib/gcc/arm-none-eabi/15.2.1/thumb/v6-m/nofp/crtbegin.o
 .text.vApplicationStackOverflowHook
                0x100002d4       0x1c CMakeFiles/air_quality.dir/src/main.c.o
                0x100002d4                vApplicationStackOverflowHook
 .text.startup.main
                0x100002f0       0x24 CMakeFiles/air_quality.dir/src/main.c.o
                0x100002f0                main
 .text.aht20_init
                0x10000314       0x54 CMakeFiles/air_quality.dir/src/sensors/aht20.c.o
                0x10000314                aht20_init
 .text.aht20_read
                0x10000368       0xb4 CMakeFiles/air_quality.dir/src/sensors/aht20.c.o
                0x10000368                aht20_read
 .text.i2c_ll_init
                0x1000041c       0xa8 CMakeFiles/air_quality.dir/src/sensors/i2c_ll.c.o
                0x1000041c                i2c_ll_init
 .text.i2c_ll_write
                0x100004c4       0x30 CMakeFiles/air_quality.dir/src/sensors/i2c_ll.c.o
                0x100004c4                i2c_ll_write
 .text.i2c_ll_read
                0x100004f4       0x44 CMakeFiles/air_quality.dir/src/sensors/i2c_ll.c.o
                0x100004f4                i2c_ll_read
 .text.mq_adc_init
                0x10000538       0x68 CMakeFiles/air_quality.dir/src/sensors/mq_adc.c.o
                0x10000538                mq_adc_init
 .text.mq_adc_read_raw
                0x100005a0       0x30 CMakeFiles/air_quality.dir/src/sensors/mq_adc.c.o
                0x100005a0                mq_adc_read_raw
 .text.mq_calc_rs_ohms
                0x100005d0       0x5c CMakeFiles/air_quality.dir/src/sensors/mq_adc.c.o
                0x100005d0                mq_calc_rs_ohms
 .text.mq_calc_ratio
                0x1000062c       0x24 CMakeFiles/air_quality.dir/src/sensors/mq_adc.c.o
                0x1000062c                mq_calc_ratio
 .text.mq_calc_ppm
                0x10000650       0x28 CMakeFiles/air_quality.dir/src/sensors/mq_adc.c.o
                0x10000650                mq_calc_ppm
 .text.mq7_heater_init
                0x10000678       0x2c CMakeFiles/air_quality.dir/src/sensors/mq7_heater.c.o
                0x10000678                mq7_heater_init
 .text.mq7_heater_set
                0x100006a4       0x1c CMakeFiles/air_quality.dir/src/sensors/mq7_heater.c.o
                0x100006a4                mq7_heater_set
 .text.mq7_heater_get
                0x100006c0        0xc CMakeFiles/air_quality.dir/src/sensors/mq7_heater.c.o
                0x100006c0                mq7_heater_get
 .text.movavg_init
                0x100006cc       0x14 CMakeFiles/air_quality.dir/src/processing/aq_filter.c.o
                0x100006cc                movavg_init
 .text.movavg_push
                0x100006e0       0x30 CMakeFiles/air_quality.dir/src/processing/aq_filter.c.o
                0x100006e0                movavg_push
 .text.eval_with_hyst
                0x10000710       0x48 CMakeFiles/air_quality.dir/src/processing/aq_filter.c.o
                0x10000710                eval_with_hyst
 .text.oled_draw_text
                0x10000758      0x3b4 CMakeFiles/air_quality.dir/src/display/oled.c.o
                0x10000758                oled_draw_text
 .text.oled_flush
                0x10000b0c       0x94 CMakeFiles/air_quality.dir/src/display/oled.c.o
                0x10000b0c                oled_flush
 .text.oled_init
                0x10000ba0      0x27c CMakeFiles/air_quality.dir/src/display/oled.c.o
                0x10000ba0                oled_init
 .text.oled_show_basic
                0x10000e1c       0xcc CMakeFiles/air_quality.dir/src/display/oled.c.o
                0x10000e1c                oled_show_basic
 .text.mqtt_incoming_publish_cb
                0x10000ee8       0x18 CMakeFiles/air_quality.dir/src/networking/mqtt_client.c.o
 .text.mqtt_publish_discovery
                0x10000f00      0x184 CMakeFiles/air_quality.dir/src/networking/mqtt_client.c.o
 .text.mqtt_connection_cb
                0x10001084       0x4c CMakeFiles/air_quality.dir/src/networking/mqtt_client.c.o
 .text.mqtt_incoming_data_cb
                0x100010d0       0x50 CMakeFiles/air_quality.dir/src/networking/mqtt_client.c.o
 .text.mqtt_client_init
                0x10001120       0xa8 CMakeFiles/air_quality.dir/src/networking/mqtt_client.c.o
                0x10001120                mqtt_client_init
 .text.mqtt_client_is_ready
                0x100011c8        0xc CMakeFiles/air_quality.dir/src/networking/mqtt_client.c.o
                0x100011c8                mqtt_client_is_ready
 .text.mqtt_client_set_cmd_callback
                0x100011d4        0xc CMakeFiles/air_quality.dir/src/networking/mqtt_client.c.o
                0x100011d4                mqtt_client_set_cmd_callback
 .text.mqtt_client_publish
                0x100011e0       0xa8 CMakeFiles/air_quality.dir/src/networking/mqtt_client.c.o
                0x100011e0                mqtt_client_publish
 .text.alarm0_irq_handler
                0x10001288       0x3c CMakeFiles/air_quality.dir/src/rtos/tasks.c.o
 .text.task_mqtt
                0x100012c4       0x48 CMakeFiles/air_quality.dir/src/rtos/tasks.c.o
 .text.mqtt_cmd_handler
                0x1000130c       0x3c CMakeFiles/air_quality.dir/src/rtos/tasks.c.o
 .text.task_acquisition
                0x10001348      0x314 CMakeFiles/air_quality.dir/src/rtos/tasks.c.o
 .text.tasks_init
                0x1000165c      0x214 CMakeFiles/air_quality.dir/src/rtos/tasks.c.o
                0x1000165c                tasks_init
 .text.tasks_start
                0x10001870        0x8 CMakeFiles/air_quality.dir/src/rtos/tasks.c.o
                0x10001870                tasks_start
 .text.calibration_store_load
                0x10001878       0x58 CMakeFiles/air_quality.dir/src/rtos/calibration_store.c.o
                0x10001878                calibration_store_load
 .text.calibration_store_save
                0x100018d0       0x60 CMakeFiles/air_quality.dir/src/rtos/calibration_store.c.o
                0x100018d0                calibration_store_save
 .text.gpio_set_function
                0x10001930       0x30 CMakeFiles/air_quality.dir/Users/matteo/pico/pico-sdk/src/rp2_common/hardware_gpio/gpio.c.o
                0x10001930                gpio_set_function
 .text.gpio_set_pulls
                0x10001960       0x24 CMakeFiles/air_quality.dir/Users/matteo/pico/pico-sdk/src/rp2_common/hardware_gpio/gpio.c.o
                0x10001960                gpio_set_pulls
 .text.gpio_set_input_hysteresis_enabled
                0x10001984       0x24 CMakeFiles/air_quality.dir/Users/matteo/pico/pico-sdk/src/rp2_common/hardware_gpio/gpio.c.o
                0x10001984                gpio_set_input_hysteresis_enabled
 .text.gpio_set_irq_enabled
                0x100019a8       0x54 CMakeFiles/air_quality.dir/Users/matteo/pico/pico-sdk/src/rp2_common/hardware_gpio/gpio.c.o
                0x100019a8                gpio_set_irq_enabled
 .text.gpio_add_raw_irq_handler_with_order_priority_masked
                0x100019fc       0x40 CMakeFiles/air_quality.dir/Users/matteo/pico/pico-sdk/src/rp2_common/hardware_gpio/gpio.c.o
                0x100019fc                gpio_add_raw_irq_handler_with_order_priority_masked
 .text.gpio_remove_raw_irq_handler_masked
                0x10001a3c       0x20 CMakeFiles/air_quality.dir/Users/matteo/pico/pico-sdk/src/rp2_common/hardware_gpio/gpio.c.o
                0x10001a3c                gpio_remove_raw_irq_handler_masked
 .text.gpio_init
                0x10001a5c       0x3c CMakeFiles/air_quality.dir/Users/matteo/pico/pico-sdk/src/rp2_common/hardware_gpio/gpio.c.o
                0x10001a5c                gpio_init
 .text.rp2040_chip_version
                0x10001a98        0xc CMakeFiles/air_quality.dir/Users/matteo/pico/pico-sdk/src/rp2040/pico_platform/platform.c.o
                0x10001a98                rp2040_chip_version
 .text.panic    0x10001aa4       0x30 CMakeFiles/air_quality.dir/Users/matteo/pico/pico-sdk/src/rp2_common/pico_platform_panic/panic.c.o
                0x10001aa4                panic
 .text.panic_unsupported
                0x10001ad4        0xc CMakeFiles/air_quality.dir/Users/matteo/pico/pico-sdk/src/rp2_common/pico_platform_panic/panic.c.o
                0x10001ad4                panic_unsupported
 .text.hw_claim_lock
                0x10001ae0       0x18 CMakeFiles/air_quality.dir/Users/matteo/pico/pico-sdk/src/common/hardware_claim/claim.c.o
                0x10001ae0                hw_claim_lock
 .text.hw_claim_unlock
                0x10001af8       0x14 CMakeFiles/air_quality.dir/Users/matteo/pico/pico-sdk/src/common/hardware_claim/claim.c.o
                0x10001af8                hw_claim_unlock
 .text.hw_claim_or_assert
                0x10001b0c       0x50 CMakeFiles/air_quality.dir/Users/matteo/pico/pico-sdk/src/common/hardware_claim/claim.c.o
                0x10001b0c                hw_claim_or_assert
 .text.hw_claim_unused_from_range
                0x10001b5c       0x88 CMakeFiles/air_quality.dir/Users/matteo/pico/pico-sdk/src/common/hardware_claim/claim.c.o
                0x10001b5c                hw_claim_unused_from_range
 .text.hw_claim_clear
                0x10001be4       0x40 CMakeFiles/air_quality.dir/Users/matteo/pico/pico-sdk/src/common/hardware_claim/claim.c.o
                0x10001be4                hw_claim_clear
 .text.next_striped_spin_lock_num
                0x10001c24       0x18 CMakeFiles/air_quality.dir/Users/matteo/pico/pico-sdk/src/rp2_common/hardware_sync/sync.c.o
                0x10001c24                next_striped_spin_lock_num
 .text.spin_lock_claim_unused
                0x10001c3c       0x20 CMakeFiles/air_quality.dir/Users/matteo/pico/pico-sdk/src/rp2_common/hardware_sync/sync.c.o
                0x10001c3c                spin_lock_claim_unused
 .text.spin_locks_reset
                0x10001c5c       0x1c CMakeFiles/air_quality.dir/Users/matteo/pico/pico-sdk/src/rp2_common/hardware_sync_spin_lock/sync_spin_lock.c.o
                0x10001c5c                spin_locks_reset
 .text.runtime_init_per_core_irq_priorities
                0x10001c78       0x48 CMakeFiles/air_quality.dir/Users/matteo/pico/pico-sdk/src/rp2_common/hardware_irq/irq.c.o
                0x10001c78                runtime_init_per_core_irq_priorities
 .text.irq_set_enabled
                0x10001cc0       0x24 CMakeFiles/air_quality.dir/Users/matteo/pico/pico-sdk/src/rp2_common/hardware_irq/irq.c.o
                0x10001cc0                irq_set_enabled
 .text.irq_is_enabled
                0x10001ce4       0x18 CMakeFiles/air_quality.dir/Users/matteo/pico/pico-sdk/src/rp2_common/hardware_irq/irq.c.o
                0x10001ce4                irq_is_enabled
 .text.irq_set_pending
                0x10001cfc       0x10 CMakeFiles/air_quality.dir/Users/matteo/pico/pico-sdk/src/rp2_common/hardware_irq/irq.c.o
                0x10001cfc                irq_set_pending
 .text.irq_has_shared_handler
                0x10001d0c       0x20 CMakeFiles/air_quality.dir/Users/matteo/pico/pico-sdk/src/rp2_common/hardware_irq/irq.c.o
                0x10001d0c                irq_has_shared_handler
 .text.irq_set_exclusive_handler
                0x10001d2c       0x54 CMakeFiles/air_quality.dir/Users/matteo/pico/pico-sdk/src/rp2_common/hardware_irq/irq.c.o
                0x10001d2c                irq_set_exclusive_handler
 .text.irq_add_shared_handler
                0x10001d80      0x1cc CMakeFiles/air_quality.dir/Users/matteo/pico/pico-sdk/src/rp2_common/hardware_irq/irq.c.o
                0x10001d80                irq_add_shared_handler
 .text.irq_remove_handler
                0x10001f4c      0x1c8 CMakeFiles/air_quality.dir/Users/matteo/pico/pico-sdk/src/rp2_common/hardware_irq/irq.c.o
                0x10001f4c                irq_remove_handler
 .text.irq_set_priority
                0x10002114       0x28 CMakeFiles/air_quality.dir/Users/matteo/pico/pico-sdk/src/rp2_common/hardware_irq/irq.c.o
                0x10002114                irq_set_priority
 .text.irq_add_tail_to_free_list
                0x1000213c       0xb4 CMakeFiles/air_quality.dir/Users/matteo/pico/pico-sdk/src/rp2_common/hardware_irq/irq.c.o
                0x1000213c                irq_add_tail_to_free_list
 .text.user_irq_claim_unused
                0x100021f0       0x28 CMakeFiles/air_quality.dir/Users/matteo/pico/pico-sdk/src/rp2_common/hardware_irq/irq.c.o
                0x100021f0                user_irq_claim_unused
 .text.lock_init
                0x10002218       0x10 CMakeFiles/air_quality.dir/Users/matteo/pico/pico-sdk/src/common/pico_sync/lock_core.c.o
                0x10002218                lock_init
 .text.runtime_init_mutex
                0x10002228       0x50 CMakeFiles/air_quality.dir/Users/matteo/pico/pico-sdk/src/common/pico_sync/mutex.c.o
                0x10002228                runtime_init_mutex
 .text.mutex_init
                0x10002278       0x1c CMakeFiles/air_quality.dir/Users/matteo/pico/pico-sdk/src/common/pico_sync/mutex.c.o
                0x10002278                mutex_init
 .text.critical_section_init
                0x10002294       0x1c CMakeFiles/air_quality.dir/Users/matteo/pico/pico-sdk/src/common/pico_sync/critical_section.c.o
                0x10002294                critical_section_init
 .text.critical_section_init_with_lock_num
                0x100022b0       0x14 CMakeFiles/air_quality.dir/Users/matteo/pico/pico-sdk/src/common/pico_sync/critical_section.c.o
                0x100022b0                critical_section_init_with_lock_num
 .text.sleep_until_callback
                0x100022c4       0x30 CMakeFiles/air_quality.dir/Users/matteo/pico/pico-sdk/src/common/pico_time/time.c.o
 .text.alarm_pool_irq_handler
                0x100022f4      0x2f4 CMakeFiles/air_quality.dir/Users/matteo/pico/pico-sdk/src/common/pico_time/time.c.o
 .text.runtime_init_default_alarm_pool
                0x100025e8       0xd8 CMakeFiles/air_quality.dir/Users/matteo/pico/pico-sdk/src/common/pico_time/time.c.o
                0x100025e8                runtime_init_default_alarm_pool
 .text.alarm_pool_get_default
                0x100026c0        0x8 CMakeFiles/air_quality.dir/Users/matteo/pico/pico-sdk/src/common/pico_time/time.c.o
                0x100026c0                alarm_pool_get_default
 .text.alarm_pool_add_alarm_at
                0x100026c8       0xcc CMakeFiles/air_quality.dir/Users/matteo/pico/pico-sdk/src/common/pico_time/time.c.o
                0x100026c8                alarm_pool_add_alarm_at
 .text.alarm_pool_add_alarm_at_force_in_context
                0x10002794       0xbc CMakeFiles/air_quality.dir/Users/matteo/pico/pico-sdk/src/common/pico_time/time.c.o
                0x10002794                alarm_pool_add_alarm_at_force_in_context
 .text.alarm_pool_cancel_alarm
                0x10002850       0x74 CMakeFiles/air_quality.dir/Users/matteo/pico/pico-sdk/src/common/pico_time/time.c.o
                0x10002850                alarm_pool_cancel_alarm
 .text.alarm_pool_core_num
                0x100028c4        0x4 CMakeFiles/air_quality.dir/Users/matteo/pico/pico-sdk/src/common/pico_time/time.c.o
                0x100028c4                alarm_pool_core_num
 .text.sleep_until
                0x100028c8       0xc8 CMakeFiles/air_quality.dir/Users/matteo/pico/pico-sdk/src/common/pico_time/time.c.o
                0x100028c8                sleep_until
 .text.sleep_ms
                0x10002990       0xfc CMakeFiles/air_quality.dir/Users/matteo/pico/pico-sdk/src/common/pico_time/time.c.o
                0x10002990                sleep_ms
 .text.best_effort_wfe_or_timeout
                0x10002a8c      0x100 CMakeFiles/air_quality.dir/Users/matteo/pico/pico-sdk/src/common/pico_time/time.c.o
                0x10002a8c                best_effort_wfe_or_timeout
 .text.timer_hardware_alarm_claim
                0x10002b8c       0x14 CMakeFiles/air_quality.dir/Users/matteo/pico/pico-sdk/src/rp2_common/hardware_timer/timer.c.o
                0x10002b8c                timer_hardware_alarm_claim
 .text.timer_time_us_64
                0x10002ba0       0x10 CMakeFiles/air_quality.dir/Users/matteo/pico/pico-sdk/src/rp2_common/hardware_timer/timer.c.o
                0x10002ba0                timer_time_us_64
 .text.time_us_64
                0x10002bb0       0x14 CMakeFiles/air_quality.dir/Users/matteo/pico/pico-sdk/src/rp2_common/hardware_timer/timer.c.o
                0x10002bb0                time_us_64
 .text.busy_wait_until
                0x10002bc4       0x20 CMakeFiles/air_quality.dir/Users/matteo/pico/pico-sdk/src/rp2_common/hardware_timer/timer.c.o
                0x10002bc4                busy_wait_until
 .text.clock_configure_int_divider
                0x10002be4       0xec CMakeFiles/air_quality.dir/Users/matteo/pico/pico-sdk/src/rp2_common/hardware_clocks/clocks.c.o
                0x10002be4                clock_configure_int_divider
 .text.clock_configure_undivided
                0x10002cd0       0xe0 CMakeFiles/air_quality.dir/Users/matteo/pico/pico-sdk/src/rp2_common/hardware_clocks/clocks.c.o
                0x10002cd0                clock_configure_undivided
 .text.clock_get_hz
                0x10002db0        0xc CMakeFiles/air_quality.dir/Users/matteo/pico/pico-sdk/src/rp2_common/hardware_clocks/clocks.c.o
                0x10002db0                clock_get_hz
 .text.pll_init
                0x10002dbc       0xb0 CMakeFiles/air_quality.dir/Users/matteo/pico/pico-sdk/src/rp2_common/hardware_pll/pll.c.o
                0x10002dbc                pll_init
 .text.watchdog_reboot
                0x10002e6c       0x9c CMakeFiles/air_quality.dir/Users/matteo/pico/pico-sdk/src/rp2_common/hardware_watchdog/watchdog.c.o
                0x10002e6c                watchdog_reboot
 .text.tick_start
                0x10002f08       0x10 CMakeFiles/air_quality.dir/Users/matteo/pico/pico-sdk/src/rp2_common/hardware_ticks/ticks.c.o
                0x10002f08                tick_start
 .text.rom_func_lookup
                0x10002f18       0x10 CMakeFiles/air_quality.dir/Users/matteo/pico/pico-sdk/src/rp2_common/pico_bootrom/bootrom.c.o
                0x10002f18                rom_func_lookup
 .text.rom_data_lookup
                0x10002f28       0x10 CMakeFiles/air_quality.dir/Users/matteo/pico/pico-sdk/src/rp2_common/pico_bootrom/bootrom.c.o
                0x10002f28                rom_data_lookup
 .text.rom_funcs_lookup
                0x10002f38       0x44 CMakeFiles/air_quality.dir/Users/matteo/pico/pico-sdk/src/rp2_common/pico_bootrom/bootrom.c.o
                0x10002f38                rom_funcs_lookup
 .text.rom_reset_usb_boot_extra
                0x10002f7c       0x24 CMakeFiles/air_quality.dir/Users/matteo/pico/pico-sdk/src/rp2_common/pico_bootrom/bootrom.c.o
                0x10002f7c                rom_reset_usb_boot_extra
 .text.xosc_init
                0x10002fa0       0x28 CMakeFiles/air_quality.dir/Users/matteo/pico/pico-sdk/src/rp2_common/hardware_xosc/xosc.c.o
                0x10002fa0                xosc_init
 .text.first_per_core_initializer
                0x10002fc8        0x4 CMakeFiles/air_quality.dir/Users/matteo/pico/pico-sdk/src/rp2_common/pico_runtime/runtime.c.o
 .text.hard_assertion_failure
                0x10002fcc        0xc CMakeFiles/air_quality.dir/Users/matteo/pico/pico-sdk/src/rp2_common/pico_runtime/runtime.c.o
                0x10002fcc                hard_assertion_failure
 .text.runtime_run_initializers
                0x10002fd8       0x28 CMakeFiles/air_quality.dir/Users/matteo/pico/pico-sdk/src/rp2_common/pico_runtime/runtime.c.o
                0x10002fd8                runtime_run_initializers
 .text.runtime_init_early_resets
                0x10003000       0x2c CMakeFiles/air_quality.dir/Users/matteo/pico/pico-sdk/src/rp2_common/pico_runtime_init/runtime_init.c.o
                0x10003000                runtime_init_early_resets
 .text.runtime_init_usb_power_down
                0x1000302c       0x1c CMakeFiles/air_quality.dir/Users/matteo/pico/pico-sdk/src/rp2_common/pico_runtime_init/runtime_init.c.o
                0x1000302c                runtime_init_usb_power_down
 .text.runtime_init_post_clock_resets
                0x10003048       0x20 CMakeFiles/air_quality.dir/Users/matteo/pico/pico-sdk/src/rp2_common/pico_runtime_init/runtime_init.c.o
                0x10003048                runtime_init_post_clock_resets
 .text.runtime_init_rp2040_gpio_ie_disable
                0x10003068       0x14 CMakeFiles/air_quality.dir/Users/matteo/pico/pico-sdk/src/rp2_common/pico_runtime_init/runtime_init.c.o
                0x10003068                runtime_init_rp2040_gpio_ie_disable
 .text.runtime_init_spin_locks_reset
                0x1000307c        0x8 CMakeFiles/air_quality.dir/Users/matteo/pico/pico-sdk/src/rp2_common/pico_runtime_init/runtime_init.c.o
                0x1000307c                runtime_init_spin_locks_reset
 .text.runtime_init_install_ram_vector_table
                0x10003084       0xb8 CMakeFiles/air_quality.dir/Users/matteo/pico/pico-sdk/src/rp2_common/pico_runtime_init/runtime_init.c.o
                0x10003084                runtime_init_install_ram_vector_table
 .text.runtime_init_clocks
                0x1000313c       0xd8 CMakeFiles/air_quality.dir/Users/matteo/pico/pico-sdk/src/rp2_common/pico_runtime_init/runtime_init_clocks.c.o
                0x1000313c                runtime_init_clocks
 .text          0x10003214       0x10 CMakeFiles/air_quality.dir/Users/matteo/pico/pico-sdk/src/rp2_common/pico_bit_ops/bit_ops_aeabi.S.o
 .text.ctzsi    0x10003224        0xc CMakeFiles/air_quality.dir/Users/matteo/pico/pico-sdk/src/rp2_common/pico_bit_ops/bit_ops_aeabi.S.o
                0x10003224                __wrap___ctzsi2
 .text.__wrap___aeabi_idiv
                0x10003230       0x50 CMakeFiles/air_quality.dir/Users/matteo/pico/pico-sdk/src/rp2_common/pico_divider/divider_hardware.S.o
                0x10003230                __wrap___aeabi_idivmod
                0x10003230                divmod_s32s32
                0x10003230                div_s32s32
                0x10003230                __wrap___aeabi_idiv
                0x10003238                divmod_s32s32_unsafe
                0x10003264                divmod_s32s32_savestate
 .text.__wrap___aeabi_uidiv
                0x10003280       0x4c CMakeFiles/air_quality.dir/Users/matteo/pico/pico-sdk/src/rp2_common/pico_divider/divider_hardware.S.o
                0x10003280                __wrap___aeabi_uidiv
                0x10003280                __wrap___aeabi_uidivmod
                0x10003280                div_u32u32
                0x10003280                divmod_u32u32
                0x10003288                divmod_u32u32_unsafe
                0x100032b0                divmod_u32u32_savestate
 .text.__wrap___aeabi_ldiv
                0x100032cc      0x424 CMakeFiles/air_quality.dir/Users/matteo/pico/pico-sdk/src/rp2_common/pico_divider/divider_hardware.S.o
                0x100032cc                __wrap___aeabi_ldivmod
                0x100032cc                div_s64s64
                0x100032cc                divmod_s64s64
                0x100032fc                divmod_u64u64
                0x100032fc                div_u64u64
                0x100032fc                __wrap___aeabi_uldivmod
                0x1000330c                divmod_u64u64_savestate
                0x1000332c                divmod_s64s64_unsafe
                0x100033b4                divmod_u64u64_unsafe
 .text.__wrap___aeabi_darithmetic
                0x100036f0       0x60 CMakeFiles/air_quality.dir/Users/matteo/pico/pico-sdk/src/rp2_common/pico_double/double_aeabi_rp2040.S.o
                0x100036f0                __wrap___aeabi_drsub
                0x100036f6                __wrap___aeabi_dsub
                0x10003700                __wrap___aeabi_dadd
                0x1000370a                __wrap___aeabi_ddiv
                0x1000373e                __wrap___aeabi_dmul
 .text.__wrap___aeabi_cdcmple
                0x10003750       0x6c CMakeFiles/air_quality.dir/Users/matteo/pico/pico-sdk/src/rp2_common/pico_double/double_aeabi_rp2040.S.o
                0x10003750                __wrap___aeabi_cdrcmple
                0x10003760                __wrap___aeabi_cdcmple
                0x10003760                __wrap___aeabi_cdcmpeq
 .text.__wrap___aeabi_dcmplt
                0x100037bc        0xc CMakeFiles/air_quality.dir/Users/matteo/pico/pico-sdk/src/rp2_common/pico_double/double_aeabi_rp2040.S.o
                0x100037bc                __wrap___aeabi_dcmplt
 .text.__wrap___aeabi_dcmple
                0x100037c8       0x10 CMakeFiles/air_quality.dir/Users/matteo/pico/pico-sdk/src/rp2_common/pico_double/double_aeabi_rp2040.S.o
                0x100037c8                __wrap___aeabi_dcmple
 .text.__wrap___aeabi_dcmpge
                0x100037d8       0x10 CMakeFiles/air_quality.dir/Users/matteo/pico/pico-sdk/src/rp2_common/pico_double/double_aeabi_rp2040.S.o
                0x100037d8                __wrap___aeabi_dcmpge
 .text.__wrap___aeabi_dcmpgt
                0x100037e8        0xa CMakeFiles/air_quality.dir/Users/matteo/pico/pico-sdk/src/rp2_common/pico_double/double_aeabi_rp2040.S.o
                0x100037e8                __wrap___aeabi_dcmpgt
 .text.__wrap___aeabi_dcmpun
                0x100037f2       0x18 CMakeFiles/air_quality.dir/Users/matteo/pico/pico-sdk/src/rp2_common/pico_double/double_aeabi_rp2040.S.o
                0x100037f2                __wrap___aeabi_dcmpun
 *fill*         0x1000380a        0x2 
 .text.__wrap___aeabi_i2d
                0x1000380c       0x38 CMakeFiles/air_quality.dir/Users/matteo/pico/pico-sdk/src/rp2_common/pico_double/double_aeabi_rp2040.S.o
                0x1000380c                __wrap___aeabi_ui2d
                0x1000380c                uint2double
                0x10003814                __wrap___aeabi_i2d
                0x10003814                int2double
 .text.__wrap___aeabi_d2iz
                0x10003844       0x48 CMakeFiles/air_quality.dir/Users/matteo/pico/pico-sdk/src/rp2_common/pico_double/double_aeabi_rp2040.S.o
                0x10003844                __wrap___aeabi_d2iz
                0x10003844                double2int_z
 .text.__wrap___aeabi_d2uiz
                0x1000388c       0x10 CMakeFiles/air_quality.dir/Users/matteo/pico/pico-sdk/src/rp2_common/pico_double/double_aeabi_rp2040.S.o
                0x1000388c                double2uint_z
                0x1000388c                double2uint
                0x1000388c                __wrap___aeabi_d2uiz
 .text.__wrap___aeabi_d2f
                0x1000389c       0x10 CMakeFiles/air_quality.dir/Users/matteo/pico/pico-sdk/src/rp2_common/pico_double/double_aeabi_rp2040.S.o
                0x1000389c                __wrap___aeabi_d2f
 .text.__wrap_exp
                0x100038ac       0x10 CMakeFiles/air_quality.dir/Users/matteo/pico/pico-sdk/src/rp2_common/pico_double/double_aeabi_rp2040.S.o
                0x100038ac                __wrap_exp
 .text.__wrap_log
                0x100038bc       0x10 CMakeFiles/air_quality.dir/Users/matteo/pico/pico-sdk/src/rp2_common/pico_double/double_aeabi_rp2040.S.o
                0x100038bc                __wrap_log
 .text.missing_double_func_shim
                0x100038cc        0xc CMakeFiles/air_quality.dir/Users/matteo/pico/pico-sdk/src/rp2_common/pico_double/double_init_rom_rp2040.c.o
 .text.__aeabi_double_init
                0x100038d8       0xa0 CMakeFiles/air_quality.dir/Users/matteo/pico/pico-sdk/src/rp2_common/pico_double/double_init_rom_rp2040.c.o
                0x100038d8                __aeabi_double_init
 .text.double_table_shim_on_use_helper
                0x10003978       0x2c CMakeFiles/air_quality.dir/Users/matteo/pico/pico-sdk/src/rp2_common/pico_double/double_v1_rom_shim_rp2040.S.o
                0x10003978                double_table_shim_on_use_helper
 .text.__aeabi_lmul
                0x100039a4       0x32 CMakeFiles/air_quality.dir/Users/matteo/pico/pico-sdk/src/rp2_common/pico_int64_ops/pico_int64_ops_aeabi.S.o
                0x100039a4                __wrap___aeabi_lmul
 *fill*         0x100039d6        0x2 
 .text.__wrap___aeabi_farithmetic
                0x100039d8       0x48 CMakeFiles/air_quality.dir/Users/matteo/pico/pico-sdk/src/rp2_common/pico_float/float_aeabi_rp2040.S.o
                0x100039d8                __wrap___aeabi_frsub
                0x100039de                __wrap___aeabi_fsub
                0x100039e4                __wrap___aeabi_fadd
                0x100039ea                __wrap___aeabi_fdiv
                0x10003a12                __wrap___aeabi_fmul
 .text.__wrap___aeabi_cfcmple
                0x10003a20       0x50 CMakeFiles/air_quality.dir/Users/matteo/pico/pico-sdk/src/rp2_common/pico_float/float_aeabi_rp2040.S.o
                0x10003a20                __wrap___aeabi_cfrcmple
                0x10003a2c                __wrap___aeabi_cfcmpeq
                0x10003a2c                __wrap___aeabi_cfcmple
 .text.__wrap___aeabi_fcmpeq
                0x10003a70       0x10 CMakeFiles/air_quality.dir/Users/matteo/pico/pico-sdk/src/rp2_common/pico_float/float_aeabi_rp2040.S.o
                0x10003a70                __wrap___aeabi_fcmpeq
 .text.__wrap___aeabi_fcmplt
                0x10003a80        0xc CMakeFiles/air_quality.dir/Users/matteo/pico/pico-sdk/src/rp2_common/pico_float/float_aeabi_rp2040.S.o
                0x10003a80                __wrap___aeabi_fcmplt
 .text.__wrap___aeabi_fcmple
                0x10003a8c       0x10 CMakeFiles/air_quality.dir/Users/matteo/pico/pico-sdk/src/rp2_common/pico_float/float_aeabi_rp2040.S.o
                0x10003a8c                __wrap___aeabi_fcmple
 .text.__wrap___aeabi_ui2f
                0x10003a9c        0xa CMakeFiles/air_quality.dir/Users/matteo/pico/pico-sdk/src/rp2_common/pico_float/float_aeabi_rp2040.S.o
                0x10003a9c                uint2float
                0x10003a9c                __wrap___aeabi_ui2f
 *fill*         0x10003aa6        0x2 
 .text.__wrap___aeabi_i2f
                0x10003aa8       0x44 CMakeFiles/air_quality.dir/Users/matteo/pico/pico-sdk/src/rp2_common/pico_float/float_aeabi_rp2040.S.o
                0x10003aa8                int2float
                0x10003aa8                __wrap___aeabi_i2f
 .text.__wrap___aeabi_f2iz
                0x10003aec       0x4e CMakeFiles/air_quality.dir/Users/matteo/pico/pico-sdk/src/rp2_common/pico_float/float_aeabi_rp2040.S.o
                0x10003aec                __wrap___aeabi_f2iz
                0x10003aec                float2int_z
 *fill*         0x10003b3a        0x2 
 .text.float2int
                0x10003b3c        0xc CMakeFiles/air_quality.dir/Users/matteo/pico/pico-sdk/src/rp2_common/pico_float/float_aeabi_rp2040.S.o
                0x10003b3c                float2int
 .text.__wrap___aeabi_f2uiz
                0x10003b48        0xc CMakeFiles/air_quality.dir/Users/matteo/pico/pico-sdk/src/rp2_common/pico_float/float_aeabi_rp2040.S.o
                0x10003b48                float2uint
                0x10003b48                float2uint_z
                0x10003b48                __wrap___aeabi_f2uiz
 .text.__wrap___aeabi_f2d
                0x10003b54        0xc CMakeFiles/air_quality.dir/Users/matteo/pico/pico-sdk/src/rp2_common/pico_float/float_aeabi_rp2040.S.o
                0x10003b54                __wrap___aeabi_f2d
 .text.missing_float_func_shim
                0x10003b60        0xc CMakeFiles/air_quality.dir/Users/matteo/pico/pico-sdk/src/rp2_common/pico_float/float_init_rom_rp2040.c.o
 .text.__aeabi_float_init
                0x10003b6c       0x60 CMakeFiles/air_quality.dir/Users/matteo/pico/pico-sdk/src/rp2_common/pico_float/float_init_rom_rp2040.c.o
                0x10003b6c                __aeabi_float_init
 .text.fpow_int2
                0x10003bcc       0xd8 CMakeFiles/air_quality.dir/Users/matteo/pico/pico-sdk/src/rp2_common/pico_float/float_math.c.o
 .text.fpow_0   0x10003ca4       0xf8 CMakeFiles/air_quality.dir/Users/matteo/pico/pico-sdk/src/rp2_common/pico_float/float_math.c.o
 .text.__wrap_powf
                0x10003d9c      0x198 CMakeFiles/air_quality.dir/Users/matteo/pico/pico-sdk/src/rp2_common/pico_float/float_math.c.o
                0x10003d9c                __wrap_powf
 .text          0x10003f34       0x10 CMakeFiles/air_quality.dir/Users/matteo/pico/pico-sdk/src/rp2_common/pico_mem_ops/mem_ops_aeabi.S.o
                0x10003f34                __aeabi_mem_init
 .text.memset   0x10003f44        0xc CMakeFiles/air_quality.dir/Users/matteo/pico/pico-sdk/src/rp2_common/pico_mem_ops/mem_ops_aeabi.S.o
                0x10003f44                __wrap_memset
 .text.memcpy   0x10003f50        0xc CMakeFiles/air_quality.dir/Users/matteo/pico/pico-sdk/src/rp2_common/pico_mem_ops/mem_ops_aeabi.S.o
                0x10003f50                __wrap___aeabi_memcpy
                0x10003f50                __wrap_memcpy
 .text._out_buffer
                0x10003f5c        0x8 CMakeFiles/air_quality.dir/Users/matteo/pico/pico-sdk/src/rp2_common/pico_printf/printf.c.o
 .text._out_null
                0x10003f64        0x4 CMakeFiles/air_quality.dir/Users/matteo/pico/pico-sdk/src/rp2_common/pico_printf/printf.c.o
 .text._out_rev
                0x10003f68       0xa8 CMakeFiles/air_quality.dir/Users/matteo/pico/pico-sdk/src/rp2_common/pico_printf/printf.c.o
 .text._ntoa_format
                0x10004010      0x1d8 CMakeFiles/air_quality.dir/Users/matteo/pico/pico-sdk/src/rp2_common/pico_printf/printf.c.o
 .text._out_char
                0x100041e8       0x10 CMakeFiles/air_quality.dir/Users/matteo/pico/pico-sdk/src/rp2_common/pico_printf/printf.c.o
 .text._out_fct
                0x100041f8       0x10 CMakeFiles/air_quality.dir/Users/matteo/pico/pico-sdk/src/rp2_common/pico_printf/printf.c.o
 .text._ftoa    0x10004208      0x474 CMakeFiles/air_quality.dir/Users/matteo/pico/pico-sdk/src/rp2_common/pico_printf/printf.c.o
 .text._etoa    0x1000467c      0x560 CMakeFiles/air_quality.dir/Users/matteo/pico/pico-sdk/src/rp2_common/pico_printf/printf.c.o
 .text._vsnprintf
                0x10004bdc      0xab8 CMakeFiles/air_quality.dir/Users/matteo/pico/pico-sdk/src/rp2_common/pico_printf/printf.c.o
 .text.__wrap_snprintf
                0x10005694       0x28 CMakeFiles/air_quality.dir/Users/matteo/pico/pico-sdk/src/rp2_common/pico_printf/printf.c.o
                0x10005694                __wrap_snprintf
 .text.vfctprintf
                0x100056bc       0x20 CMakeFiles/air_quality.dir/Users/matteo/pico/pico-sdk/src/rp2_common/pico_printf/printf.c.o
                0x100056bc                vfctprintf
 .text.weak_raw_vprintf
                0x100056dc       0x30 CMakeFiles/air_quality.dir/Users/matteo/pico/pico-sdk/src/rp2_common/pico_printf/printf.c.o
                0x100056dc                weak_raw_vprintf
 .text._exit    0x1000570c        0x4 CMakeFiles/air_quality.dir/Users/matteo/pico/pico-sdk/src/rp2_common/pico_clib_interface/newlib_interface.c.o
                0x1000570c                _exit
 .text.exit     0x10005710        0x8 CMakeFiles/air_quality.dir/Users/matteo/pico/pico-sdk/src/rp2_common/pico_clib_interface/newlib_interface.c.o
                0x10005710                exit
 .text.runtime_init
                0x10005718       0x2c CMakeFiles/air_quality.dir/Users/matteo/pico/pico-sdk/src/rp2_common/pico_clib_interface/newlib_interface.c.o
                0x10005718                runtime_init
 .text.stdio_out_chars_no_crlf
                0x10005744       0x10 CMakeFiles/air_quality.dir/Users/matteo/pico/pico-sdk/src/rp2_common/pico_stdio/stdio.c.o
 .text.stdio_out_chars_crlf
                0x10005754       0x90 CMakeFiles/air_quality.dir/Users/matteo/pico/pico-sdk/src/rp2_common/pico_stdio/stdio.c.o
 .text.stdio_buffered_printer
                0x100057e4       0x64 CMakeFiles/air_quality.dir/Users/matteo/pico/pico-sdk/src/rp2_common/pico_stdio/stdio.c.o
 .text.stdio_put_string
                0x10005848       0xf4 CMakeFiles/air_quality.dir/Users/matteo/pico/pico-sdk/src/rp2_common/pico_stdio/stdio.c.o
                0x10005848                stdio_put_string
 .text.stdio_set_driver_enabled
                0x1000593c       0x30 CMakeFiles/air_quality.dir/Users/matteo/pico/pico-sdk/src/rp2_common/pico_stdio/stdio.c.o
                0x1000593c                stdio_set_driver_enabled
 .text.stdio_init_all
                0x1000596c        0x8 CMakeFiles/air_quality.dir/Users/matteo/pico/pico-sdk/src/rp2_common/pico_stdio/stdio.c.o
                0x1000596c                stdio_init_all
 .text.__wrap_putchar
                0x10005974       0x94 CMakeFiles/air_quality.dir/Users/matteo/pico/pico-sdk/src/rp2_common/pico_stdio/stdio.c.o
                0x10005974                stdio_putchar
                0x10005974                __wrap_putchar
 .text.__wrap_puts
                0x10005a08       0x3c CMakeFiles/air_quality.dir/Users/matteo/pico/pico-sdk/src/rp2_common/pico_stdio/stdio.c.o
                0x10005a08                __wrap_puts
                0x10005a08                stdio_puts
 .text.__wrap_vprintf
                0x10005a44       0xc8 CMakeFiles/air_quality.dir/Users/matteo/pico/pico-sdk/src/rp2_common/pico_stdio/stdio.c.o
                0x10005a44                __wrap_vprintf
                0x10005a44                stdio_vprintf
 .text.__wrap_printf
                0x10005b0c       0x18 CMakeFiles/air_quality.dir/Users/matteo/pico/pico-sdk/src/rp2_common/pico_stdio/stdio.c.o
                0x10005b0c                stdio_printf
                0x10005b0c                __wrap_printf
 .text.resetd_init
                0x10005b24        0x4 CMakeFiles/air_quality.dir/Users/matteo/pico/pico-sdk/src/rp2_common/pico_stdio_usb/reset_interface.c.o
 .text.resetd_reset
                0x10005b28        0xc CMakeFiles/air_quality.dir/Users/matteo/pico/pico-sdk/src/rp2_common/pico_stdio_usb/reset_interface.c.o
 .text.resetd_open
                0x10005b34       0x28 CMakeFiles/air_quality.dir/Users/matteo/pico/pico-sdk/src/rp2_common/pico_stdio_usb/reset_interface.c.o
 .text.resetd_xfer_cb
                0x10005b5c        0x4 CMakeFiles/air_quality.dir/Users/matteo/pico/pico-sdk/src/rp2_common/pico_stdio_usb/reset_interface.c.o
 .text.resetd_control_xfer_cb
                0x10005b60       0x54 CMakeFiles/air_quality.dir/Users/matteo/pico/pico-sdk/src/rp2_common/pico_stdio_usb/reset_interface.c.o
 .text.tud_descriptor_bos_cb
                0x10005bb4        0x8 CMakeFiles/air_quality.dir/Users/matteo/pico/pico-sdk/src/rp2_common/pico_stdio_usb/reset_interface.c.o
                0x10005bb4                tud_descriptor_bos_cb
 .text.tud_vendor_control_xfer_cb
                0x10005bbc       0x38 CMakeFiles/air_quality.dir/Users/matteo/pico/pico-sdk/src/rp2_common/pico_stdio_usb/reset_interface.c.o
                0x10005bbc                tud_vendor_control_xfer_cb
 .text.usbd_app_driver_get_cb
                0x10005bf4        0xc CMakeFiles/air_quality.dir/Users/matteo/pico/pico-sdk/src/rp2_common/pico_stdio_usb/reset_interface.c.o
                0x10005bf4                usbd_app_driver_get_cb
 .text.tud_cdc_line_coding_cb
                0x10005c00       0x2c CMakeFiles/air_quality.dir/Users/matteo/pico/pico-sdk/src/rp2_common/pico_stdio_usb/reset_interface.c.o
                0x10005c00                tud_cdc_line_coding_cb
 .text.stdio_usb_set_chars_available_callback
                0x10005c2c       0x14 CMakeFiles/air_quality.dir/Users/matteo/pico/pico-sdk/src/rp2_common/pico_stdio_usb/stdio_usb.c.o
                0x10005c2c                stdio_usb_set_chars_available_callback
 .text.usb_irq  0x10005c40       0x10 CMakeFiles/air_quality.dir/Users/matteo/pico/pico-sdk/src/rp2_common/pico_stdio_usb/stdio_usb.c.o
 .text.timer_task
                0x10005c50       0x64 CMakeFiles/air_quality.dir/Users/matteo/pico/pico-sdk/src/rp2_common/pico_stdio_usb/stdio_usb.c.o
 .text.stdio_usb_in_chars
                0x10005cb4       0x8c CMakeFiles/air_quality.dir/Users/matteo/pico/pico-sdk/src/rp2_common/pico_stdio_usb/stdio_usb.c.o
                0x10005cb4                stdio_usb_in_chars
 .text.stdio_usb_out_flush
                0x10005d40       0x4c CMakeFiles/air_quality.dir/Users/matteo/pico/pico-sdk/src/rp2_common/pico_stdio_usb/stdio_usb.c.o
 .text.stdio_usb_out_chars
                0x10005d8c       0xf8 CMakeFiles/air_quality.dir/Users/matteo/pico/pico-sdk/src/rp2_common/pico_stdio_usb/stdio_usb.c.o
 .text.low_priority_worker_irq
                0x10005e84       0xc4 CMakeFiles/air_quality.dir/Users/matteo/pico/pico-sdk/src/rp2_common/pico_stdio_usb/stdio_usb.c.o
 .text.stdio_usb_init
                0x10005f48       0xe4 CMakeFiles/air_quality.dir/Users/matteo/pico/pico-sdk/src/rp2_common/pico_stdio_usb/stdio_usb.c.o
                0x10005f48                stdio_usb_init
 .text.tud_descriptor_device_cb
                0x1000602c        0x8 CMakeFiles/air_quality.dir/Users/matteo/pico/pico-sdk/src/rp2_common/pico_stdio_usb/stdio_usb_descriptors.c.o
                0x1000602c                tud_descriptor_device_cb
 .text.tud_descriptor_configuration_cb
                0x10006034        0x8 CMakeFiles/air_quality.dir/Users/matteo/pico/pico-sdk/src/rp2_common/pico_stdio_usb/stdio_usb_descriptors.c.o
                0x10006034                tud_descriptor_configuration_cb
 .text.tud_descriptor_string_cb
                0x1000603c       0x70 CMakeFiles/air_quality.dir/Users/matteo/pico/pico-sdk/src/rp2_common/pico_stdio_usb/stdio_usb_descriptors.c.o
                0x1000603c                tud_descriptor_string_cb
 .text.startup._retrieve_unique_id_on_boot
                0x100060ac       0x10 CMakeFiles/air_quality.dir/Users/matteo/pico/pico-sdk/src/rp2_common/pico_unique_id/unique_id.c.o
 .text.pico_get_unique_board_id
                0x100060bc       0x10 CMakeFiles/air_quality.dir/Users/matteo/pico/pico-sdk/src/rp2_common/pico_unique_id/unique_id.c.o
                0x100060bc                pico_get_unique_board_id
 .text.pico_get_unique_board_id_string
                0x100060cc      0x1e0 CMakeFiles/air_quality.dir/Users/matteo/pico/pico-sdk/src/rp2_common/pico_unique_id/unique_id.c.o
                0x100060cc                pico_get_unique_board_id_string
 .text.flash_get_unique_id
                0x100062ac       0x3c CMakeFiles/air_quality.dir/Users/matteo/pico/pico-sdk/src/rp2_common/hardware_flash/flash.c.o
                0x100062ac                flash_get_unique_id
 .text.dcd_init
                0x100062e8       0x90 CMakeFiles/air_quality.dir/Users/matteo/pico/pico-sdk/lib/tinyusb/src/portable/raspberrypi/rp2040/dcd_rp2040.c.o
                0x100062e8                dcd_init
 .text.dcd_int_enable
                0x10006378        0xc CMakeFiles/air_quality.dir/Users/matteo/pico/pico-sdk/lib/tinyusb/src/portable/raspberrypi/rp2040/dcd_rp2040.c.o
                0x10006378                dcd_int_enable
 .text.dcd_set_address
                0x10006384       0x14 CMakeFiles/air_quality.dir/Users/matteo/pico/pico-sdk/lib/tinyusb/src/portable/raspberrypi/rp2040/dcd_rp2040.c.o
                0x10006384                dcd_set_address
 .text.dcd_sof_enable
                0x10006398       0x1c CMakeFiles/air_quality.dir/Users/matteo/pico/pico-sdk/lib/tinyusb/src/portable/raspberrypi/rp2040/dcd_rp2040.c.o
                0x10006398                dcd_sof_enable
 .text.dcd_edpt0_status_complete
                0x100063b4       0x1c CMakeFiles/air_quality.dir/Users/matteo/pico/pico-sdk/lib/tinyusb/src/portable/raspberrypi/rp2040/dcd_rp2040.c.o
                0x100063b4                dcd_edpt0_status_complete
 .text.dcd_edpt_open
                0x100063d0      0x114 CMakeFiles/air_quality.dir/Users/matteo/pico/pico-sdk/lib/tinyusb/src/portable/raspberrypi/rp2040/dcd_rp2040.c.o
                0x100063d0                dcd_edpt_open
 .text.dcd_edpt_close_all
                0x100064e4        0x8 CMakeFiles/air_quality.dir/Users/matteo/pico/pico-sdk/lib/tinyusb/src/portable/raspberrypi/rp2040/dcd_rp2040.c.o
                0x100064e4                dcd_edpt_close_all
 .text.dcd_edpt_xfer
                0x100064ec       0x24 CMakeFiles/air_quality.dir/Users/matteo/pico/pico-sdk/lib/tinyusb/src/portable/raspberrypi/rp2040/dcd_rp2040.c.o
                0x100064ec                dcd_edpt_xfer
 .text.dcd_edpt_stall
                0x10006510       0x3c CMakeFiles/air_quality.dir/Users/matteo/pico/pico-sdk/lib/tinyusb/src/portable/raspberrypi/rp2040/dcd_rp2040.c.o
                0x10006510                dcd_edpt_stall
 .text.dcd_edpt_clear_stall
                0x1000654c       0x30 CMakeFiles/air_quality.dir/Users/matteo/pico/pico-sdk/lib/tinyusb/src/portable/raspberrypi/rp2040/dcd_rp2040.c.o
                0x1000654c                dcd_edpt_clear_stall
 .text.rp2040_usb_init
                0x1000657c       0x40 CMakeFiles/air_quality.dir/Users/matteo/pico/pico-sdk/lib/tinyusb/src/portable/raspberrypi/rp2040/rp2040_usb.c.o
                0x1000657c                rp2040_usb_init
 .text.hw_endpoint_xfer_start
                0x100065bc       0x40 CMakeFiles/air_quality.dir/Users/matteo/pico/pico-sdk/lib/tinyusb/src/portable/raspberrypi/rp2040/rp2040_usb.c.o
                0x100065bc                hw_endpoint_xfer_start
 .text.tud_event_hook_cb
                0x100065fc        0x4 CMakeFiles/air_quality.dir/Users/matteo/pico/pico-sdk/lib/tinyusb/src/device/usbd.c.o
                0x100065fc                tud_event_hook_cb
 .text.tud_sof_cb
                0x10006600        0x4 CMakeFiles/air_quality.dir/Users/matteo/pico/pico-sdk/lib/tinyusb/src/device/usbd.c.o
                0x10006600                tud_sof_cb
 .text.tud_descriptor_device_qualifier_cb
                0x10006604        0x4 CMakeFiles/air_quality.dir/Users/matteo/pico/pico-sdk/lib/tinyusb/src/device/usbd.c.o
                0x10006604                tud_descriptor_device_qualifier_cb
 .text.tud_descriptor_other_speed_configuration_cb
                0x10006608        0x4 CMakeFiles/air_quality.dir/Users/matteo/pico/pico-sdk/lib/tinyusb/src/device/usbd.c.o
                0x10006608                tud_descriptor_other_speed_configuration_cb
 .text.tud_mount_cb
                0x1000660c        0x4 CMakeFiles/air_quality.dir/Users/matteo/pico/pico-sdk/lib/tinyusb/src/device/usbd.c.o
                0x1000660c                tud_mount_cb
 .text.tud_umount_cb
                0x10006610        0x4 CMakeFiles/air_quality.dir/Users/matteo/pico/pico-sdk/lib/tinyusb/src/device/usbd.c.o
                0x10006610                tud_umount_cb
 .text.tud_suspend_cb
                0x10006614        0x4 CMakeFiles/air_quality.dir/Users/matteo/pico/pico-sdk/lib/tinyusb/src/device/usbd.c.o
                0x10006614                tud_suspend_cb
 .text.tud_resume_cb
                0x10006618        0x4 CMakeFiles/air_quality.dir/Users/matteo/pico/pico-sdk/lib/tinyusb/src/device/usbd.c.o
                0x10006618                tud_resume_cb
 .text.tud_mounted
                0x1000661c       0x10 CMakeFiles/air_quality.dir/Users/matteo/pico/pico-sdk/lib/tinyusb/src/device/usbd.c.o
                0x1000661c                tud_mounted
 .text.tud_suspended
                0x1000662c       0x10 CMakeFiles/air_quality.dir/Users/matteo/pico/pico-sdk/lib/tinyusb/src/device/usbd.c.o
                0x1000662c                tud_suspended
 .text.tud_rhport_init
                0x1000663c       0xf0 CMakeFiles/air_quality.dir/Users/matteo/pico/pico-sdk/lib/tinyusb/src/device/usbd.c.o
                0x1000663c                tud_rhport_init
 .text.tud_task_ext
                0x1000672c      0x7fc CMakeFiles/air_quality.dir/Users/matteo/pico/pico-sdk/lib/tinyusb/src/device/usbd.c.o
                0x1000672c                tud_task_ext
 .text.usbd_open_edpt_pair
                0x10006f28       0x98 CMakeFiles/air_quality.dir/Users/matteo/pico/pico-sdk/lib/tinyusb/src/device/usbd.c.o
                0x10006f28                usbd_open_edpt_pair
 .text.usbd_edpt_open
                0x10006fc0       0x34 CMakeFiles/air_quality.dir/Users/matteo/pico/pico-sdk/lib/tinyusb/src/device/usbd.c.o
                0x10006fc0                usbd_edpt_open
 .text.usbd_edpt_claim
                0x10006ff4       0x28 CMakeFiles/air_quality.dir/Users/matteo/pico/pico-sdk/lib/tinyusb/src/device/usbd.c.o
                0x10006ff4                usbd_edpt_claim
 .text.usbd_edpt_release
                0x1000701c       0x28 CMakeFiles/air_quality.dir/Users/matteo/pico/pico-sdk/lib/tinyusb/src/device/usbd.c.o
                0x1000701c                usbd_edpt_release
 .text.usbd_edpt_xfer
                0x10007044       0x50 CMakeFiles/air_quality.dir/Users/matteo/pico/pico-sdk/lib/tinyusb/src/device/usbd.c.o
                0x10007044                usbd_edpt_xfer
 .text.tud_control_status
                0x10007094       0x2c CMakeFiles/air_quality.dir/Users/matteo/pico/pico-sdk/lib/tinyusb/src/device/usbd_control.c.o
                0x10007094                tud_control_status
 .text.tud_control_xfer
                0x100070c0       0xa0 CMakeFiles/air_quality.dir/Users/matteo/pico/pico-sdk/lib/tinyusb/src/device/usbd_control.c.o
                0x100070c0                tud_control_xfer
 .text.usbd_control_reset
                0x10007160       0x14 CMakeFiles/air_quality.dir/Users/matteo/pico/pico-sdk/lib/tinyusb/src/device/usbd_control.c.o
                0x10007160                usbd_control_reset
 .text.usbd_control_set_complete_callback
                0x10007174        0xc CMakeFiles/air_quality.dir/Users/matteo/pico/pico-sdk/lib/tinyusb/src/device/usbd_control.c.o
                0x10007174                usbd_control_set_complete_callback
 .text.usbd_control_set_request
                0x10007180       0x1c CMakeFiles/air_quality.dir/Users/matteo/pico/pico-sdk/lib/tinyusb/src/device/usbd_control.c.o
                0x10007180                usbd_control_set_request
 .text.usbd_control_xfer_cb
                0x1000719c       0xe8 CMakeFiles/air_quality.dir/Users/matteo/pico/pico-sdk/lib/tinyusb/src/device/usbd_control.c.o
                0x1000719c                usbd_control_xfer_cb
 .text._prep_out_transaction.isra.0
                0x10007284       0x6c CMakeFiles/air_quality.dir/Users/matteo/pico/pico-sdk/lib/tinyusb/src/class/cdc/cdc_device.c.o
 .text.tud_cdc_n_connected
                0x100072f0       0x2c CMakeFiles/air_quality.dir/Users/matteo/pico/pico-sdk/lib/tinyusb/src/class/cdc/cdc_device.c.o
                0x100072f0                tud_cdc_n_connected
 .text.tud_cdc_n_available
                0x1000731c       0x14 CMakeFiles/air_quality.dir/Users/matteo/pico/pico-sdk/lib/tinyusb/src/class/cdc/cdc_device.c.o
                0x1000731c                tud_cdc_n_available
 .text.tud_cdc_n_read
                0x10007330       0x88 CMakeFiles/air_quality.dir/Users/matteo/pico/pico-sdk/lib/tinyusb/src/class/cdc/cdc_device.c.o
                0x10007330                tud_cdc_n_read
 .text.tud_cdc_n_write_flush
                0x100073b8       0x78 CMakeFiles/air_quality.dir/Users/matteo/pico/pico-sdk/lib/tinyusb/src/class/cdc/cdc_device.c.o
                0x100073b8                tud_cdc_n_write_flush
 .text.tud_cdc_n_write
                0x10007430       0x40 CMakeFiles/air_quality.dir/Users/matteo/pico/pico-sdk/lib/tinyusb/src/class/cdc/cdc_device.c.o
                0x10007430                tud_cdc_n_write
 .text.tud_cdc_n_write_available
                0x10007470       0x14 CMakeFiles/air_quality.dir/Users/matteo/pico/pico-sdk/lib/tinyusb/src/class/cdc/cdc_device.c.o
                0x10007470                tud_cdc_n_write_available
 .text.cdcd_init
                0x10007484       0x70 CMakeFiles/air_quality.dir/Users/matteo/pico/pico-sdk/lib/tinyusb/src/class/cdc/cdc_device.c.o
                0x10007484                cdcd_init
 .text.cdcd_deinit
                0x100074f4       0x30 CMakeFiles/air_quality.dir/Users/matteo/pico/pico-sdk/lib/tinyusb/src/class/cdc/cdc_device.c.o
                0x100074f4                cdcd_deinit
 .text.cdcd_reset
                0x10007524       0x48 CMakeFiles/air_quality.dir/Users/matteo/pico/pico-sdk/lib/tinyusb/src/class/cdc/cdc_device.c.o
                0x10007524                cdcd_reset
 .text.cdcd_open
                0x1000756c       0xa8 CMakeFiles/air_quality.dir/Users/matteo/pico/pico-sdk/lib/tinyusb/src/class/cdc/cdc_device.c.o
                0x1000756c                cdcd_open
 .text.cdcd_control_xfer_cb
                0x10007614       0xf0 CMakeFiles/air_quality.dir/Users/matteo/pico/pico-sdk/lib/tinyusb/src/class/cdc/cdc_device.c.o
                0x10007614                cdcd_control_xfer_cb
 .text.cdcd_xfer_cb
                0x10007704       0xf8 CMakeFiles/air_quality.dir/Users/matteo/pico/pico-sdk/lib/tinyusb/src/class/cdc/cdc_device.c.o
                0x10007704                cdcd_xfer_cb
 .text.vendord_init
                0x100077fc       0x5c CMakeFiles/air_quality.dir/Users/matteo/pico/pico-sdk/lib/tinyusb/src/class/vendor/vendor_device.c.o
                0x100077fc                vendord_init
 .text.vendord_deinit
                0x10007858       0x1c CMakeFiles/air_quality.dir/Users/matteo/pico/pico-sdk/lib/tinyusb/src/class/vendor/vendor_device.c.o
                0x10007858                vendord_deinit
 .text.vendord_reset
                0x10007874       0x28 CMakeFiles/air_quality.dir/Users/matteo/pico/pico-sdk/lib/tinyusb/src/class/vendor/vendor_device.c.o
                0x10007874                vendord_reset
 .text.vendord_open
                0x1000789c      0x104 CMakeFiles/air_quality.dir/Users/matteo/pico/pico-sdk/lib/tinyusb/src/class/vendor/vendor_device.c.o
                0x1000789c                vendord_open
 .text.vendord_xfer_cb
                0x100079a0       0xa0 CMakeFiles/air_quality.dir/Users/matteo/pico/pico-sdk/lib/tinyusb/src/class/vendor/vendor_device.c.o
                0x100079a0                vendord_xfer_cb
 .text.tusb_rhport_init
                0x10007a40       0x4c CMakeFiles/air_quality.dir/Users/matteo/pico/pico-sdk/lib/tinyusb/src/tusb.c.o
                0x10007a40                tusb_rhport_init
 .text.tu_edpt_claim
                0x10007a8c       0x50 CMakeFiles/air_quality.dir/Users/matteo/pico/pico-sdk/lib/tinyusb/src/tusb.c.o
                0x10007a8c                tu_edpt_claim
 .text.tu_edpt_release
                0x10007adc       0x38 CMakeFiles/air_quality.dir/Users/matteo/pico/pico-sdk/lib/tinyusb/src/tusb.c.o
                0x10007adc                tu_edpt_release
 .text.tu_edpt_validate
                0x10007b14       0x74 CMakeFiles/air_quality.dir/Users/matteo/pico/pico-sdk/lib/tinyusb/src/tusb.c.o
                0x10007b14                tu_edpt_validate
 .text.tu_edpt_bind_driver
                0x10007b88       0x34 CMakeFiles/air_quality.dir/Users/matteo/pico/pico-sdk/lib/tinyusb/src/tusb.c.o
                0x10007b88                tu_edpt_bind_driver
 .text.tu_edpt_stream_init
                0x10007bbc       0x68 CMakeFiles/air_quality.dir/Users/matteo/pico/pico-sdk/lib/tinyusb/src/tusb.c.o
                0x10007bbc                tu_edpt_stream_init
 .text.tu_edpt_stream_deinit
                0x10007c24        0x4 CMakeFiles/air_quality.dir/Users/matteo/pico/pico-sdk/lib/tinyusb/src/tusb.c.o
                0x10007c24                tu_edpt_stream_deinit
 .text.tu_edpt_stream_write_zlp_if_needed
                0x10007c28       0x64 CMakeFiles/air_quality.dir/Users/matteo/pico/pico-sdk/lib/tinyusb/src/tusb.c.o
                0x10007c28                tu_edpt_stream_write_zlp_if_needed
 .text.tu_edpt_stream_write_xfer
                0x10007c8c       0x6c CMakeFiles/air_quality.dir/Users/matteo/pico/pico-sdk/lib/tinyusb/src/tusb.c.o
                0x10007c8c                tu_edpt_stream_write_xfer
 .text.tu_edpt_stream_read_xfer
                0x10007cf8       0xd8 CMakeFiles/air_quality.dir/Users/matteo/pico/pico-sdk/lib/tinyusb/src/tusb.c.o
                0x10007cf8                tu_edpt_stream_read_xfer
 .text.tu_fifo_config
                0x10007dd0       0x6c CMakeFiles/air_quality.dir/Users/matteo/pico/pico-sdk/lib/tinyusb/src/common/tusb_fifo.c.o
                0x10007dd0                tu_fifo_config
 .text.tu_fifo_count
                0x10007e3c       0x2c CMakeFiles/air_quality.dir/Users/matteo/pico/pico-sdk/lib/tinyusb/src/common/tusb_fifo.c.o
                0x10007e3c                tu_fifo_count
 .text.tu_fifo_empty
                0x10007e68       0x10 CMakeFiles/air_quality.dir/Users/matteo/pico/pico-sdk/lib/tinyusb/src/common/tusb_fifo.c.o
                0x10007e68                tu_fifo_empty
 .text.tu_fifo_remaining
                0x10007e78       0x2c CMakeFiles/air_quality.dir/Users/matteo/pico/pico-sdk/lib/tinyusb/src/common/tusb_fifo.c.o
                0x10007e78                tu_fifo_remaining
 .text.tu_fifo_read
                0x10007ea4       0x9c CMakeFiles/air_quality.dir/Users/matteo/pico/pico-sdk/lib/tinyusb/src/common/tusb_fifo.c.o
                0x10007ea4                tu_fifo_read
 .text.tu_fifo_read_n
                0x10007f40       0xec CMakeFiles/air_quality.dir/Users/matteo/pico/pico-sdk/lib/tinyusb/src/common/tusb_fifo.c.o
                0x10007f40                tu_fifo_read_n
 .text.tu_fifo_write
                0x1000802c       0xa4 CMakeFiles/air_quality.dir/Users/matteo/pico/pico-sdk/lib/tinyusb/src/common/tusb_fifo.c.o
                0x1000802c                tu_fifo_write
 .text.tu_fifo_write_n
                0x100080d0      0x168 CMakeFiles/air_quality.dir/Users/matteo/pico/pico-sdk/lib/tinyusb/src/common/tusb_fifo.c.o
                0x100080d0                tu_fifo_write_n
 .text.tu_fifo_clear
                0x10008238       0x40 CMakeFiles/air_quality.dir/Users/matteo/pico/pico-sdk/lib/tinyusb/src/common/tusb_fifo.c.o
                0x10008238                tu_fifo_clear
 .text.tu_fifo_set_overwritable
                0x10008278       0x48 CMakeFiles/air_quality.dir/Users/matteo/pico/pico-sdk/lib/tinyusb/src/common/tusb_fifo.c.o
                0x10008278                tu_fifo_set_overwritable
 .text.clear_lwip_context
                0x100082c0       0x10 CMakeFiles/air_quality.dir/Users/matteo/pico/pico-sdk/src/rp2_common/pico_lwip/lwip_freertos.c.o
 .text.tcpip_init_done
                0x100082d0       0x10 CMakeFiles/air_quality.dir/Users/matteo/pico/pico-sdk/src/rp2_common/pico_lwip/lwip_freertos.c.o
 .text.lwip_freertos_init
                0x100082e0       0x68 CMakeFiles/air_quality.dir/Users/matteo/pico/pico-sdk/src/rp2_common/pico_lwip/lwip_freertos.c.o
                0x100082e0                lwip_freertos_init
 .text.lwip_freertos_deinit
                0x10008348       0x14 CMakeFiles/air_quality.dir/Users/matteo/pico/pico-sdk/src/rp2_common/pico_lwip/lwip_freertos.c.o
                0x10008348                lwip_freertos_deinit
 .text.pico_lwip_custom_lock_tcpip_core
                0x1000835c       0x30 CMakeFiles/air_quality.dir/Users/matteo/pico/pico-sdk/src/rp2_common/pico_lwip/lwip_freertos.c.o
                0x1000835c                pico_lwip_custom_lock_tcpip_core
 .text.pico_lwip_custom_unlock_tcpip_core
                0x1000838c       0x14 CMakeFiles/air_quality.dir/Users/matteo/pico/pico-sdk/src/rp2_common/pico_lwip/lwip_freertos.c.o
                0x1000838c                pico_lwip_custom_unlock_tcpip_core
 .text.async_context_base_add_at_time_worker
                0x100083a0       0x28 CMakeFiles/air_quality.dir/Users/matteo/pico/pico-sdk/src/rp2_common/pico_async_context/async_context_base.c.o
                0x100083a0                async_context_base_add_at_time_worker
 .text.async_context_base_remove_at_time_worker
                0x100083c8       0x24 CMakeFiles/air_quality.dir/Users/matteo/pico/pico-sdk/src/rp2_common/pico_async_context/async_context_base.c.o
                0x100083c8                async_context_base_remove_at_time_worker
 .text.async_context_base_add_when_pending_worker
                0x100083ec       0x24 CMakeFiles/air_quality.dir/Users/matteo/pico/pico-sdk/src/rp2_common/pico_async_context/async_context_base.c.o
                0x100083ec                async_context_base_add_when_pending_worker
 .text.async_context_base_remove_when_pending_worker
                0x10008410       0x24 CMakeFiles/air_quality.dir/Users/matteo/pico/pico-sdk/src/rp2_common/pico_async_context/async_context_base.c.o
                0x10008410                async_context_base_remove_when_pending_worker
 .text.async_context_base_execute_once
                0x10008434      0x10c CMakeFiles/air_quality.dir/Users/matteo/pico/pico-sdk/src/rp2_common/pico_async_context/async_context_base.c.o
                0x10008434                async_context_base_execute_once
 .text.lwip_init
                0x10008540       0x28 CMakeFiles/air_quality.dir/Users/matteo/pico/pico-sdk/lib/lwip/src/core/init.c.o
                0x10008540                lwip_init
 .text.lwip_htons
                0x10008568        0x8 CMakeFiles/air_quality.dir/Users/matteo/pico/pico-sdk/lib/lwip/src/core/def.c.o
                0x10008568                lwip_htons
 .text.lwip_htonl
                0x10008570        0x4 CMakeFiles/air_quality.dir/Users/matteo/pico/pico-sdk/lib/lwip/src/core/def.c.o
                0x10008570                lwip_htonl
 .text.dns_call_found
                0x10008574      0x1bc CMakeFiles/air_quality.dir/Users/matteo/pico/pico-sdk/lib/lwip/src/core/dns.c.o
 .text.dns_send.isra.0
                0x10008730      0x164 CMakeFiles/air_quality.dir/Users/matteo/pico/pico-sdk/lib/lwip/src/core/dns.c.o
 .text.dns_init
                0x10008894        0x4 CMakeFiles/air_quality.dir/Users/matteo/pico/pico-sdk/lib/lwip/src/core/dns.c.o
                0x10008894                dns_init
 .text.dns_setserver
                0x10008898       0x24 CMakeFiles/air_quality.dir/Users/matteo/pico/pico-sdk/lib/lwip/src/core/dns.c.o
                0x10008898                dns_setserver
 .text.dns_tmr  0x100088bc      0x118 CMakeFiles/air_quality.dir/Users/matteo/pico/pico-sdk/lib/lwip/src/core/dns.c.o
                0x100088bc                dns_tmr
 .text.lwip_standard_chksum
                0x100089d4       0x80 CMakeFiles/air_quality.dir/Users/matteo/pico/pico-sdk/lib/lwip/src/core/inet_chksum.c.o
                0x100089d4                lwip_standard_chksum
 .text.inet_chksum_pseudo
                0x10008a54       0xb4 CMakeFiles/air_quality.dir/Users/matteo/pico/pico-sdk/lib/lwip/src/core/inet_chksum.c.o
                0x10008a54                inet_chksum_pseudo
 .text.ip_chksum_pseudo
                0x10008b08       0x10 CMakeFiles/air_quality.dir/Users/matteo/pico/pico-sdk/lib/lwip/src/core/inet_chksum.c.o
                0x10008b08                ip_chksum_pseudo
 .text.inet_chksum
                0x10008b18       0x84 CMakeFiles/air_quality.dir/Users/matteo/pico/pico-sdk/lib/lwip/src/core/inet_chksum.c.o
                0x10008b18                inet_chksum
 .text.inet_chksum_pbuf
                0x10008b9c       0x70 CMakeFiles/air_quality.dir/Users/matteo/pico/pico-sdk/lib/lwip/src/core/inet_chksum.c.o
                0x10008b9c                inet_chksum_pbuf
 .text.mem_init
                0x10008c0c       0x60 CMakeFiles/air_quality.dir/Users/matteo/pico/pico-sdk/lib/lwip/src/core/mem.c.o
                0x10008c0c                mem_init
 .text.mem_free
                0x10008c6c      0x168 CMakeFiles/air_quality.dir/Users/matteo/pico/pico-sdk/lib/lwip/src/core/mem.c.o
                0x10008c6c                mem_free
 .text.mem_trim
                0x10008dd4      0x170 CMakeFiles/air_quality.dir/Users/matteo/pico/pico-sdk/lib/lwip/src/core/mem.c.o
                0x10008dd4                mem_trim
 .text.mem_malloc
                0x10008f44      0x190 CMakeFiles/air_quality.dir/Users/matteo/pico/pico-sdk/lib/lwip/src/core/mem.c.o
                0x10008f44                mem_malloc
 .text.mem_calloc
                0x100090d4       0x28 CMakeFiles/air_quality.dir/Users/matteo/pico/pico-sdk/lib/lwip/src/core/mem.c.o
                0x100090d4                mem_calloc
 .text.memp_init
                0x100090fc       0x8c CMakeFiles/air_quality.dir/Users/matteo/pico/pico-sdk/lib/lwip/src/core/memp.c.o
                0x100090fc                memp_init
 .text.memp_malloc
                0x10009188       0x5c CMakeFiles/air_quality.dir/Users/matteo/pico/pico-sdk/lib/lwip/src/core/memp.c.o
                0x10009188                memp_malloc
 .text.memp_free
                0x100091e4       0x40 CMakeFiles/air_quality.dir/Users/matteo/pico/pico-sdk/lib/lwip/src/core/memp.c.o
                0x100091e4                memp_free
 .text.netif_null_output_ip4
                0x10009224        0x8 CMakeFiles/air_quality.dir/Users/matteo/pico/pico-sdk/lib/lwip/src/core/netif.c.o
 .text.netif_init
                0x1000922c        0x4 CMakeFiles/air_quality.dir/Users/matteo/pico/pico-sdk/lib/lwip/src/core/netif.c.o
                0x1000922c                netif_init
 .text.netif_add
                0x10009230      0x194 CMakeFiles/air_quality.dir/Users/matteo/pico/pico-sdk/lib/lwip/src/core/netif.c.o
                0x10009230                netif_add
 .text.netif_set_addr
                0x100093c4       0xc0 CMakeFiles/air_quality.dir/Users/matteo/pico/pico-sdk/lib/lwip/src/core/netif.c.o
                0x100093c4                netif_set_addr
 .text.netif_remove
                0x10009484       0x88 CMakeFiles/air_quality.dir/Users/matteo/pico/pico-sdk/lib/lwip/src/core/netif.c.o
                0x10009484                netif_remove
 .text.netif_set_default
                0x1000950c        0xc CMakeFiles/air_quality.dir/Users/matteo/pico/pico-sdk/lib/lwip/src/core/netif.c.o
                0x1000950c                netif_set_default
 .text.netif_set_up
                0x10009518       0x20 CMakeFiles/air_quality.dir/Users/matteo/pico/pico-sdk/lib/lwip/src/core/netif.c.o
                0x10009518                netif_set_up
 .text.netif_set_link_up
                0x10009538       0x28 CMakeFiles/air_quality.dir/Users/matteo/pico/pico-sdk/lib/lwip/src/core/netif.c.o
                0x10009538                netif_set_link_up
 .text.netif_set_link_down
                0x10009560       0x28 CMakeFiles/air_quality.dir/Users/matteo/pico/pico-sdk/lib/lwip/src/core/netif.c.o
                0x10009560                netif_set_link_down
 .text.netif_get_by_index
                0x10009588       0x2c CMakeFiles/air_quality.dir/Users/matteo/pico/pico-sdk/lib/lwip/src/core/netif.c.o
                0x10009588                netif_get_by_index
 .text.pbuf_free_ooseq_callback
                0x100095b4       0x34 CMakeFiles/air_quality.dir/Users/matteo/pico/pico-sdk/lib/lwip/src/core/pbuf.c.o
 .text.pbuf_free.part.0
                0x100095e8       0xa4 CMakeFiles/air_quality.dir/Users/matteo/pico/pico-sdk/lib/lwip/src/core/pbuf.c.o
 .text.pbuf_alloc
                0x1000968c      0x140 CMakeFiles/air_quality.dir/Users/matteo/pico/pico-sdk/lib/lwip/src/core/pbuf.c.o
                0x1000968c                pbuf_alloc
 .text.pbuf_alloced_custom
                0x100097cc       0x3c CMakeFiles/air_quality.dir/Users/matteo/pico/pico-sdk/lib/lwip/src/core/pbuf.c.o
                0x100097cc                pbuf_alloced_custom
 .text.pbuf_realloc
                0x10009808       0x8c CMakeFiles/air_quality.dir/Users/matteo/pico/pico-sdk/lib/lwip/src/core/pbuf.c.o
                0x10009808                pbuf_realloc
 .text.pbuf_add_header
                0x10009894       0x60 CMakeFiles/air_quality.dir/Users/matteo/pico/pico-sdk/lib/lwip/src/core/pbuf.c.o
                0x10009894                pbuf_add_header
 .text.pbuf_remove_header
                0x100098f4       0x3c CMakeFiles/air_quality.dir/Users/matteo/pico/pico-sdk/lib/lwip/src/core/pbuf.c.o
                0x100098f4                pbuf_remove_header
 .text.pbuf_header_force
                0x10009930       0x6c CMakeFiles/air_quality.dir/Users/matteo/pico/pico-sdk/lib/lwip/src/core/pbuf.c.o
                0x10009930                pbuf_header_force
 .text.pbuf_free
                0x1000999c       0x18 CMakeFiles/air_quality.dir/Users/matteo/pico/pico-sdk/lib/lwip/src/core/pbuf.c.o
                0x1000999c                pbuf_free
 .text.pbuf_clen
                0x100099b4       0x14 CMakeFiles/air_quality.dir/Users/matteo/pico/pico-sdk/lib/lwip/src/core/pbuf.c.o
                0x100099b4                pbuf_clen
 .text.pbuf_ref
                0x100099c8       0x28 CMakeFiles/air_quality.dir/Users/matteo/pico/pico-sdk/lib/lwip/src/core/pbuf.c.o
                0x100099c8                pbuf_ref
 .text.pbuf_cat
                0x100099f0       0x54 CMakeFiles/air_quality.dir/Users/matteo/pico/pico-sdk/lib/lwip/src/core/pbuf.c.o
                0x100099f0                pbuf_cat
 .text.pbuf_chain
                0x10009a44       0x70 CMakeFiles/air_quality.dir/Users/matteo/pico/pico-sdk/lib/lwip/src/core/pbuf.c.o
                0x10009a44                pbuf_chain
 .text.pbuf_copy_partial_pbuf
                0x10009ab4      0x158 CMakeFiles/air_quality.dir/Users/matteo/pico/pico-sdk/lib/lwip/src/core/pbuf.c.o
                0x10009ab4                pbuf_copy_partial_pbuf
 .text.pbuf_copy
                0x10009c0c       0x18 CMakeFiles/air_quality.dir/Users/matteo/pico/pico-sdk/lib/lwip/src/core/pbuf.c.o
                0x10009c0c                pbuf_copy
 .text.pbuf_copy_partial
                0x10009c24       0x70 CMakeFiles/air_quality.dir/Users/matteo/pico/pico-sdk/lib/lwip/src/core/pbuf.c.o
                0x10009c24                pbuf_copy_partial
 .text.pbuf_get_contiguous
                0x10009c94       0xb4 CMakeFiles/air_quality.dir/Users/matteo/pico/pico-sdk/lib/lwip/src/core/pbuf.c.o
                0x10009c94                pbuf_get_contiguous
 .text.pbuf_take
                0x10009d48       0x78 CMakeFiles/air_quality.dir/Users/matteo/pico/pico-sdk/lib/lwip/src/core/pbuf.c.o
                0x10009d48                pbuf_take
 .text.pbuf_take_at
                0x10009dc0       0xc0 CMakeFiles/air_quality.dir/Users/matteo/pico/pico-sdk/lib/lwip/src/core/pbuf.c.o
                0x10009dc0                pbuf_take_at
 .text.pbuf_clone
                0x10009e80       0x30 CMakeFiles/air_quality.dir/Users/matteo/pico/pico-sdk/lib/lwip/src/core/pbuf.c.o
                0x10009e80                pbuf_clone
 .text.pbuf_get_at
                0x10009eb0       0x1c CMakeFiles/air_quality.dir/Users/matteo/pico/pico-sdk/lib/lwip/src/core/pbuf.c.o
                0x10009eb0                pbuf_get_at
 .text.pbuf_put_at
                0x10009ecc       0x1c CMakeFiles/air_quality.dir/Users/matteo/pico/pico-sdk/lib/lwip/src/core/pbuf.c.o
                0x10009ecc                pbuf_put_at
 .text.stats_init
                0x10009ee8        0x4 CMakeFiles/air_quality.dir/Users/matteo/pico/pico-sdk/lib/lwip/src/core/stats.c.o
                0x10009ee8                stats_init
 .text.tcp_close_shutdown_fin
                0x10009eec       0x54 CMakeFiles/air_quality.dir/Users/matteo/pico/pico-sdk/lib/lwip/src/core/tcp.c.o
 .text.tcp_pcb_purge.part.0
                0x10009f40       0xc4 CMakeFiles/air_quality.dir/Users/matteo/pico/pico-sdk/lib/lwip/src/core/tcp.c.o
 .text.tcp_init
                0x1000a004       0x1c CMakeFiles/air_quality.dir/Users/matteo/pico/pico-sdk/lib/lwip/src/core/tcp.c.o
                0x1000a004                tcp_init
 .text.tcp_free
                0x1000a020       0x1c CMakeFiles/air_quality.dir/Users/matteo/pico/pico-sdk/lib/lwip/src/core/tcp.c.o
                0x1000a020                tcp_free
 .text.tcp_bind
                0x1000a03c       0xf8 CMakeFiles/air_quality.dir/Users/matteo/pico/pico-sdk/lib/lwip/src/core/tcp.c.o
                0x1000a03c                tcp_bind
 .text.tcp_update_rcv_ann_wnd
                0x1000a134       0x60 CMakeFiles/air_quality.dir/Users/matteo/pico/pico-sdk/lib/lwip/src/core/tcp.c.o
                0x1000a134                tcp_update_rcv_ann_wnd
 .text.tcp_recved
                0x1000a194       0x9c CMakeFiles/air_quality.dir/Users/matteo/pico/pico-sdk/lib/lwip/src/core/tcp.c.o
                0x1000a194                tcp_recved
 .text.tcp_connect
                0x1000a230      0x1b0 CMakeFiles/air_quality.dir/Users/matteo/pico/pico-sdk/lib/lwip/src/core/tcp.c.o
                0x1000a230                tcp_connect
 .text.tcp_slowtmr
                0x1000a3e0      0x508 CMakeFiles/air_quality.dir/Users/matteo/pico/pico-sdk/lib/lwip/src/core/tcp.c.o
                0x1000a3e0                tcp_slowtmr
 .text.tcp_segs_free
                0x1000a8e8       0x38 CMakeFiles/air_quality.dir/Users/matteo/pico/pico-sdk/lib/lwip/src/core/tcp.c.o
                0x1000a8e8                tcp_segs_free
 .text.tcp_seg_free
                0x1000a920       0x1c CMakeFiles/air_quality.dir/Users/matteo/pico/pico-sdk/lib/lwip/src/core/tcp.c.o
                0x1000a920                tcp_seg_free
 .text.tcp_seg_copy
                0x1000a93c       0x2c CMakeFiles/air_quality.dir/Users/matteo/pico/pico-sdk/lib/lwip/src/core/tcp.c.o
                0x1000a93c                tcp_seg_copy
 .text.tcp_arg  0x1000a968        0x8 CMakeFiles/air_quality.dir/Users/matteo/pico/pico-sdk/lib/lwip/src/core/tcp.c.o
                0x1000a968                tcp_arg
 .text.tcp_recv
                0x1000a970       0x1c CMakeFiles/air_quality.dir/Users/matteo/pico/pico-sdk/lib/lwip/src/core/tcp.c.o
                0x1000a970                tcp_recv
 .text.tcp_sent
                0x1000a98c       0x1c CMakeFiles/air_quality.dir/Users/matteo/pico/pico-sdk/lib/lwip/src/core/tcp.c.o
                0x1000a98c                tcp_sent
 .text.tcp_err  0x1000a9a8       0x1c CMakeFiles/air_quality.dir/Users/matteo/pico/pico-sdk/lib/lwip/src/core/tcp.c.o
                0x1000a9a8                tcp_err
 .text.tcp_poll
                0x1000a9c4       0x20 CMakeFiles/air_quality.dir/Users/matteo/pico/pico-sdk/lib/lwip/src/core/tcp.c.o
                0x1000a9c4                tcp_poll
 .text.tcp_pcb_purge
                0x1000a9e4       0x18 CMakeFiles/air_quality.dir/Users/matteo/pico/pico-sdk/lib/lwip/src/core/tcp.c.o
                0x1000a9e4                tcp_pcb_purge
 .text.tcp_pcb_remove
                0x1000a9fc       0xc8 CMakeFiles/air_quality.dir/Users/matteo/pico/pico-sdk/lib/lwip/src/core/tcp.c.o
                0x1000a9fc                tcp_pcb_remove
 .text.tcp_abandon
                0x1000aac4      0x1a0 CMakeFiles/air_quality.dir/Users/matteo/pico/pico-sdk/lib/lwip/src/core/tcp.c.o
                0x1000aac4                tcp_abandon
 .text.tcp_abort
                0x1000ac64        0xc CMakeFiles/air_quality.dir/Users/matteo/pico/pico-sdk/lib/lwip/src/core/tcp.c.o
                0x1000ac64                tcp_abort
 .text.tcp_alloc
                0x1000ac70      0x1f0 CMakeFiles/air_quality.dir/Users/matteo/pico/pico-sdk/lib/lwip/src/core/tcp.c.o
                0x1000ac70                tcp_alloc
 .text.tcp_new_ip_type
                0x1000ae60        0xc CMakeFiles/air_quality.dir/Users/matteo/pico/pico-sdk/lib/lwip/src/core/tcp.c.o
                0x1000ae60                tcp_new_ip_type
 .text.tcp_close_shutdown
                0x1000ae6c      0x188 CMakeFiles/air_quality.dir/Users/matteo/pico/pico-sdk/lib/lwip/src/core/tcp.c.o
 .text.tcp_recv_null
                0x1000aff4       0xd0 CMakeFiles/air_quality.dir/Users/matteo/pico/pico-sdk/lib/lwip/src/core/tcp.c.o
                0x1000aff4                tcp_recv_null
 .text.tcp_process_refused_data
                0x1000b0c4       0x78 CMakeFiles/air_quality.dir/Users/matteo/pico/pico-sdk/lib/lwip/src/core/tcp.c.o
                0x1000b0c4                tcp_process_refused_data
 .text.tcp_fasttmr
                0x1000b13c       0x98 CMakeFiles/air_quality.dir/Users/matteo/pico/pico-sdk/lib/lwip/src/core/tcp.c.o
                0x1000b13c                tcp_fasttmr
 .text.tcp_tmr  0x1000b1d4       0x20 CMakeFiles/air_quality.dir/Users/matteo/pico/pico-sdk/lib/lwip/src/core/tcp.c.o
                0x1000b1d4                tcp_tmr
 .text.tcp_close
                0x1000b1f4      0x170 CMakeFiles/air_quality.dir/Users/matteo/pico/pico-sdk/lib/lwip/src/core/tcp.c.o
                0x1000b1f4                tcp_close
 .text.tcp_next_iss
                0x1000b364       0x28 CMakeFiles/air_quality.dir/Users/matteo/pico/pico-sdk/lib/lwip/src/core/tcp.c.o
                0x1000b364                tcp_next_iss
 .text.tcp_eff_send_mss_netif
                0x1000b38c       0x34 CMakeFiles/air_quality.dir/Users/matteo/pico/pico-sdk/lib/lwip/src/core/tcp.c.o
                0x1000b38c                tcp_eff_send_mss_netif
 .text.tcp_netif_ip_addr_changed
                0x1000b3c0       0x94 CMakeFiles/air_quality.dir/Users/matteo/pico/pico-sdk/lib/lwip/src/core/tcp.c.o
                0x1000b3c0                tcp_netif_ip_addr_changed
 .text.tcp_free_ooseq
                0x1000b454       0x40 CMakeFiles/air_quality.dir/Users/matteo/pico/pico-sdk/lib/lwip/src/core/tcp.c.o
                0x1000b454                tcp_free_ooseq
 .text.tcp_parseopt
                0x1000b494      0x1c0 CMakeFiles/air_quality.dir/Users/matteo/pico/pico-sdk/lib/lwip/src/core/tcp_in.c.o
 .text.tcp_oos_insert_segment
                0x1000b654       0xb8 CMakeFiles/air_quality.dir/Users/matteo/pico/pico-sdk/lib/lwip/src/core/tcp_in.c.o
 .text.tcp_free_acked_segments.isra.0
                0x1000b70c       0xd8 CMakeFiles/air_quality.dir/Users/matteo/pico/pico-sdk/lib/lwip/src/core/tcp_in.c.o
 .text.tcp_receive
                0x1000b7e4      0x9b4 CMakeFiles/air_quality.dir/Users/matteo/pico/pico-sdk/lib/lwip/src/core/tcp_in.c.o
 .text.tcp_input
                0x1000c198      0xdf8 CMakeFiles/air_quality.dir/Users/matteo/pico/pico-sdk/lib/lwip/src/core/tcp_in.c.o
                0x1000c198                tcp_input
 .text.tcp_trigger_input_pcb_close
                0x1000cf90       0x10 CMakeFiles/air_quality.dir/Users/matteo/pico/pico-sdk/lib/lwip/src/core/tcp_in.c.o
                0x1000cf90                tcp_trigger_input_pcb_close
 .text.tcp_create_segment
                0x1000cfa0       0xec CMakeFiles/air_quality.dir/Users/matteo/pico/pico-sdk/lib/lwip/src/core/tcp_out.c.o
 .text.tcp_output_control_segment
                0x1000d08c       0xb0 CMakeFiles/air_quality.dir/Users/matteo/pico/pico-sdk/lib/lwip/src/core/tcp_out.c.o
 .text.tcp_write
                0x1000d13c      0x900 CMakeFiles/air_quality.dir/Users/matteo/pico/pico-sdk/lib/lwip/src/core/tcp_out.c.o
                0x1000d13c                tcp_write
 .text.tcp_split_unsent_seg
                0x1000da3c      0x1ac CMakeFiles/air_quality.dir/Users/matteo/pico/pico-sdk/lib/lwip/src/core/tcp_out.c.o
                0x1000da3c                tcp_split_unsent_seg
 .text.tcp_send_fin
                0x1000dbe8      0x118 CMakeFiles/air_quality.dir/Users/matteo/pico/pico-sdk/lib/lwip/src/core/tcp_out.c.o
                0x1000dbe8                tcp_send_fin
 .text.tcp_enqueue_flags
                0x1000dd00      0x120 CMakeFiles/air_quality.dir/Users/matteo/pico/pico-sdk/lib/lwip/src/core/tcp_out.c.o
                0x1000dd00                tcp_enqueue_flags
 .text.tcp_rexmit_rto_prepare
                0x1000de20       0x9c CMakeFiles/air_quality.dir/Users/matteo/pico/pico-sdk/lib/lwip/src/core/tcp_out.c.o
                0x1000de20                tcp_rexmit_rto_prepare
 .text.tcp_rexmit
                0x1000debc       0x9c CMakeFiles/air_quality.dir/Users/matteo/pico/pico-sdk/lib/lwip/src/core/tcp_out.c.o
                0x1000debc                tcp_rexmit
 .text.tcp_rexmit_fast
                0x1000df58       0x60 CMakeFiles/air_quality.dir/Users/matteo/pico/pico-sdk/lib/lwip/src/core/tcp_out.c.o
                0x1000df58                tcp_rexmit_fast
 .text.tcp_rst  0x1000dfb8       0xe8 CMakeFiles/air_quality.dir/Users/matteo/pico/pico-sdk/lib/lwip/src/core/tcp_out.c.o
                0x1000dfb8                tcp_rst
 .text.tcp_rst_netif
                0x1000e0a0      0x128 CMakeFiles/air_quality.dir/Users/matteo/pico/pico-sdk/lib/lwip/src/core/tcp_out.c.o
                0x1000e0a0                tcp_rst_netif
 .text.tcp_send_empty_ack
                0x1000e1c8       0xf4 CMakeFiles/air_quality.dir/Users/matteo/pico/pico-sdk/lib/lwip/src/core/tcp_out.c.o
                0x1000e1c8                tcp_send_empty_ack
 .text.tcp_output
                0x1000e2bc      0x43c CMakeFiles/air_quality.dir/Users/matteo/pico/pico-sdk/lib/lwip/src/core/tcp_out.c.o
                0x1000e2bc                tcp_output
 .text.tcp_rexmit_rto_commit
                0x1000e6f8       0x24 CMakeFiles/air_quality.dir/Users/matteo/pico/pico-sdk/lib/lwip/src/core/tcp_out.c.o
                0x1000e6f8                tcp_rexmit_rto_commit
 .text.tcp_rexmit_rto
                0x1000e71c       0xa4 CMakeFiles/air_quality.dir/Users/matteo/pico/pico-sdk/lib/lwip/src/core/tcp_out.c.o
                0x1000e71c                tcp_rexmit_rto
 .text.tcp_keepalive
                0x1000e7c0       0xdc CMakeFiles/air_quality.dir/Users/matteo/pico/pico-sdk/lib/lwip/src/core/tcp_out.c.o
                0x1000e7c0                tcp_keepalive
 .text.tcp_zero_window_probe
                0x1000e89c      0x198 CMakeFiles/air_quality.dir/Users/matteo/pico/pico-sdk/lib/lwip/src/core/tcp_out.c.o
                0x1000e89c                tcp_zero_window_probe
 .text.tcpip_tcp_timer
                0x1000ea34       0x7c CMakeFiles/air_quality.dir/Users/matteo/pico/pico-sdk/lib/lwip/src/core/timeouts.c.o
 .text.lwip_cyclic_timer
                0x1000eab0       0xa8 CMakeFiles/air_quality.dir/Users/matteo/pico/pico-sdk/lib/lwip/src/core/timeouts.c.o
 .text.tcp_timer_needed
                0x1000eb58       0x80 CMakeFiles/air_quality.dir/Users/matteo/pico/pico-sdk/lib/lwip/src/core/timeouts.c.o
                0x1000eb58                tcp_timer_needed
 .text.sys_timeouts_init
                0x1000ebd8       0x94 CMakeFiles/air_quality.dir/Users/matteo/pico/pico-sdk/lib/lwip/src/core/timeouts.c.o
                0x1000ebd8                sys_timeouts_init
 .text.sys_timeout
                0x1000ec6c       0x64 CMakeFiles/air_quality.dir/Users/matteo/pico/pico-sdk/lib/lwip/src/core/timeouts.c.o
                0x1000ec6c                sys_timeout
 .text.sys_untimeout
                0x1000ecd0       0x44 CMakeFiles/air_quality.dir/Users/matteo/pico/pico-sdk/lib/lwip/src/core/timeouts.c.o
                0x1000ecd0                sys_untimeout
 .text.sys_check_timeouts
                0x1000ed14       0x48 CMakeFiles/air_quality.dir/Users/matteo/pico/pico-sdk/lib/lwip/src/core/timeouts.c.o
                0x1000ed14                sys_check_timeouts
 .text.sys_timeouts_sleeptime
                0x1000ed5c       0x28 CMakeFiles/air_quality.dir/Users/matteo/pico/pico-sdk/lib/lwip/src/core/timeouts.c.o
                0x1000ed5c                sys_timeouts_sleeptime
 .text.udp_init
                0x1000ed84       0x1c CMakeFiles/air_quality.dir/Users/matteo/pico/pico-sdk/lib/lwip/src/core/udp.c.o
                0x1000ed84                udp_init
 .text.udp_input
                0x1000eda0      0x304 CMakeFiles/air_quality.dir/Users/matteo/pico/pico-sdk/lib/lwip/src/core/udp.c.o
                0x1000eda0                udp_input
 .text.udp_bind
                0x1000f0a4       0xf0 CMakeFiles/air_quality.dir/Users/matteo/pico/pico-sdk/lib/lwip/src/core/udp.c.o
                0x1000f0a4                udp_bind
 .text.udp_sendto_if_src
                0x1000f194      0x130 CMakeFiles/air_quality.dir/Users/matteo/pico/pico-sdk/lib/lwip/src/core/udp.c.o
                0x1000f194                udp_sendto_if_src
 .text.udp_sendto_if
                0x1000f2c4       0x58 CMakeFiles/air_quality.dir/Users/matteo/pico/pico-sdk/lib/lwip/src/core/udp.c.o
                0x1000f2c4                udp_sendto_if
 .text.udp_sendto
                0x1000f31c       0x78 CMakeFiles/air_quality.dir/Users/matteo/pico/pico-sdk/lib/lwip/src/core/udp.c.o
                0x1000f31c                udp_sendto
 .text.udp_connect
                0x1000f394       0x5c CMakeFiles/air_quality.dir/Users/matteo/pico/pico-sdk/lib/lwip/src/core/udp.c.o
                0x1000f394                udp_connect
 .text.udp_recv
                0x1000f3f0        0xc CMakeFiles/air_quality.dir/Users/matteo/pico/pico-sdk/lib/lwip/src/core/udp.c.o
                0x1000f3f0                udp_recv
 .text.udp_remove
                0x1000f3fc       0x40 CMakeFiles/air_quality.dir/Users/matteo/pico/pico-sdk/lib/lwip/src/core/udp.c.o
                0x1000f3fc                udp_remove
 .text.udp_new  0x1000f43c       0x1c CMakeFiles/air_quality.dir/Users/matteo/pico/pico-sdk/lib/lwip/src/core/udp.c.o
                0x1000f43c                udp_new
 .text.udp_netif_ip_addr_changed
                0x1000f458       0x40 CMakeFiles/air_quality.dir/Users/matteo/pico/pico-sdk/lib/lwip/src/core/udp.c.o
                0x1000f458                udp_netif_ip_addr_changed
 .text.dhcp_create_msg
                0x1000f498      0x160 CMakeFiles/air_quality.dir/Users/matteo/pico/pico-sdk/lib/lwip/src/core/ipv4/dhcp.c.o
 .text.dhcp_bind
                0x1000f5f8      0x140 CMakeFiles/air_quality.dir/Users/matteo/pico/pico-sdk/lib/lwip/src/core/ipv4/dhcp.c.o
 .text.dhcp_inc_pcb_refcount
                0x1000f738       0x6c CMakeFiles/air_quality.dir/Users/matteo/pico/pico-sdk/lib/lwip/src/core/ipv4/dhcp.c.o
 .text.dhcp_handle_ack.isra.0
                0x1000f7a4       0xbc CMakeFiles/air_quality.dir/Users/matteo/pico/pico-sdk/lib/lwip/src/core/ipv4/dhcp.c.o
 .text.dhcp_discover.isra.0
                0x1000f860      0x124 CMakeFiles/air_quality.dir/Users/matteo/pico/pico-sdk/lib/lwip/src/core/ipv4/dhcp.c.o
 .text.dhcp_reboot.isra.0
                0x1000f984      0x168 CMakeFiles/air_quality.dir/Users/matteo/pico/pico-sdk/lib/lwip/src/core/ipv4/dhcp.c.o
 .text.dhcp_select.isra.0
                0x1000faec      0x1d0 CMakeFiles/air_quality.dir/Users/matteo/pico/pico-sdk/lib/lwip/src/core/ipv4/dhcp.c.o
 .text.dhcp_recv
                0x1000fcbc      0x488 CMakeFiles/air_quality.dir/Users/matteo/pico/pico-sdk/lib/lwip/src/core/ipv4/dhcp.c.o
 .text.dhcp_conflict_callback
                0x10010144      0x124 CMakeFiles/air_quality.dir/Users/matteo/pico/pico-sdk/lib/lwip/src/core/ipv4/dhcp.c.o
 .text.dhcp_set_struct
                0x10010268       0x44 CMakeFiles/air_quality.dir/Users/matteo/pico/pico-sdk/lib/lwip/src/core/ipv4/dhcp.c.o
                0x10010268                dhcp_set_struct
 .text.dhcp_start
                0x100102ac       0xb8 CMakeFiles/air_quality.dir/Users/matteo/pico/pico-sdk/lib/lwip/src/core/ipv4/dhcp.c.o
                0x100102ac                dhcp_start
 .text.dhcp_network_changed_link_up
                0x10010364       0x40 CMakeFiles/air_quality.dir/Users/matteo/pico/pico-sdk/lib/lwip/src/core/ipv4/dhcp.c.o
                0x10010364                dhcp_network_changed_link_up
 .text.dhcp_renew
                0x100103a4      0x120 CMakeFiles/air_quality.dir/Users/matteo/pico/pico-sdk/lib/lwip/src/core/ipv4/dhcp.c.o
                0x100103a4                dhcp_renew
 .text.dhcp_release_and_stop
                0x100104c4      0x158 CMakeFiles/air_quality.dir/Users/matteo/pico/pico-sdk/lib/lwip/src/core/ipv4/dhcp.c.o
                0x100104c4                dhcp_release_and_stop
 .text.dhcp_coarse_tmr
                0x1001061c      0x1c4 CMakeFiles/air_quality.dir/Users/matteo/pico/pico-sdk/lib/lwip/src/core/ipv4/dhcp.c.o
                0x1001061c                dhcp_coarse_tmr
 .text.dhcp_fine_tmr
                0x100107e0       0x78 CMakeFiles/air_quality.dir/Users/matteo/pico/pico-sdk/lib/lwip/src/core/ipv4/dhcp.c.o
                0x100107e0                dhcp_fine_tmr
 .text.dhcp_stop
                0x10010858        0x8 CMakeFiles/air_quality.dir/Users/matteo/pico/pico-sdk/lib/lwip/src/core/ipv4/dhcp.c.o
                0x10010858                dhcp_stop
 .text.etharp_find_entry
                0x10010860      0x3a0 CMakeFiles/air_quality.dir/Users/matteo/pico/pico-sdk/lib/lwip/src/core/ipv4/etharp.c.o
 .text.etharp_raw
                0x10010c00       0xec CMakeFiles/air_quality.dir/Users/matteo/pico/pico-sdk/lib/lwip/src/core/ipv4/etharp.c.o
 .text.etharp_output_to_arp_index
                0x10010cec       0xc4 CMakeFiles/air_quality.dir/Users/matteo/pico/pico-sdk/lib/lwip/src/core/ipv4/etharp.c.o
 .text.etharp_tmr
                0x10010db0       0x88 CMakeFiles/air_quality.dir/Users/matteo/pico/pico-sdk/lib/lwip/src/core/ipv4/etharp.c.o
                0x10010db0                etharp_tmr
 .text.etharp_cleanup_netif
                0x10010e38      0x190 CMakeFiles/air_quality.dir/Users/matteo/pico/pico-sdk/lib/lwip/src/core/ipv4/etharp.c.o
                0x10010e38                etharp_cleanup_netif
 .text.etharp_input
                0x10010fc8      0x1ac CMakeFiles/air_quality.dir/Users/matteo/pico/pico-sdk/lib/lwip/src/core/ipv4/etharp.c.o
                0x10010fc8                etharp_input
 .text.etharp_query
                0x10011174      0x18c CMakeFiles/air_quality.dir/Users/matteo/pico/pico-sdk/lib/lwip/src/core/ipv4/etharp.c.o
                0x10011174                etharp_query
 .text.etharp_output
                0x10011300      0x248 CMakeFiles/air_quality.dir/Users/matteo/pico/pico-sdk/lib/lwip/src/core/ipv4/etharp.c.o
                0x10011300                etharp_output
 .text.etharp_acd_probe