Archive member included to satisfy reference by file (symbol)

/Applications/ArmGNUToolchain/15.2.rel1/arm-none-eabi/bin/../lib/gcc/arm-none-eabi/15.2.1/thumb/v6-m/nofp/libgcc.a(_dvmd_tls.o)
                              CMakeFiles/AirQuality_IOT.dir/Users/matteo/pico/pico-sdk/src/rp2_common/pico_divider/divider_hardware.S.o (__aeabi_idiv0)
/Applications/ArmGNUToolchain/15.2.rel1/arm-none-eabi/bin/../lib/gcc/arm-none-eabi/15.2.1/../../../../arm-none-eabi/lib/thumb/v6-m/nofp/libg.a(libc_a-ctype_.o)
                              CMakeFiles/AirQuality_IOT.dir/Users/matteo/pico/pico-sdk/lib/lwip/src/core/ipv4/ip4_addr.c.o (_ctype_)
/Applications/ArmGNUToolchain/15.2.rel1/arm-none-eabi/bin/../lib/gcc/arm-none-eabi/15.2.1/../../../../arm-none-eabi/lib/thumb/v6-m/nofp/libg.a(libc_a-atoi.o)
                              CMakeFiles/AirQuality_IOT.dir/Users/matteo/pico/pico-sdk/lib/lwip/src/core/netif.c.o (atoi)
/Applications/ArmGNUToolchain/15.2.rel1/arm-none-eabi/bin/../lib/gcc/arm-none-eabi/15.2.1/../../../../arm-none-eabi/lib/thumb/v6-m/nofp/libg.a(libc_a-calloc.o)
                              CMakeFiles/AirQuality_IOT.dir/Users/matteo/pico/pico-sdk/src/rp2_common/pico_malloc/malloc.c.o (calloc)
/Applications/ArmGNUToolchain/15.2.rel1/arm-none-eabi/bin/../lib/gcc/arm-none-eabi/15.2.1/../../../../arm-none-eabi/lib/thumb/v6-m/nofp/libg.a(libc_a-callocr.o)
                              /Applications/ArmGNUToolchain/15.2.rel1/arm-none-eabi/bin/../lib/gcc/arm-none-eabi/15.2.1/../../../../arm-none-eabi/lib/thumb/v6-m/nofp/libg.a(libc_a-calloc.o) (_calloc_r)
/Applications/ArmGNUToolchain/15.2.rel1/arm-none-eabi/bin/../lib/gcc/arm-none-eabi/15.2.1/../../../../arm-none-eabi/lib/thumb/v6-m/nofp/libg.a(libc_a-malloc.o)
                              CMakeFiles/AirQuality_IOT.dir/Users/matteo/pico/pico-sdk/src/rp2_common/pico_malloc/malloc.c.o (malloc)
/Applications/ArmGNUToolchain/15.2.rel1/arm-none-eabi/bin/../lib/gcc/arm-none-eabi/15.2.1/../../../../arm-none-eabi/lib/thumb/v6-m/nofp/libg.a(libc_a-mallocr.o)
                              /Applications/ArmGNUToolchain/15.2.rel1/arm-none-eabi/bin/../lib/gcc/arm-none-eabi/15.2.1/../../../../arm-none-eabi/lib/thumb/v6-m/nofp/libg.a(libc_a-callocr.o) (_malloc_r)
/Applications/ArmGNUToolchain/15.2.rel1/arm-none-eabi/bin/../lib/gcc/arm-none-eabi/15.2.1/../../../../arm-none-eabi/lib/thumb/v6-m/nofp/libg.a(libc_a-mlock.o)
                              /Applications/ArmGNUToolchain/15.2.rel1/arm-none-eabi/bin/../lib/gcc/arm-none-eabi/15.2.1/../../../../arm-none-eabi/lib/thumb/v6-m/nofp/libg.a(libc_a-mallocr.o) (__malloc_lock)
/Applications/ArmGNUToolchain/15.2.rel1/arm-none-eabi/bin/../lib/gcc/arm-none-eabi/15.2.1/../../../../arm-none-eabi/lib/thumb/v6-m/nofp/libg.a(libc_a-realloc.o)
                              CMakeFiles/AirQuality_IOT.dir/Users/matteo/pico/pico-sdk/src/rp2_common/pico_malloc/malloc.c.o (realloc)
/Applications/ArmGNUToolchain/15.2.rel1/arm-none-eabi/bin/../lib/gcc/arm-none-eabi/15.2.1/../../../../arm-none-eabi/lib/thumb/v6-m/nofp/libg.a(libc_a-reallocr.o)
                              /Applications/ArmGNUToolchain/15.2.rel1/arm-none-eabi/bin/../lib/gcc/arm-none-eabi/15.2.1/../../../../arm-none-eabi/lib/thumb/v6-m/nofp/libg.a(libc_a-realloc.o) (_realloc_r)
/Applications/ArmGNUToolchain/15.2.rel1/arm-none-eabi/bin/../lib/gcc/arm-none-eabi/15.2.1/../../../../arm-none-eabi/lib/thumb/v6-m/nofp/libg.a(libc_a-strtol.o)
                              /Applications/ArmGNUToolchain/15.2.rel1/arm-none-eabi/bin/../lib/gcc/arm-none-eabi/15.2.1/../../../../arm-none-eabi/lib/thumb/v6-m/nofp/libg.a(libc_a-atoi.o) (_strtol_r)
/Applications/ArmGNUToolchain/15.2.rel1/arm-none-eabi/bin/../lib/gcc/arm-none-eabi/15.2.1/../../../../arm-none-eabi/lib/thumb/v6-m/nofp/libg.a(libc_a-memcmp.o)
                              CMakeFiles/AirQuality_IOT.dir/Users/matteo/pico/pico-sdk/src/rp2_common/pico_atomic/atomic.c.o (memcmp)
/Applications/ArmGNUToolchain/15.2.rel1/arm-none-eabi/bin/../lib/gcc/arm-none-eabi/15.2.1/../../../../arm-none-eabi/lib/thumb/v6-m/nofp/libg.a(libc_a-memmove.o)
                              CMakeFiles/AirQuality_IOT.dir/Users/matteo/pico/pico-sdk/lib/lwip/src/core/def.c.o (memmove)
/Applications/ArmGNUToolchain/15.2.rel1/arm-none-eabi/bin/../lib/gcc/arm-none-eabi/15.2.1/../../../../arm-none-eabi/lib/thumb/v6-m/nofp/libg.a(libc_a-strncmp.o)
                              CMakeFiles/AirQuality_IOT.dir/Users/matteo/pico/pico-sdk/lib/lwip/src/core/def.c.o (strncmp)
/Applications/ArmGNUToolchain/15.2.rel1/arm-none-eabi/bin/../lib/gcc/arm-none-eabi/15.2.1/../../../../arm-none-eabi/lib/thumb/v6-m/nofp/libg.a(libc_a-lcltime_r.o)
                              CMakeFiles/AirQuality_IOT.dir/Users/matteo/pico/pico-sdk/src/common/pico_util/datetime.c.o (localtime_r)
/Applications/ArmGNUToolchain/15.2.rel1/arm-none-eabi/bin/../lib/gcc/arm-none-eabi/15.2.1/../../../../arm-none-eabi/lib/thumb/v6-m/nofp/libg.a(libc_a-mktime.o)
[...]
Memory Configuration

Name             Origin             Length             Attributes
FLASH            0x10000000         0x00200000         xr
RAM              0x20000000         0x00040000         xrw
SCRATCH_X        0x20040000         0x00001000         xrw
SCRATCH_Y        0x20041000         0x00001000         xrw
*default*        0x00000000         0xffffffff

Linker script and memory map

LOAD /Applications/ArmGNUToolchain/15.2.rel1/arm-none-eabi/bin/../lib/gcc/arm-none-eabi/15.2.1/thumb/v6-m/nofp/crti.o
LOAD /Applications/ArmGNUToolchain/15.2.rel1/arm-none-eabi/bin/../lib/gcc/arm-none-eabi/15.2.1/thumb/v6-m/nofp/crtbegin.o
LOAD /Applications/ArmGNUToolchain/15.2.rel1/arm-none-eabi/bin/../lib/gcc/arm-none-eabi/15.2.1/../../../../arm-none-eabi/lib/thumb/v6-m/nofp/crt0.o

.flash_begin    0x10000000        0x0
                0x10000000                        __flash_binary_start = .

.boot2          0x10000000      0x100
                0x10000000                        __boot2_start__ = .
 *(.boot2)
 .boot2         0x10000000      0x100 pico-sdk/src/rp2040/boot_stage2/CMakeFiles/bs2_default_library.dir/bs2_default_padded_checksummed.S.o
                0x10000100                        __boot2_end__ = .
                0x00000001                        ASSERT (((__boot2_end__ - __boot2_start__) == 0x100), ERROR: Pico second stage bootloader must be 256 bytes in size)

.text           0x10000100    0x19c3c
                0x10000100                        __logical_binary_start = .
 *(.vectors)
 .vectors       0x10000100       0xd4 CMakeFiles/AirQuality_IOT.dir/Users/matteo/pico/pico-sdk/src/rp2_common/pico_crt0/crt0.S.o
                0x10000100                __VECTOR_TABLE
                0x10000100                __vectors
                0x100001c0                isr_irq13
                0x100001c0                isr_irq27
                0x100001c0                isr_irq31
                0x100001c0                isr_irq5
                0x100001c0                isr_irq11
                0x100001c0                isr_irq23
                0x100001c0                isr_irq18
                0x100001c0                isr_irq9
                0x100001c0                __unhandled_user_irq
                0x100001c0                isr_irq25
                0x100001c0                isr_irq4
                0x100001c0                isr_irq16
                0x100001c0                isr_irq29
                0x100001c0                isr_irq26
                0x100001c0                isr_irq3
                0x100001c0                isr_irq12
                0x100001c0                isr_irq30
                0x100001c0                isr_irq28
                0x100001c0                isr_irq19
                0x100001c0                isr_irq0
                0x100001c0                isr_irq6
                0x100001c0                isr_irq22
                0x100001c0                isr_irq17
                0x100001c0                isr_irq14
                0x100001c0                __vectors_end
                0x100001c0                __default_isrs_start
                0x100001c0                isr_irq2
                0x100001c0                isr_irq10
                0x100001c0                isr_irq8
                0x100001c0                isr_irq24
                0x100001c0                isr_irq1
                0x100001c0                isr_irq7
                0x100001c0                isr_irq21
                0x100001c0                isr_irq20
                0x100001c0                isr_irq15
                0x100001c6                unhandled_user_irq_num_in_r0
                0x100001c8                isr_invalid
                0x100001ca                isr_nmi
                0x100001cc                isr_hardfault
                0x100001ce                isr_svcall
                0x100001d0                isr_pendsv
                0x100001d2                isr_systick
                0x100001d4                __default_isrs_end
 *(.binary_info_header)
 .binary_info_header
                0x100001d4       0x14 CMakeFiles/AirQuality_IOT.dir/Users/matteo/pico/pico-sdk/src/rp2_common/pico_crt0/crt0.S.o
                0x100001e8                        __binary_info_header_end = .
 *(.embedded_block)
                0x100001e8                        __embedded_block_end = .
 *(.reset)
 .reset         0x100001e8       0x9c CMakeFiles/AirQuality_IOT.dir/Users/matteo/pico/pico-sdk/src/rp2_common/pico_crt0/crt0.S.o
                0x100001e8                _entry_point
 *(.init)
 .init          0x10000284        0x4 /Applications/ArmGNUToolchain/15.2.rel1/arm-none-eabi/bin/../lib/gcc/arm-none-eabi/15.2.1/thumb/v6-m/nofp/crti.o
                0x10000284                _init
 *(EXCLUDE_FILE(*libm.a: *libc.a:*lib_a-mem*.o *libgcc.a:) .text*)
 .text.register_tm_clones
                0x10000288       0x28 /Applications/ArmGNUToolchain/15.2.rel1/arm-none-eabi/bin/../lib/gcc/arm-none-eabi/15.2.1/thumb/v6-m/nofp/crtbegin.o
 .text.frame_dummy
                0x100002b0       0x24 /Applications/ArmGNUToolchain/15.2.rel1/arm-none-eabi/bin/../lib/gcc/arm-none-eabi/15.2.1/thumb/v6-m/nofp/crtbegin.o
 .text.startup.main
                0x100002d4      0x3cc CMakeFiles/AirQuality_IOT.dir/src/main.c.o
                0x100002d4                main
 .text.oled_init
                0x100006a0       0x50 CMakeFiles/AirQuality_IOT.dir/src/Display/oled.c.o
                0x100006a0                oled_init
 .text.oled_write_char
                0x100006f0       0x98 CMakeFiles/AirQuality_IOT.dir/src/Display/oled.c.o
                0x100006f0                oled_write_char
 .text.oled_write_str
                0x10000788       0x24 CMakeFiles/AirQuality_IOT.dir/src/Display/oled.c.o
                0x10000788                oled_write_str
 .text.oled_clear
                0x100007ac       0x84 CMakeFiles/AirQuality_IOT.dir/src/Display/oled.c.o
                0x100007ac                oled_clear
 .text.mqtt_connection_cb
                0x10000830       0x2c CMakeFiles/AirQuality_IOT.dir/src/Networking/mqtt.c.o
 .text.mqtt_manager_init
                0x1000085c       0x8c CMakeFiles/AirQuality_IOT.dir/src/Networking/mqtt.c.o
                0x1000085c                mqtt_manager_init
 .text.mqtt_publish_data
                0x100008e8       0x94 CMakeFiles/AirQuality_IOT.dir/src/Networking/mqtt.c.o
                0x100008e8                mqtt_publish_data
 .text.mqtt_is_connected_to_broker
                0x1000097c        0xc CMakeFiles/AirQuality_IOT.dir/src/Networking/mqtt.c.o
                0x1000097c                mqtt_is_connected_to_broker
 .text.aht20_init
                0x10000988       0x70 CMakeFiles/AirQuality_IOT.dir/src/Sensors/AHT20/aht20.c.o
                0x10000988                aht20_init
 .text.aht20_read
                0x100009f8       0xac CMakeFiles/AirQuality_IOT.dir/src/Sensors/AHT20/aht20.c.o
                0x100009f8                aht20_read
 .text.mq135_init
                0x10000aa4       0x20 CMakeFiles/AirQuality_IOT.dir/src/Sensors/MQ135/mq135.c.o
                0x10000aa4                mq135_init
 .text.mq135_get_voltage
                0x10000ac4       0x5c CMakeFiles/AirQuality_IOT.dir/src/Sensors/MQ135/mq135.c.o
                0x10000ac4                mq135_get_voltage
 .text.mq135_calibrate_r0
                0x10000b20       0x78 CMakeFiles/AirQuality_IOT.dir/src/Sensors/MQ135/mq135.c.o
                0x10000b20                mq135_calibrate_r0
 .text.mq135_get_ppm
                0x10000b98       0xc0 CMakeFiles/AirQuality_IOT.dir/src/Sensors/MQ135/mq135.c.o
                0x10000b98                mq135_get_ppm
 .text.mq7_init
                0x10000c58       0x68 CMakeFiles/AirQuality_IOT.dir/src/Sensors/MQ7/mq7.c.o
                0x10000c58                mq7_init
 .text.mq7_set_heater
                0x10000cc0       0x88 CMakeFiles/AirQuality_IOT.dir/src/Sensors/MQ7/mq7.c.o
                0x10000cc0                mq7_set_heater
 .text.mq7_get_voltage
                0x10000d48       0x5c CMakeFiles/AirQuality_IOT.dir/src/Sensors/MQ7/mq7.c.o
                0x10000d48                mq7_get_voltage
 .text.mq7_calibrate_r0
                0x10000da4       0x78 CMakeFiles/AirQuality_IOT.dir/src/Sensors/MQ7/mq7.c.o
                0x10000da4                mq7_calibrate_r0
 .text.mq7_get_ppm
                0x10000e1c       0xc0 CMakeFiles/AirQuality_IOT.dir/src/Sensors/MQ7/mq7.c.o
                0x10000e1c                mq7_get_ppm
 .text.gpio_set_function
                0x10000edc       0x30 CMakeFiles/AirQuality_IOT.dir/Users/matteo/pico/pico-sdk/src/rp2_common/hardware_gpio/gpio.c.o
                0x10000edc                gpio_set_function
 .text.gpio_set_pulls
                0x10000f0c       0x24 CMakeFiles/AirQuality_IOT.dir/Users/matteo/pico/pico-sdk/src/rp2_common/hardware_gpio/gpio.c.o
                0x10000f0c                gpio_set_pulls
 .text.gpio_set_input_hysteresis_enabled
                0x10000f30       0x24 CMakeFiles/AirQuality_IOT.dir/Users/matteo/pico/pico-sdk/src/rp2_common/hardware_gpio/gpio.c.o
                0x10000f30                gpio_set_input_hysteresis_enabled
 .text.gpio_set_irq_enabled
                0x10000f54       0x54 CMakeFiles/AirQuality_IOT.dir/Users/matteo/pico/pico-sdk/src/rp2_common/hardware_gpio/gpio.c.o
                0x10000f54                gpio_set_irq_enabled
 .text.gpio_add_raw_irq_handler_with_order_priority_masked
                0x10000fa8       0x40 CMakeFiles/AirQuality_IOT.dir/Users/matteo/pico/pico-sdk/src/rp2_common/hardware_gpio/gpio.c.o
                0x10000fa8                gpio_add_raw_irq_handler_with_order_priority_masked
 .text.gpio_remove_raw_irq_handler_masked
                0x10000fe8       0x20 CMakeFiles/AirQuality_IOT.dir/Users/matteo/pico/pico-sdk/src/rp2_common/hardware_gpio/gpio.c.o
                0x10000fe8                gpio_remove_raw_irq_handler_masked
 .text.gpio_set_input_enabled
                0x10001008       0x24 CMakeFiles/AirQuality_IOT.dir/Users/matteo/pico/pico-sdk/src/rp2_common/hardware_gpio/gpio.c.o
                0x10001008                gpio_set_input_enabled
 .text.gpio_init
                0x1000102c       0x3c CMakeFiles/AirQuality_IOT.dir/Users/matteo/pico/pico-sdk/src/rp2_common/hardware_gpio/gpio.c.o
                0x1000102c                gpio_init
 .text.rp2040_chip_version
                0x10001068        0xc CMakeFiles/AirQuality_IOT.dir/Users/matteo/pico/pico-sdk/src/rp2040/pico_platform/platform.c.o
                0x10001068                rp2040_chip_version
 .text.panic    0x10001074       0x30 CMakeFiles/AirQuality_IOT.dir/Users/matteo/pico/pico-sdk/src/rp2_common/pico_platform_panic/panic.c.o
                0x10001074                panic
 .text.hw_claim_lock
                0x100010a4       0x18 CMakeFiles/AirQuality_IOT.dir/Users/matteo/pico/pico-sdk/src/common/hardware_claim/claim.c.o
                0x100010a4                hw_claim_lock
 .text.hw_claim_unlock
                0x100010bc       0x14 CMakeFiles/AirQuality_IOT.dir/Users/matteo/pico/pico-sdk/src/common/hardware_claim/claim.c.o
                0x100010bc                hw_claim_unlock
 .text.hw_claim_or_assert
                0x100010d0       0x50 CMakeFiles/AirQuality_IOT.dir/Users/matteo/pico/pico-sdk/src/common/hardware_claim/claim.c.o
                0x100010d0                hw_claim_or_assert
 .text.hw_claim_unused_from_range
                0x10001120       0x88 CMakeFiles/AirQuality_IOT.dir/Users/matteo/pico/pico-sdk/src/common/hardware_claim/claim.c.o
                0x10001120                hw_claim_unused_from_range
 .text.hw_claim_clear
                0x100011a8       0x40 CMakeFiles/AirQuality_IOT.dir/Users/matteo/pico/pico-sdk/src/common/hardware_claim/claim.c.o
                0x100011a8                hw_claim_clear
 .text.next_striped_spin_lock_num
                0x100011e8       0x18 CMakeFiles/AirQuality_IOT.dir/Users/matteo/pico/pico-sdk/src/rp2_common/hardware_sync/sync.c.o
                0x100011e8                next_striped_spin_lock_num
 .text.spin_lock_claim_unused
                0x10001200       0x20 CMakeFiles/AirQuality_IOT.dir/Users/matteo/pico/pico-sdk/src/rp2_common/hardware_sync/sync.c.o
                0x10001200                spin_lock_claim_unused
 .text.spin_locks_reset
                0x10001220       0x1c CMakeFiles/AirQuality_IOT.dir/Users/matteo/pico/pico-sdk/src/rp2_common/hardware_sync_spin_lock/sync_spin_lock.c.o
                0x10001220                spin_locks_reset
 .text.runtime_init_per_core_irq_priorities
                0x1000123c       0x48 CMakeFiles/AirQuality_IOT.dir/Users/matteo/pico/pico-sdk/src/rp2_common/hardware_irq/irq.c.o
                0x1000123c                runtime_init_per_core_irq_priorities
 .text.irq_set_enabled
                0x10001284       0x24 CMakeFiles/AirQuality_IOT.dir/Users/matteo/pico/pico-sdk/src/rp2_common/hardware_irq/irq.c.o
                0x10001284                irq_set_enabled
 .text.irq_is_enabled
                0x100012a8       0x18 CMakeFiles/AirQuality_IOT.dir/Users/matteo/pico/pico-sdk/src/rp2_common/hardware_irq/irq.c.o
                0x100012a8                irq_is_enabled
 .text.irq_set_pending
                0x100012c0       0x10 CMakeFiles/AirQuality_IOT.dir/Users/matteo/pico/pico-sdk/src/rp2_common/hardware_irq/irq.c.o
                0x100012c0                irq_set_pending
 .text.irq_has_shared_handler
                0x100012d0       0x20 CMakeFiles/AirQuality_IOT.dir/Users/matteo/pico/pico-sdk/src/rp2_common/hardware_irq/irq.c.o
                0x100012d0                irq_has_shared_handler
 .text.irq_set_exclusive_handler
                0x100012f0       0x54 CMakeFiles/AirQuality_IOT.dir/Users/matteo/pico/pico-sdk/src/rp2_common/hardware_irq/irq.c.o
                0x100012f0                irq_set_exclusive_handler
 .text.irq_add_shared_handler
                0x10001344      0x1cc CMakeFiles/AirQuality_IOT.dir/Users/matteo/pico/pico-sdk/src/rp2_common/hardware_irq/irq.c.o
                0x10001344                irq_add_shared_handler
 .text.irq_remove_handler
                0x10001510      0x1c8 CMakeFiles/AirQuality_IOT.dir/Users/matteo/pico/pico-sdk/src/rp2_common/hardware_irq/irq.c.o
                0x10001510                irq_remove_handler
 .text.irq_set_priority
                0x100016d8       0x28 CMakeFiles/AirQuality_IOT.dir/Users/matteo/pico/pico-sdk/src/rp2_common/hardware_irq/irq.c.o
                0x100016d8                irq_set_priority
 .text.irq_add_tail_to_free_list
                0x10001700       0xb4 CMakeFiles/AirQuality_IOT.dir/Users/matteo/pico/pico-sdk/src/rp2_common/hardware_irq/irq.c.o
                0x10001700                irq_add_tail_to_free_list
 .text.user_irq_unclaim
                0x100017b4       0x14 CMakeFiles/AirQuality_IOT.dir/Users/matteo/pico/pico-sdk/src/rp2_common/hardware_irq/irq.c.o
                0x100017b4                user_irq_unclaim
 .text.user_irq_claim_unused
                0x100017c8       0x28 CMakeFiles/AirQuality_IOT.dir/Users/matteo/pico/pico-sdk/src/rp2_common/hardware_irq/irq.c.o
                0x100017c8                user_irq_claim_unused
 .text.sem_init
                0x100017f0       0x20 CMakeFiles/AirQuality_IOT.dir/Users/matteo/pico/pico-sdk/src/common/pico_sync/sem.c.o
                0x100017f0                sem_init
 .text.lock_init
                0x10001810       0x10 CMakeFiles/AirQuality_IOT.dir/Users/matteo/pico/pico-sdk/src/common/pico_sync/lock_core.c.o
                0x10001810                lock_init
 .text.runtime_init_mutex
                0x10001820       0x50 CMakeFiles/AirQuality_IOT.dir/Users/matteo/pico/pico-sdk/src/common/pico_sync/mutex.c.o
                0x10001820                runtime_init_mutex
 .text.mutex_init
                0x10001870       0x1c CMakeFiles/AirQuality_IOT.dir/Users/matteo/pico/pico-sdk/src/common/pico_sync/mutex.c.o
                0x10001870                mutex_init
 .text.recursive_mutex_init
                0x1000188c       0x1c CMakeFiles/AirQuality_IOT.dir/Users/matteo/pico/pico-sdk/src/common/pico_sync/mutex.c.o
                0x1000188c                recursive_mutex_init
 .text.critical_section_init
                0x100018a8       0x1c CMakeFiles/AirQuality_IOT.dir/Users/matteo/pico/pico-sdk/src/common/pico_sync/critical_section.c.o
                0x100018a8                critical_section_init
 .text.critical_section_init_with_lock_num
                0x100018c4       0x14 CMakeFiles/AirQuality_IOT.dir/Users/matteo/pico/pico-sdk/src/common/pico_sync/critical_section.c.o
                0x100018c4                critical_section_init_with_lock_num
 .text.sleep_until_callback
                0x100018d8       0x30 CMakeFiles/AirQuality_IOT.dir/Users/matteo/pico/pico-sdk/src/common/pico_time/time.c.o
 .text.alarm_pool_irq_handler
                0x10001908      0x2f4 CMakeFiles/AirQuality_IOT.dir/Users/matteo/pico/pico-sdk/src/common/pico_time/time.c.o
 .text.runtime_init_default_alarm_pool
                0x10001bfc       0xd8 CMakeFiles/AirQuality_IOT.dir/Users/matteo/pico/pico-sdk/src/common/pico_time/time.c.o
                0x10001bfc                runtime_init_default_alarm_pool
 .text.alarm_pool_get_default
                0x10001cd4        0x8 CMakeFiles/AirQuality_IOT.dir/Users/matteo/pico/pico-sdk/src/common/pico_time/time.c.o
                0x10001cd4                alarm_pool_get_default
 .text.alarm_pool_add_alarm_at
                0x10001cdc       0xcc CMakeFiles/AirQuality_IOT.dir/Users/matteo/pico/pico-sdk/src/common/pico_time/time.c.o
                0x10001cdc                alarm_pool_add_alarm_at
 .text.alarm_pool_add_alarm_at_force_in_context
                0x10001da8       0xbc CMakeFiles/AirQuality_IOT.dir/Users/matteo/pico/pico-sdk/src/common/pico_time/time.c.o
                0x10001da8                alarm_pool_add_alarm_at_force_in_context
 .text.alarm_pool_cancel_alarm
                0x10001e64       0x74 CMakeFiles/AirQuality_IOT.dir/Users/matteo/pico/pico-sdk/src/common/pico_time/time.c.o
                0x10001e64                alarm_pool_cancel_alarm
 .text.alarm_pool_core_num
                0x10001ed8        0x4 CMakeFiles/AirQuality_IOT.dir/Users/matteo/pico/pico-sdk/src/common/pico_time/time.c.o
                0x10001ed8                alarm_pool_core_num
 .text.sleep_until
                0x10001edc       0xc8 CMakeFiles/AirQuality_IOT.dir/Users/matteo/pico/pico-sdk/src/common/pico_time/time.c.o
                0x10001edc                sleep_until
 .text.sleep_ms
                0x10001fa4       0xfc CMakeFiles/AirQuality_IOT.dir/Users/matteo/pico/pico-sdk/src/common/pico_time/time.c.o
                0x10001fa4                sleep_ms
 .text.best_effort_wfe_or_timeout
                0x100020a0      0x100 CMakeFiles/AirQuality_IOT.dir/Users/matteo/pico/pico-sdk/src/common/pico_time/time.c.o
                0x100020a0                best_effort_wfe_or_timeout
 .text.timer_hardware_alarm_claim
                0x100021a0       0x14 CMakeFiles/AirQuality_IOT.dir/Users/matteo/pico/pico-sdk/src/rp2_common/hardware_timer/timer.c.o
                0x100021a0                timer_hardware_alarm_claim
 .text.timer_time_us_64
                0x100021b4       0x10 CMakeFiles/AirQuality_IOT.dir/Users/matteo/pico/pico-sdk/src/rp2_common/hardware_timer/timer.c.o
                0x100021b4                timer_time_us_64
 .text.time_us_64
                0x100021c4       0x14 CMakeFiles/AirQuality_IOT.dir/Users/matteo/pico/pico-sdk/src/rp2_common/hardware_timer/timer.c.o
                0x100021c4                time_us_64
 .text.busy_wait_us
                0x100021d8       0x6c CMakeFiles/AirQuality_IOT.dir/Users/matteo/pico/pico-sdk/src/rp2_common/hardware_timer/timer.c.o
                0x100021d8                busy_wait_us
 .text.busy_wait_until
                0x10002244       0x20 CMakeFiles/AirQuality_IOT.dir/Users/matteo/pico/pico-sdk/src/rp2_common/hardware_timer/timer.c.o
                0x10002244                busy_wait_until
 .text.uart_init
                0x10002264      0x11c CMakeFiles/AirQuality_IOT.dir/Users/matteo/pico/pico-sdk/src/rp2_common/hardware_uart/uart.c.o
                0x10002264                uart_init
 .text.clock_configure_int_divider
                0x10002380       0xec CMakeFiles/AirQuality_IOT.dir/Users/matteo/pico/pico-sdk/src/rp2_common/hardware_clocks/clocks.c.o
                0x10002380                clock_configure_int_divider
 .text.clock_configure_undivided
                0x1000246c       0xe0 CMakeFiles/AirQuality_IOT.dir/Users/matteo/pico/pico-sdk/src/rp2_common/hardware_clocks/clocks.c.o
                0x1000246c                clock_configure_undivided
 .text.clock_get_hz
                0x1000254c        0xc CMakeFiles/AirQuality_IOT.dir/Users/matteo/pico/pico-sdk/src/rp2_common/hardware_clocks/clocks.c.o
                0x1000254c                clock_get_hz
 .text.pll_init
                0x10002558       0xb0 CMakeFiles/AirQuality_IOT.dir/Users/matteo/pico/pico-sdk/src/rp2_common/hardware_pll/pll.c.o
                0x10002558                pll_init
 .text.watchdog_reboot
                0x10002608       0x9c CMakeFiles/AirQuality_IOT.dir/Users/matteo/pico/pico-sdk/src/rp2_common/hardware_watchdog/watchdog.c.o
                0x10002608                watchdog_reboot
 .text.tick_start
                0x100026a4       0x10 CMakeFiles/AirQuality_IOT.dir/Users/matteo/pico/pico-sdk/src/rp2_common/hardware_ticks/ticks.c.o
                0x100026a4                tick_start
 .text.rom_func_lookup
                0x100026b4       0x10 CMakeFiles/AirQuality_IOT.dir/Users/matteo/pico/pico-sdk/src/rp2_common/pico_bootrom/bootrom.c.o
                0x100026b4                rom_func_lookup
 .text.rom_data_lookup
                0x100026c4       0x10 CMakeFiles/AirQuality_IOT.dir/Users/matteo/pico/pico-sdk/src/rp2_common/pico_bootrom/bootrom.c.o
                0x100026c4                rom_data_lookup
 .text.rom_funcs_lookup
                0x100026d4       0x44 CMakeFiles/AirQuality_IOT.dir/Users/matteo/pico/pico-sdk/src/rp2_common/pico_bootrom/bootrom.c.o
                0x100026d4                rom_funcs_lookup
 .text.rom_reset_usb_boot_extra
                0x10002718       0x24 CMakeFiles/AirQuality_IOT.dir/Users/matteo/pico/pico-sdk/src/rp2_common/pico_bootrom/bootrom.c.o
                0x10002718                rom_reset_usb_boot_extra
 .text.xosc_init
                0x1000273c       0x28 CMakeFiles/AirQuality_IOT.dir/Users/matteo/pico/pico-sdk/src/rp2_common/hardware_xosc/xosc.c.o
                0x1000273c                xosc_init
 .text.first_per_core_initializer
                0x10002764        0x4 CMakeFiles/AirQuality_IOT.dir/Users/matteo/pico/pico-sdk/src/rp2_common/pico_runtime/runtime.c.o
 .text.hard_assertion_failure
                0x10002768        0xc CMakeFiles/AirQuality_IOT.dir/Users/matteo/pico/pico-sdk/src/rp2_common/pico_runtime/runtime.c.o
                0x10002768                hard_assertion_failure
 .text.runtime_run_initializers
                0x10002774       0x28 CMakeFiles/AirQuality_IOT.dir/Users/matteo/pico/pico-sdk/src/rp2_common/pico_runtime/runtime.c.o
                0x10002774                runtime_run_initializers
 .text.runtime_init_early_resets
                0x1000279c       0x2c CMakeFiles/AirQuality_IOT.dir/Users/matteo/pico/pico-sdk/src/rp2_common/pico_runtime_init/runtime_init.c.o
                0x1000279c                runtime_init_early_resets
 .text.runtime_init_usb_power_down
                0x100027c8       0x1c CMakeFiles/AirQuality_IOT.dir/Users/matteo/pico/pico-sdk/src/rp2_common/pico_runtime_init/runtime_init.c.o
                0x100027c8                runtime_init_usb_power_down
 .text.runtime_init_post_clock_resets
                0x100027e4       0x20 CMakeFiles/AirQuality_IOT.dir/Users/matteo/pico/pico-sdk/src/rp2_common/pico_runtime_init/runtime_init.c.o
                0x100027e4                runtime_init_post_clock_resets
 .text.runtime_init_rp2040_gpio_ie_disable
                0x10002804       0x14 CMakeFiles/AirQuality_IOT.dir/Users/matteo/pico/pico-sdk/src/rp2_common/pico_runtime_init/runtime_init.c.o
                0x10002804                runtime_init_rp2040_gpio_ie_disable
 .text.runtime_init_spin_locks_reset
                0x10002818        0x8 CMakeFiles/AirQuality_IOT.dir/Users/matteo/pico/pico-sdk/src/rp2_common/pico_runtime_init/runtime_init.c.o
                0x10002818                runtime_init_spin_locks_reset
 .text.runtime_init_install_ram_vector_table
                0x10002820       0xb8 CMakeFiles/AirQuality_IOT.dir/Users/matteo/pico/pico-sdk/src/rp2_common/pico_runtime_init/runtime_init.c.o
                0x10002820                runtime_init_install_ram_vector_table
 .text.runtime_init_clocks
                0x100028d8       0xd8 CMakeFiles/AirQuality_IOT.dir/Users/matteo/pico/pico-sdk/src/rp2_common/pico_runtime_init/runtime_init_clocks.c.o
                0x100028d8                runtime_init_clocks
 .text          0x100029b0       0x10 CMakeFiles/AirQuality_IOT.dir/Users/matteo/pico/pico-sdk/src/rp2_common/pico_bit_ops/bit_ops_aeabi.S.o
 .text.ctzsi    0x100029c0        0xc CMakeFiles/AirQuality_IOT.dir/Users/matteo/pico/pico-sdk/src/rp2_common/pico_bit_ops/bit_ops_aeabi.S.o
                0x100029c0                __wrap___ctzsi2
 .text.__wrap___aeabi_idiv
                0x100029cc       0x50 CMakeFiles/AirQuality_IOT.dir/Users/matteo/pico/pico-sdk/src/rp2_common/pico_divider/divider_hardware.S.o
                0x100029cc                __wrap___aeabi_idivmod
                0x100029cc                divmod_s32s32
                0x100029cc                div_s32s32
                0x100029cc                __wrap___aeabi_idiv
                0x100029d4                divmod_s32s32_unsafe
                0x10002a00                divmod_s32s32_savestate
 .text.__wrap___aeabi_uidiv
                0x10002a1c       0x4c CMakeFiles/AirQuality_IOT.dir/Users/matteo/pico/pico-sdk/src/rp2_common/pico_divider/divider_hardware.S.o
                0x10002a1c                __wrap___aeabi_uidiv
                0x10002a1c                __wrap___aeabi_uidivmod
                0x10002a1c                div_u32u32
                0x10002a1c                divmod_u32u32
                0x10002a24                divmod_u32u32_unsafe
                0x10002a4c                divmod_u32u32_savestate
 .text.__wrap___aeabi_ldiv
                0x10002a68      0x424 CMakeFiles/AirQuality_IOT.dir/Users/matteo/pico/pico-sdk/src/rp2_common/pico_divider/divider_hardware.S.o
                0x10002a68                __wrap___aeabi_ldivmod
                0x10002a68                div_s64s64
                0x10002a68                divmod_s64s64
                0x10002a98                divmod_u64u64
                0x10002a98                div_u64u64
                0x10002a98                __wrap___aeabi_uldivmod
                0x10002aa8                divmod_u64u64_savestate
                0x10002ac8                divmod_s64s64_unsafe
                0x10002b50                divmod_u64u64_unsafe
 .text.__wrap___aeabi_darithmetic
                0x10002e8c       0x60 CMakeFiles/AirQuality_IOT.dir/Users/matteo/pico/pico-sdk/src/rp2_common/pico_double/double_aeabi_rp2040.S.o
                0x10002e8c                __wrap___aeabi_drsub
                0x10002e92                __wrap___aeabi_dsub
                0x10002e9c                __wrap___aeabi_dadd
                0x10002ea6                __wrap___aeabi_ddiv
                0x10002eda                __wrap___aeabi_dmul
 .text.__wrap___aeabi_cdcmple
                0x10002eec       0x6c CMakeFiles/AirQuality_IOT.dir/Users/matteo/pico/pico-sdk/src/rp2_common/pico_double/double_aeabi_rp2040.S.o
                0x10002eec                __wrap___aeabi_cdrcmple
                0x10002efc                __wrap___aeabi_cdcmple
                0x10002efc                __wrap___aeabi_cdcmpeq
 .text.__wrap___aeabi_dcmpeq
                0x10002f58       0x10 CMakeFiles/AirQuality_IOT.dir/Users/matteo/pico/pico-sdk/src/rp2_common/pico_double/double_aeabi_rp2040.S.o
                0x10002f58                __wrap___aeabi_dcmpeq
 .text.__wrap___aeabi_dcmplt
                0x10002f68        0xc CMakeFiles/AirQuality_IOT.dir/Users/matteo/pico/pico-sdk/src/rp2_common/pico_double/double_aeabi_rp2040.S.o
                0x10002f68                __wrap___aeabi_dcmplt
 .text.__wrap___aeabi_dcmple
                0x10002f74       0x10 CMakeFiles/AirQuality_IOT.dir/Users/matteo/pico/pico-sdk/src/rp2_common/pico_double/double_aeabi_rp2040.S.o
                0x10002f74                __wrap___aeabi_dcmple
 .text.__wrap___aeabi_dcmpge
                0x10002f84       0x10 CMakeFiles/AirQuality_IOT.dir/Users/matteo/pico/pico-sdk/src/rp2_common/pico_double/double_aeabi_rp2040.S.o
                0x10002f84                __wrap___aeabi_dcmpge
 .text.__wrap___aeabi_dcmpgt
                0x10002f94        0xa CMakeFiles/AirQuality_IOT.dir/Users/matteo/pico/pico-sdk/src/rp2_common/pico_double/double_aeabi_rp2040.S.o
                0x10002f94                __wrap___aeabi_dcmpgt
 .text.__wrap___aeabi_dcmpun
                0x10002f9e       0x18 CMakeFiles/AirQuality_IOT.dir/Users/matteo/pico/pico-sdk/src/rp2_common/pico_double/double_aeabi_rp2040.S.o
                0x10002f9e                __wrap___aeabi_dcmpun
 *fill*         0x10002fb6        0x2 
 .text.__wrap___aeabi_i2d
                0x10002fb8       0x38 CMakeFiles/AirQuality_IOT.dir/Users/matteo/pico/pico-sdk/src/rp2_common/pico_double/double_aeabi_rp2040.S.o
                0x10002fb8                __wrap___aeabi_ui2d
                0x10002fb8                uint2double
                0x10002fc0                __wrap___aeabi_i2d
                0x10002fc0                int2double
 .text.__wrap___aeabi_d2iz
                0x10002ff0       0x48 CMakeFiles/AirQuality_IOT.dir/Users/matteo/pico/pico-sdk/src/rp2_common/pico_double/double_aeabi_rp2040.S.o
                0x10002ff0                __wrap___aeabi_d2iz
                0x10002ff0                double2int_z
 .text.__wrap___aeabi_d2uiz
                0x10003038       0x10 CMakeFiles/AirQuality_IOT.dir/Users/matteo/pico/pico-sdk/src/rp2_common/pico_double/double_aeabi_rp2040.S.o
                0x10003038                double2uint_z
                0x10003038                double2uint
                0x10003038                __wrap___aeabi_d2uiz
 .text.__wrap___aeabi_d2f
                0x10003048       0x10 CMakeFiles/AirQuality_IOT.dir/Users/matteo/pico/pico-sdk/src/rp2_common/pico_double/double_aeabi_rp2040.S.o
                0x10003048                __wrap___aeabi_d2f
 .text.__wrap_exp
                0x10003058       0x10 CMakeFiles/AirQuality_IOT.dir/Users/matteo/pico/pico-sdk/src/rp2_common/pico_double/double_aeabi_rp2040.S.o
                0x10003058                __wrap_exp
 .text.__wrap_log
                0x10003068       0x10 CMakeFiles/AirQuality_IOT.dir/Users/matteo/pico/pico-sdk/src/rp2_common/pico_double/double_aeabi_rp2040.S.o
                0x10003068                __wrap_log
 .text.missing_double_func_shim
                0x10003078        0xc CMakeFiles/AirQuality_IOT.dir/Users/matteo/pico/pico-sdk/src/rp2_common/pico_double/double_init_rom_rp2040.c.o
 .text.__aeabi_double_init
                0x10003084       0xa0 CMakeFiles/AirQuality_IOT.dir/Users/matteo/pico/pico-sdk/src/rp2_common/pico_double/double_init_rom_rp2040.c.o
                0x10003084                __aeabi_double_init
 .text.dpow_1   0x10003124      0x28c CMakeFiles/AirQuality_IOT.dir/Users/matteo/pico/pico-sdk/src/rp2_common/pico_double/double_math.c.o
 .text.dpow_int2
                0x100033b0       0xf8 CMakeFiles/AirQuality_IOT.dir/Users/matteo/pico/pico-sdk/src/rp2_common/pico_double/double_math.c.o
 .text.dpow_0   0x100034a8      0x15c CMakeFiles/AirQuality_IOT.dir/Users/matteo/pico/pico-sdk/src/rp2_common/pico_double/double_math.c.o
 .text.__wrap_ldexp
                0x10003604       0x50 CMakeFiles/AirQuality_IOT.dir/Users/matteo/pico/pico-sdk/src/rp2_common/pico_double/double_math.c.o
                0x10003604                __wrap_ldexp
 .text.__wrap_round
                0x10003654       0xa8 CMakeFiles/AirQuality_IOT.dir/Users/matteo/pico/pico-sdk/src/rp2_common/pico_double/double_math.c.o
                0x10003654                __wrap_round
 .text.__wrap_exp2
                0x100036fc       0xbc CMakeFiles/AirQuality_IOT.dir/Users/matteo/pico/pico-sdk/src/rp2_common/pico_double/double_math.c.o
                0x100036fc                __wrap_exp2
 .text.__wrap_pow
                0x100037b8      0x34c CMakeFiles/AirQuality_IOT.dir/Users/matteo/pico/pico-sdk/src/rp2_common/pico_double/double_math.c.o
                0x100037b8                __wrap_pow
 .text.double_table_shim_on_use_helper
                0x10003b04       0x2c CMakeFiles/AirQuality_IOT.dir/Users/matteo/pico/pico-sdk/src/rp2_common/pico_double/double_v1_rom_shim_rp2040.S.o
                0x10003b04                double_table_shim_on_use_helper
 .text.__aeabi_lmul
                0x10003b30       0x32 CMakeFiles/AirQuality_IOT.dir/Users/matteo/pico/pico-sdk/src/rp2_common/pico_int64_ops/pico_int64_ops_aeabi.S.o
                0x10003b30                __wrap___aeabi_lmul
 *fill*         0x10003b62        0x2 
 .text.__wrap___aeabi_farithmetic
                0x10003b64       0x48 CMakeFiles/AirQuality_IOT.dir/Users/matteo/pico/pico-sdk/src/rp2_common/pico_float/float_aeabi_rp2040.S.o
                0x10003b64                __wrap___aeabi_frsub
                0x10003b6a                __wrap___aeabi_fsub
                0x10003b70                __wrap___aeabi_fadd
                0x10003b76                __wrap___aeabi_fdiv
                0x10003b9e                __wrap___aeabi_fmul
 .text.__wrap___aeabi_cfcmple
                0x10003bac       0x50 CMakeFiles/AirQuality_IOT.dir/Users/matteo/pico/pico-sdk/src/rp2_common/pico_float/float_aeabi_rp2040.S.o
                0x10003bac                __wrap___aeabi_cfrcmple
                0x10003bb8                __wrap___aeabi_cfcmpeq
                0x10003bb8                __wrap___aeabi_cfcmple
 .text.__wrap___aeabi_fcmpeq
                0x10003bfc       0x10 CMakeFiles/AirQuality_IOT.dir/Users/matteo/pico/pico-sdk/src/rp2_common/pico_float/float_aeabi_rp2040.S.o
                0x10003bfc                __wrap___aeabi_fcmpeq
 .text.__wrap___aeabi_fcmplt
                0x10003c0c        0xc CMakeFiles/AirQuality_IOT.dir/Users/matteo/pico/pico-sdk/src/rp2_common/pico_float/float_aeabi_rp2040.S.o
                0x10003c0c                __wrap___aeabi_fcmplt
 .text.__wrap___aeabi_fcmple
                0x10003c18       0x10 CMakeFiles/AirQuality_IOT.dir/Users/matteo/pico/pico-sdk/src/rp2_common/pico_float/float_aeabi_rp2040.S.o
                0x10003c18                __wrap___aeabi_fcmple
 .text.__wrap___aeabi_ui2f
                0x10003c28        0xa CMakeFiles/AirQuality_IOT.dir/Users/matteo/pico/pico-sdk/src/rp2_common/pico_float/float_aeabi_rp2040.S.o
                0x10003c28                uint2float
                0x10003c28                __wrap___aeabi_ui2f
 *fill*         0x10003c32        0x2 
 .text.__wrap___aeabi_i2f
                0x10003c34       0x44 CMakeFiles/AirQuality_IOT.dir/Users/matteo/pico/pico-sdk/src/rp2_common/pico_float/float_aeabi_rp2040.S.o
                0x10003c34                int2float
                0x10003c34                __wrap___aeabi_i2f
 .text.__wrap___aeabi_f2d
                0x10003c78        0xc CMakeFiles/AirQuality_IOT.dir/Users/matteo/pico/pico-sdk/src/rp2_common/pico_float/float_aeabi_rp2040.S.o
                0x10003c78                __wrap___aeabi_f2d
 .text.missing_float_func_shim
                0x10003c84        0xc CMakeFiles/AirQuality_IOT.dir/Users/matteo/pico/pico-sdk/src/rp2_common/pico_float/float_init_rom_rp2040.c.o
 .text.__aeabi_float_init
                0x10003c90       0x60 CMakeFiles/AirQuality_IOT.dir/Users/matteo/pico/pico-sdk/src/rp2_common/pico_float/float_init_rom_rp2040.c.o
                0x10003c90                __aeabi_float_init
 .text          0x10003cf0       0x10 CMakeFiles/AirQuality_IOT.dir/Users/matteo/pico/pico-sdk/src/rp2_common/pico_mem_ops/mem_ops_aeabi.S.o
                0x10003cf0                __aeabi_mem_init
 .text.memset   0x10003d00        0xc CMakeFiles/AirQuality_IOT.dir/Users/matteo/pico/pico-sdk/src/rp2_common/pico_mem_ops/mem_ops_aeabi.S.o
                0x10003d00                __wrap_memset
 .text.memcpy   0x10003d0c        0xc CMakeFiles/AirQuality_IOT.dir/Users/matteo/pico/pico-sdk/src/rp2_common/pico_mem_ops/mem_ops_aeabi.S.o
                0x10003d0c                __wrap___aeabi_memcpy
                0x10003d0c                __wrap_memcpy
 .text._out_buffer
                0x10003d18        0x8 CMakeFiles/AirQuality_IOT.dir/Users/matteo/pico/pico-sdk/src/rp2_common/pico_printf/printf.c.o
 .text._out_null
                0x10003d20        0x4 CMakeFiles/AirQuality_IOT.dir/Users/matteo/pico/pico-sdk/src/rp2_common/pico_printf/printf.c.o
 .text._out_rev
                0x10003d24       0xa8 CMakeFiles/AirQuality_IOT.dir/Users/matteo/pico/pico-sdk/src/rp2_common/pico_printf/printf.c.o
 .text._ntoa_format
                0x10003dcc      0x1d8 CMakeFiles/AirQuality_IOT.dir/Users/matteo/pico/pico-sdk/src/rp2_common/pico_printf/printf.c.o
 .text._out_char
                0x10003fa4       0x10 CMakeFiles/AirQuality_IOT.dir/Users/matteo/pico/pico-sdk/src/rp2_common/pico_printf/printf.c.o
 .text._out_fct
                0x10003fb4       0x10 CMakeFiles/AirQuality_IOT.dir/Users/matteo/pico/pico-sdk/src/rp2_common/pico_printf/printf.c.o
 .text._ftoa    0x10003fc4      0x474 CMakeFiles/AirQuality_IOT.dir/Users/matteo/pico/pico-sdk/src/rp2_common/pico_printf/printf.c.o
 .text._etoa    0x10004438      0x560 CMakeFiles/AirQuality_IOT.dir/Users/matteo/pico/pico-sdk/src/rp2_common/pico_printf/printf.c.o
 .text._vsnprintf
                0x10004998      0xab8 CMakeFiles/AirQuality_IOT.dir/Users/matteo/pico/pico-sdk/src/rp2_common/pico_printf/printf.c.o
 .text.__wrap_sprintf
                0x10005450       0x28 CMakeFiles/AirQuality_IOT.dir/Users/matteo/pico/pico-sdk/src/rp2_common/pico_printf/printf.c.o
                0x10005450                __wrap_sprintf
 .text.__wrap_snprintf
                0x10005478       0x28 CMakeFiles/AirQuality_IOT.dir/Users/matteo/pico/pico-sdk/src/rp2_common/pico_printf/printf.c.o
                0x10005478                __wrap_snprintf
 .text.vfctprintf
                0x100054a0       0x20 CMakeFiles/AirQuality_IOT.dir/Users/matteo/pico/pico-sdk/src/rp2_common/pico_printf/printf.c.o
                0x100054a0                vfctprintf
 .text.weak_raw_vprintf
                0x100054c0       0x30 CMakeFiles/AirQuality_IOT.dir/Users/matteo/pico/pico-sdk/src/rp2_common/pico_printf/printf.c.o
                0x100054c0                weak_raw_vprintf
 .text._exit    0x100054f0        0x4 CMakeFiles/AirQuality_IOT.dir/Users/matteo/pico/pico-sdk/src/rp2_common/pico_clib_interface/newlib_interface.c.o
                0x100054f0                _exit
 .text.exit     0x100054f4        0x8 CMakeFiles/AirQuality_IOT.dir/Users/matteo/pico/pico-sdk/src/rp2_common/pico_clib_interface/newlib_interface.c.o
                0x100054f4                exit
 .text.runtime_init
                0x100054fc       0x2c CMakeFiles/AirQuality_IOT.dir/Users/matteo/pico/pico-sdk/src/rp2_common/pico_clib_interface/newlib_interface.c.o
                0x100054fc                runtime_init
 .text.stdio_out_chars_no_crlf
                0x10005528       0x10 CMakeFiles/AirQuality_IOT.dir/Users/matteo/pico/pico-sdk/src/rp2_common/pico_stdio/stdio.c.o
 .text.stdio_out_chars_crlf
                0x10005538       0x90 CMakeFiles/AirQuality_IOT.dir/Users/matteo/pico/pico-sdk/src/rp2_common/pico_stdio/stdio.c.o
 .text.stdio_buffered_printer
                0x100055c8       0x64 CMakeFiles/AirQuality_IOT.dir/Users/matteo/pico/pico-sdk/src/rp2_common/pico_stdio/stdio.c.o
 .text.stdio_put_string
                0x1000562c       0xf4 CMakeFiles/AirQuality_IOT.dir/Users/matteo/pico/pico-sdk/src/rp2_common/pico_stdio/stdio.c.o
                0x1000562c                stdio_put_string
 .text.stdio_set_driver_enabled
                0x10005720       0x30 CMakeFiles/AirQuality_IOT.dir/Users/matteo/pico/pico-sdk/src/rp2_common/pico_stdio/stdio.c.o
                0x10005720                stdio_set_driver_enabled
 .text.stdio_init_all
                0x10005750       0x10 CMakeFiles/AirQuality_IOT.dir/Users/matteo/pico/pico-sdk/src/rp2_common/pico_stdio/stdio.c.o
                0x10005750                stdio_init_all
 .text.__wrap_putchar
                0x10005760       0x94 CMakeFiles/AirQuality_IOT.dir/Users/matteo/pico/pico-sdk/src/rp2_common/pico_stdio/stdio.c.o
                0x10005760                stdio_putchar
                0x10005760                __wrap_putchar
 .text.__wrap_puts
                0x100057f4       0x3c CMakeFiles/AirQuality_IOT.dir/Users/matteo/pico/pico-sdk/src/rp2_common/pico_stdio/stdio.c.o
                0x100057f4                __wrap_puts
                0x100057f4                stdio_puts
 .text.__wrap_vprintf
                0x10005830       0xc8 CMakeFiles/AirQuality_IOT.dir/Users/matteo/pico/pico-sdk/src/rp2_common/pico_stdio/stdio.c.o
                0x10005830                __wrap_vprintf
                0x10005830                stdio_vprintf
 .text.__wrap_printf
                0x100058f8       0x18 CMakeFiles/AirQuality_IOT.dir/Users/matteo/pico/pico-sdk/src/rp2_common/pico_stdio/stdio.c.o
                0x100058f8                stdio_printf
                0x100058f8                __wrap_printf
 .text.stdio_uart_out_chars
                0x10005910       0x4c CMakeFiles/AirQuality_IOT.dir/Users/matteo/pico/pico-sdk/src/rp2_common/pico_stdio_uart/stdio_uart.c.o
 .text.stdio_uart_in_chars
                0x1000595c       0x8c CMakeFiles/AirQuality_IOT.dir/Users/matteo/pico/pico-sdk/src/rp2_common/pico_stdio_uart/stdio_uart.c.o
                0x1000595c                stdio_uart_in_chars
 .text.on_uart_rx
                0x100059e8       0x28 CMakeFiles/AirQuality_IOT.dir/Users/matteo/pico/pico-sdk/src/rp2_common/pico_stdio_uart/stdio_uart.c.o
 .text.stdio_uart_out_flush
                0x10005a10       0x14 CMakeFiles/AirQuality_IOT.dir/Users/matteo/pico/pico-sdk/src/rp2_common/pico_stdio_uart/stdio_uart.c.o
 .text.stdio_uart_set_chars_available_callback
                0x10005a24       0x84 CMakeFiles/AirQuality_IOT.dir/Users/matteo/pico/pico-sdk/src/rp2_common/pico_stdio_uart/stdio_uart.c.o
 .text.stdio_uart_init
                0x10005aa8       0x50 CMakeFiles/AirQuality_IOT.dir/Users/matteo/pico/pico-sdk/src/rp2_common/pico_stdio_uart/stdio_uart.c.o
                0x10005aa8                stdio_uart_init
 .text.resetd_init
                0x10005af8        0x4 CMakeFiles/AirQuality_IOT.dir/Users/matteo/pico/pico-sdk/src/rp2_common/pico_stdio_usb/reset_interface.c.o
 .text.resetd_reset
                0x10005afc        0xc CMakeFiles/AirQuality_IOT.dir/Users/matteo/pico/pico-sdk/src/rp2_common/pico_stdio_usb/reset_interface.c.o
 .text.resetd_open
                0x10005b08       0x28 CMakeFiles/AirQuality_IOT.dir/Users/matteo/pico/pico-sdk/src/rp2_common/pico_stdio_usb/reset_interface.c.o
 .text.resetd_xfer_cb
                0x10005b30        0x4 CMakeFiles/AirQuality_IOT.dir/Users/matteo/pico/pico-sdk/src/rp2_common/pico_stdio_usb/reset_interface.c.o
 .text.resetd_control_xfer_cb
                0x10005b34       0x54 CMakeFiles/AirQuality_IOT.dir/Users/matteo/pico/pico-sdk/src/rp2_common/pico_stdio_usb/reset_interface.c.o
 .text.tud_descriptor_bos_cb
                0x10005b88        0x8 CMakeFiles/AirQuality_IOT.dir/Users/matteo/pico/pico-sdk/src/rp2_common/pico_stdio_usb/reset_interface.c.o
                0x10005b88                tud_descriptor_bos_cb
 .text.tud_vendor_control_xfer_cb
                0x10005b90       0x38 CMakeFiles/AirQuality_IOT.dir/Users/matteo/pico/pico-sdk/src/rp2_common/pico_stdio_usb/reset_interface.c.o
                0x10005b90                tud_vendor_control_xfer_cb
 .text.usbd_app_driver_get_cb
                0x10005bc8        0xc CMakeFiles/AirQuality_IOT.dir/Users/matteo/pico/pico-sdk/src/rp2_common/pico_stdio_usb/reset_interface.c.o
                0x10005bc8                usbd_app_driver_get_cb
 .text.tud_cdc_line_coding_cb
                0x10005bd4       0x2c CMakeFiles/AirQuality_IOT.dir/Users/matteo/pico/pico-sdk/src/rp2_common/pico_stdio_usb/reset_interface.c.o
                0x10005bd4                tud_cdc_line_coding_cb
 .text.stdio_usb_set_chars_available_callback
                0x10005c00       0x14 CMakeFiles/AirQuality_IOT.dir/Users/matteo/pico/pico-sdk/src/rp2_common/pico_stdio_usb/stdio_usb.c.o
                0x10005c00                stdio_usb_set_chars_available_callback
 .text.usb_irq  0x10005c14       0x10 CMakeFiles/AirQuality_IOT.dir/Users/matteo/pico/pico-sdk/src/rp2_common/pico_stdio_usb/stdio_usb.c.o
 .text.timer_task
                0x10005c24       0x64 CMakeFiles/AirQuality_IOT.dir/Users/matteo/pico/pico-sdk/src/rp2_common/pico_stdio_usb/stdio_usb.c.o
 .text.stdio_usb_in_chars
                0x10005c88       0x8c CMakeFiles/AirQuality_IOT.dir/Users/matteo/pico/pico-sdk/src/rp2_common/pico_stdio_usb/stdio_usb.c.o
                0x10005c88                stdio_usb_in_chars
 .text.stdio_usb_out_flush
                0x10005d14       0x4c CMakeFiles/AirQuality_IOT.dir/Users/matteo/pico/pico-sdk/src/rp2_common/pico_stdio_usb/stdio_usb.c.o
 .text.stdio_usb_out_chars
                0x10005d60       0xf8 CMakeFiles/AirQuality_IOT.dir/Users/matteo/pico/pico-sdk/src/rp2_common/pico_stdio_usb/stdio_usb.c.o
 .text.low_priority_worker_irq
                0x10005e58       0xc4 CMakeFiles/AirQuality_IOT.dir/Users/matteo/pico/pico-sdk/src/rp2_common/pico_stdio_usb/stdio_usb.c.o
 .text.stdio_usb_init
                0x10005f1c       0xe4 CMakeFiles/AirQuality_IOT.dir/Users/matteo/pico/pico-sdk/src/rp2_common/pico_stdio_usb/stdio_usb.c.o
                0x10005f1c                stdio_usb_init
 .text.tud_descriptor_device_cb
                0x10006000        0x8 CMakeFiles/AirQuality_IOT.dir/Users/matteo/pico/pico-sdk/src/rp2_common/pico_stdio_usb/stdio_usb_descriptors.c.o
                0x10006000                tud_descriptor_device_cb
 .text.tud_descriptor_configuration_cb
                0x10006008        0x8 CMakeFiles/AirQuality_IOT.dir/Users/matteo/pico/pico-sdk/src/rp2_common/pico_stdio_usb/stdio_usb_descriptors.c.o
                0x10006008                tud_descriptor_configuration_cb
 .text.tud_descriptor_string_cb
                0x10006010       0x70 CMakeFiles/AirQuality_IOT.dir/Users/matteo/pico/pico-sdk/src/rp2_common/pico_stdio_usb/stdio_usb_descriptors.c.o
                0x10006010                tud_descriptor_string_cb
 .text.startup._retrieve_unique_id_on_boot
                0x10006080       0x10 CMakeFiles/AirQuality_IOT.dir/Users/matteo/pico/pico-sdk/src/rp2_common/pico_unique_id/unique_id.c.o
 .text.pico_get_unique_board_id
                0x10006090       0x10 CMakeFiles/AirQuality_IOT.dir/Users/matteo/pico/pico-sdk/src/rp2_common/pico_unique_id/unique_id.c.o
                0x10006090                pico_get_unique_board_id
 .text.pico_get_unique_board_id_string
                0x100060a0      0x1e0 CMakeFiles/AirQuality_IOT.dir/Users/matteo/pico/pico-sdk/src/rp2_common/pico_unique_id/unique_id.c.o
                0x100060a0                pico_get_unique_board_id_string
 .text.flash_get_unique_id
                0x10006280       0x3c CMakeFiles/AirQuality_IOT.dir/Users/matteo/pico/pico-sdk/src/rp2_common/hardware_flash/flash.c.o
                0x10006280                flash_get_unique_id
 .text.dcd_init
                0x100062bc       0x90 CMakeFiles/AirQuality_IOT.dir/Users/matteo/pico/pico-sdk/lib/tinyusb/src/portable/raspberrypi/rp2040/dcd_rp2040.c.o
                0x100062bc                dcd_init
 .text.dcd_int_enable
                0x1000634c        0xc CMakeFiles/AirQuality_IOT.dir/Users/matteo/pico/pico-sdk/lib/tinyusb/src/portable/raspberrypi/rp2040/dcd_rp2040.c.o
                0x1000634c                dcd_int_enable
 .text.dcd_set_address
                0x10006358       0x14 CMakeFiles/AirQuality_IOT.dir/Users/matteo/pico/pico-sdk/lib/tinyusb/src/portable/raspberrypi/rp2040/dcd_rp2040.c.o
                0x10006358                dcd_set_address
 .text.dcd_sof_enable
                0x1000636c       0x1c CMakeFiles/AirQuality_IOT.dir/Users/matteo/pico/pico-sdk/lib/tinyusb/src/portable/raspberrypi/rp2040/dcd_rp2040.c.o
                0x1000636c                dcd_sof_enable
 .text.dcd_edpt0_status_complete
                0x10006388       0x1c CMakeFiles/AirQuality_IOT.dir/Users/matteo/pico/pico-sdk/lib/tinyusb/src/portable/raspberrypi/rp2040/dcd_rp2040.c.o
                0x10006388                dcd_edpt0_status_complete
 .text.dcd_edpt_open
                0x100063a4      0x114 CMakeFiles/AirQuality_IOT.dir/Users/matteo/pico/pico-sdk/lib/tinyusb/src/portable/raspberrypi/rp2040/dcd_rp2040.c.o
                0x100063a4                dcd_edpt_open
 .text.dcd_edpt_close_all
                0x100064b8        0x8 CMakeFiles/AirQuality_IOT.dir/Users/matteo/pico/pico-sdk/lib/tinyusb/src/portable/raspberrypi/rp2040/dcd_rp2040.c.o
                0x100064b8                dcd_edpt_close_all
 .text.dcd_edpt_xfer
                0x100064c0       0x24 CMakeFiles/AirQuality_IOT.dir/Users/matteo/pico/pico-sdk/lib/tinyusb/src/portable/raspberrypi/rp2040/dcd_rp2040.c.o
                0x100064c0                dcd_edpt_xfer
 .text.dcd_edpt_stall
                0x100064e4       0x3c CMakeFiles/AirQuality_IOT.dir/Users/matteo/pico/pico-sdk/lib/tinyusb/src/portable/raspberrypi/rp2040/dcd_rp2040.c.o
                0x100064e4                dcd_edpt_stall
 .text.dcd_edpt_clear_stall
                0x10006520       0x30 CMakeFiles/AirQuality_IOT.dir/Users/matteo/pico/pico-sdk/lib/tinyusb/src/portable/raspberrypi/rp2040/dcd_rp2040.c.o
                0x10006520                dcd_edpt_clear_stall
 .text.rp2040_usb_init
                0x10006550       0x40 CMakeFiles/AirQuality_IOT.dir/Users/matteo/pico/pico-sdk/lib/tinyusb/src/portable/raspberrypi/rp2040/rp2040_usb.c.o
                0x10006550                rp2040_usb_init
 .text.hw_endpoint_xfer_start
                0x10006590       0x40 CMakeFiles/AirQuality_IOT.dir/Users/matteo/pico/pico-sdk/lib/tinyusb/src/portable/raspberrypi/rp2040/rp2040_usb.c.o
                0x10006590                hw_endpoint_xfer_start
 .text.tud_event_hook_cb
                0x100065d0        0x4 CMakeFiles/AirQuality_IOT.dir/Users/matteo/pico/pico-sdk/lib/tinyusb/src/device/usbd.c.o
                0x100065d0                tud_event_hook_cb
 .text.tud_sof_cb
                0x100065d4        0x4 CMakeFiles/AirQuality_IOT.dir/Users/matteo/pico/pico-sdk/lib/tinyusb/src/device/usbd.c.o
                0x100065d4                tud_sof_cb
 .text.tud_descriptor_device_qualifier_cb
                0x100065d8        0x4 CMakeFiles/AirQuality_IOT.dir/Users/matteo/pico/pico-sdk/lib/tinyusb/src/device/usbd.c.o
                0x100065d8                tud_descriptor_device_qualifier_cb
 .text.tud_descriptor_other_speed_configuration_cb
                0x100065dc        0x4 CMakeFiles/AirQuality_IOT.dir/Users/matteo/pico/pico-sdk/lib/tinyusb/src/device/usbd.c.o
                0x100065dc                tud_descriptor_other_speed_configuration_cb
 .text.tud_mount_cb
                0x100065e0        0x4 CMakeFiles/AirQuality_IOT.dir/Users/matteo/pico/pico-sdk/lib/tinyusb/src/device/usbd.c.o
                0x100065e0                tud_mount_cb
 .text.tud_umount_cb
                0x100065e4        0x4 CMakeFiles/AirQuality_IOT.dir/Users/matteo/pico/pico-sdk/lib/tinyusb/src/device/usbd.c.o
                0x100065e4                tud_umount_cb
 .text.tud_suspend_cb
                0x100065e8        0x4 CMakeFiles/AirQuality_IOT.dir/Users/matteo/pico/pico-sdk/lib/tinyusb/src/device/usbd.c.o
                0x100065e8                tud_suspend_cb
 .text.tud_resume_cb
                0x100065ec        0x4 CMakeFiles/AirQuality_IOT.dir/Users/matteo/pico/pico-sdk/lib/tinyusb/src/device/usbd.c.o
                0x100065ec                tud_resume_cb
 .text.tud_mounted
                0x100065f0       0x10 CMakeFiles/AirQuality_IOT.dir/Users/matteo/pico/pico-sdk/lib/tinyusb/src/device/usbd.c.o
                0x100065f0                tud_mounted
 .text.tud_suspended
                0x10006600       0x10 CMakeFiles/AirQuality_IOT.dir/Users/matteo/pico/pico-sdk/lib/tinyusb/src/device/usbd.c.o
                0x10006600                tud_suspended
 .text.tud_rhport_init
                0x10006610       0xf0 CMakeFiles/AirQuality_IOT.dir/Users/matteo/pico/pico-sdk/lib/tinyusb/src/device/usbd.c.o
                0x10006610                tud_rhport_init
 .text.tud_task_ext
                0x10006700      0x7fc CMakeFiles/AirQuality_IOT.dir/Users/matteo/pico/pico-sdk/lib/tinyusb/src/device/usbd.c.o
                0x10006700                tud_task_ext
 .text.usbd_open_edpt_pair
                0x10006efc       0x98 CMakeFiles/AirQuality_IOT.dir/Users/matteo/pico/pico-sdk/lib/tinyusb/src/device/usbd.c.o
                0x10006efc                usbd_open_edpt_pair
 .text.usbd_edpt_open
                0x10006f94       0x34 CMakeFiles/AirQuality_IOT.dir/Users/matteo/pico/pico-sdk/lib/tinyusb/src/device/usbd.c.o
                0x10006f94                usbd_edpt_open
 .text.usbd_edpt_claim
                0x10006fc8       0x28 CMakeFiles/AirQuality_IOT.dir/Users/matteo/pico/pico-sdk/lib/tinyusb/src/device/usbd.c.o
                0x10006fc8                usbd_edpt_claim
 .text.usbd_edpt_release
                0x10006ff0       0x28 CMakeFiles/AirQuality_IOT.dir/Users/matteo/pico/pico-sdk/lib/tinyusb/src/device/usbd.c.o
                0x10006ff0                usbd_edpt_release
 .text.usbd_edpt_xfer
                0x10007018       0x50 CMakeFiles/AirQuality_IOT.dir/Users/matteo/pico/pico-sdk/lib/tinyusb/src/device/usbd.c.o
                0x10007018                usbd_edpt_xfer
 .text.tud_control_status
                0x10007068       0x2c CMakeFiles/AirQuality_IOT.dir/Users/matteo/pico/pico-sdk/lib/tinyusb/src/device/usbd_control.c.o
                0x10007068                tud_control_status
 .text.tud_control_xfer
                0x10007094       0xa0 CMakeFiles/AirQuality_IOT.dir/Users/matteo/pico/pico-sdk/lib/tinyusb/src/device/usbd_control.c.o
                0x10007094                tud_control_xfer
 .text.usbd_control_reset
                0x10007134       0x14 CMakeFiles/AirQuality_IOT.dir/Users/matteo/pico/pico-sdk/lib/tinyusb/src/device/usbd_control.c.o
                0x10007134                usbd_control_reset
 .text.usbd_control_set_complete_callback
                0x10007148        0xc CMakeFiles/AirQuality_IOT.dir/Users/matteo/pico/pico-sdk/lib/tinyusb/src/device/usbd_control.c.o
                0x10007148                usbd_control_set_complete_callback
 .text.usbd_control_set_request
                0x10007154       0x1c CMakeFiles/AirQuality_IOT.dir/Users/matteo/pico/pico-sdk/lib/tinyusb/src/device/usbd_control.c.o
                0x10007154                usbd_control_set_request
 .text.usbd_control_xfer_cb
                0x10007170       0xe8 CMakeFiles/AirQuality_IOT.dir/Users/matteo/pico/pico-sdk/lib/tinyusb/src/device/usbd_control.c.o
                0x10007170                usbd_control_xfer_cb
 .text._prep_out_transaction.isra.0
                0x10007258       0x6c CMakeFiles/AirQuality_IOT.dir/Users/matteo/pico/pico-sdk/lib/tinyusb/src/class/cdc/cdc_device.c.o
 .text.tud_cdc_n_connected
                0x100072c4       0x2c CMakeFiles/AirQuality_IOT.dir/Users/matteo/pico/pico-sdk/lib/tinyusb/src/class/cdc/cdc_device.c.o
                0x100072c4                tud_cdc_n_connected
 .text.tud_cdc_n_available
                0x100072f0       0x14 CMakeFiles/AirQuality_IOT.dir/Users/matteo/pico/pico-sdk/lib/tinyusb/src/class/cdc/cdc_device.c.o
                0x100072f0                tud_cdc_n_available
 .text.tud_cdc_n_read
                0x10007304       0x88 CMakeFiles/AirQuality_IOT.dir/Users/matteo/pico/pico-sdk/lib/tinyusb/src/class/cdc/cdc_device.c.o
                0x10007304                tud_cdc_n_read
 .text.tud_cdc_n_write_flush
                0x1000738c       0x78 CMakeFiles/AirQuality_IOT.dir/Users/matteo/pico/pico-sdk/lib/tinyusb/src/class/cdc/cdc_device.c.o
                0x1000738c                tud_cdc_n_write_flush
 .text.tud_cdc_n_write
                0x10007404       0x40 CMakeFiles/AirQuality_IOT.dir/Users/matteo/pico/pico-sdk/lib/tinyusb/src/class/cdc/cdc_device.c.o
                0x10007404                tud_cdc_n_write
 .text.tud_cdc_n_write_available
                0x10007444       0x14 CMakeFiles/AirQuality_IOT.dir/Users/matteo/pico/pico-sdk/lib/tinyusb/src/class/cdc/cdc_device.c.o
                0x10007444                tud_cdc_n_write_available
 .text.cdcd_init
                0x10007458       0x70 CMakeFiles/AirQuality_IOT.dir/Users/matteo/pico/pico-sdk/lib/tinyusb/src/class/cdc/cdc_device.c.o
                0x10007458                cdcd_init
 .text.cdcd_deinit
                0x100074c8       0x30 CMakeFiles/AirQuality_IOT.dir/Users/matteo/pico/pico-sdk/lib/tinyusb/src/class/cdc/cdc_device.c.o
                0x100074c8                cdcd_deinit
 .text.cdcd_reset
                0x100074f8       0x48 CMakeFiles/AirQuality_IOT.dir/Users/matteo/pico/pico-sdk/lib/tinyusb/src/class/cdc/cdc_device.c.o
                0x100074f8                cdcd_reset
 .text.cdcd_open
                0x10007540       0xa8 CMakeFiles/AirQuality_IOT.dir/Users/matteo/pico/pico-sdk/lib/tinyusb/src/class/cdc/cdc_device.c.o
                0x10007540                cdcd_open
 .text.cdcd_control_xfer_cb
                0x100075e8       0xf0 CMakeFiles/AirQuality_IOT.dir/Users/matteo/pico/pico-sdk/lib/tinyusb/src/class/cdc/cdc_device.c.o
                0x100075e8                cdcd_control_xfer_cb
 .text.cdcd_xfer_cb
                0x100076d8       0xf8 CMakeFiles/AirQuality_IOT.dir/Users/matteo/pico/pico-sdk/lib/tinyusb/src/class/cdc/cdc_device.c.o
                0x100076d8                cdcd_xfer_cb
 .text.vendord_init
                0x100077d0       0x5c CMakeFiles/AirQuality_IOT.dir/Users/matteo/pico/pico-sdk/lib/tinyusb/src/class/vendor/vendor_device.c.o
                0x100077d0                vendord_init
 .text.vendord_deinit
                0x1000782c       0x1c CMakeFiles/AirQuality_IOT.dir/Users/matteo/pico/pico-sdk/lib/tinyusb/src/class/vendor/vendor_device.c.o
                0x1000782c                vendord_deinit
 .text.vendord_reset
                0x10007848       0x28 CMakeFiles/AirQuality_IOT.dir/Users/matteo/pico/pico-sdk/lib/tinyusb/src/class/vendor/vendor_device.c.o
                0x10007848                vendord_reset
 .text.vendord_open
                0x10007870      0x104 CMakeFiles/AirQuality_IOT.dir/Users/matteo/pico/pico-sdk/lib/tinyusb/src/class/vendor/vendor_device.c.o
                0x10007870                vendord_open
 .text.vendord_xfer_cb
                0x10007974       0xa0 CMakeFiles/AirQuality_IOT.dir/Users/matteo/pico/pico-sdk/lib/tinyusb/src/class/vendor/vendor_device.c.o
                0x10007974                vendord_xfer_cb
 .text.tusb_rhport_init
                0x10007a14       0x4c CMakeFiles/AirQuality_IOT.dir/Users/matteo/pico/pico-sdk/lib/tinyusb/src/tusb.c.o
                0x10007a14                tusb_rhport_init
 .text.tu_edpt_claim
                0x10007a60       0x50 CMakeFiles/AirQuality_IOT.dir/Users/matteo/pico/pico-sdk/lib/tinyusb/src/tusb.c.o
                0x10007a60                tu_edpt_claim
 .text.tu_edpt_release
                0x10007ab0       0x38 CMakeFiles/AirQuality_IOT.dir/Users/matteo/pico/pico-sdk/lib/tinyusb/src/tusb.c.o
                0x10007ab0                tu_edpt_release
 .text.tu_edpt_validate
                0x10007ae8       0x74 CMakeFiles/AirQuality_IOT.dir/Users/matteo/pico/pico-sdk/lib/tinyusb/src/tusb.c.o
                0x10007ae8                tu_edpt_validate
 .text.tu_edpt_bind_driver
                0x10007b5c       0x34 CMakeFiles/AirQuality_IOT.dir/Users/matteo/pico/pico-sdk/lib/tinyusb/src/tusb.c.o
                0x10007b5c                tu_edpt_bind_driver
 .text.tu_edpt_stream_init
                0x10007b90       0x68 CMakeFiles/AirQuality_IOT.dir/Users/matteo/pico/pico-sdk/lib/tinyusb/src/tusb.c.o
                0x10007b90                tu_edpt_stream_init
 .text.tu_edpt_stream_deinit
                0x10007bf8        0x4 CMakeFiles/AirQuality_IOT.dir/Users/matteo/pico/pico-sdk/lib/tinyusb/src/tusb.c.o
                0x10007bf8                tu_edpt_stream_deinit
 .text.tu_edpt_stream_write_zlp_if_needed
                0x10007bfc       0x64 CMakeFiles/AirQuality_IOT.dir/Users/matteo/pico/pico-sdk/lib/tinyusb/src/tusb.c.o
                0x10007bfc                tu_edpt_stream_write_zlp_if_needed
 .text.tu_edpt_stream_write_xfer
                0x10007c60       0x6c CMakeFiles/AirQuality_IOT.dir/Users/matteo/pico/pico-sdk/lib/tinyusb/src/tusb.c.o
                0x10007c60                tu_edpt_stream_write_xfer
 .text.tu_edpt_stream_read_xfer
                0x10007ccc       0xd8 CMakeFiles/AirQuality_IOT.dir/Users/matteo/pico/pico-sdk/lib/tinyusb/src/tusb.c.o
                0x10007ccc                tu_edpt_stream_read_xfer
 .text.tu_fifo_config
                0x10007da4       0x6c CMakeFiles/AirQuality_IOT.dir/Users/matteo/pico/pico-sdk/lib/tinyusb/src/common/tusb_fifo.c.o
                0x10007da4                tu_fifo_config
 .text.tu_fifo_count
                0x10007e10       0x2c CMakeFiles/AirQuality_IOT.dir/Users/matteo/pico/pico-sdk/lib/tinyusb/src/common/tusb_fifo.c.o
                0x10007e10                tu_fifo_count
 .text.tu_fifo_empty
                0x10007e3c       0x10 CMakeFiles/AirQuality_IOT.dir/Users/matteo/pico/pico-sdk/lib/tinyusb/src/common/tusb_fifo.c.o
                0x10007e3c                tu_fifo_empty
 .text.tu_fifo_remaining
                0x10007e4c       0x2c CMakeFiles/AirQuality_IOT.dir/Users/matteo/pico/pico-sdk/lib/tinyusb/src/common/tusb_fifo.c.o
                0x10007e4c                tu_fifo_remaining
 .text.tu_fifo_read
                0x10007e78       0x9c CMakeFiles/AirQuality_IOT.dir/Users/matteo/pico/pico-sdk/lib/tinyusb/src/common/tusb_fifo.c.o
                0x10007e78                tu_fifo_read
 .text.tu_fifo_read_n
                0x10007f14       0xec CMakeFiles/AirQuality_IOT.dir/Users/matteo/pico/pico-sdk/lib/tinyusb/src/common/tusb_fifo.c.o
                0x10007f14                tu_fifo_read_n
 .text.tu_fifo_write
                0x10008000       0xa4 CMakeFiles/AirQuality_IOT.dir/Users/matteo/pico/pico-sdk/lib/tinyusb/src/common/tusb_fifo.c.o
                0x10008000                tu_fifo_write
 .text.tu_fifo_write_n
                0x100080a4      0x168 CMakeFiles/AirQuality_IOT.dir/Users/matteo/pico/pico-sdk/lib/tinyusb/src/common/tusb_fifo.c.o
                0x100080a4                tu_fifo_write_n
 .text.tu_fifo_clear
                0x1000820c       0x40 CMakeFiles/AirQuality_IOT.dir/Users/matteo/pico/pico-sdk/lib/tinyusb/src/common/tusb_fifo.c.o
                0x1000820c                tu_fifo_clear
 .text.tu_fifo_set_overwritable
                0x1000824c       0x48 CMakeFiles/AirQuality_IOT.dir/Users/matteo/pico/pico-sdk/lib/tinyusb/src/common/tusb_fifo.c.o
                0x1000824c                tu_fifo_set_overwritable
 .text.adc_init
                0x10008294       0x38 CMakeFiles/AirQuality_IOT.dir/Users/matteo/pico/pico-sdk/src/rp2_common/hardware_adc/adc.c.o
                0x10008294                adc_init
 .text.i2c_read_blocking_internal.constprop.0
                0x100082cc       0xac CMakeFiles/AirQuality_IOT.dir/Users/matteo/pico/pico-sdk/src/rp2_common/hardware_i2c/i2c.c.o
 .text.i2c_write_blocking_internal.constprop.0
                0x10008378       0xd4 CMakeFiles/AirQuality_IOT.dir/Users/matteo/pico/pico-sdk/src/rp2_common/hardware_i2c/i2c.c.o
 .text.i2c_set_baudrate
                0x1000844c       0xb4 CMakeFiles/AirQuality_IOT.dir/Users/matteo/pico/pico-sdk/src/rp2_common/hardware_i2c/i2c.c.o
                0x1000844c                i2c_set_baudrate
 .text.i2c_init
                0x10008500       0x50 CMakeFiles/AirQuality_IOT.dir/Users/matteo/pico/pico-sdk/src/rp2_common/hardware_i2c/i2c.c.o
                0x10008500                i2c_init
 .text.i2c_write_blocking
                0x10008550       0x14 CMakeFiles/AirQuality_IOT.dir/Users/matteo/pico/pico-sdk/src/rp2_common/hardware_i2c/i2c.c.o
                0x10008550                i2c_write_blocking
 .text.i2c_read_blocking
                0x10008564       0x14 CMakeFiles/AirQuality_IOT.dir/Users/matteo/pico/pico-sdk/src/rp2_common/hardware_i2c/i2c.c.o
                0x10008564                i2c_read_blocking
 .text.mqtt_close
                0x10008578       0x80 CMakeFiles/AirQuality_IOT.dir/Users/matteo/pico/pico-sdk/lib/lwip/src/apps/mqtt/mqtt.c.o
 .text.mqtt_cyclic_timer
                0x100085f8      0x138 CMakeFiles/AirQuality_IOT.dir/Users/matteo/pico/pico-sdk/lib/lwip/src/apps/mqtt/mqtt.c.o
 .text.mqtt_output_send
                0x10008730       0xf4 CMakeFiles/AirQuality_IOT.dir/Users/matteo/pico/pico-sdk/lib/lwip/src/apps/mqtt/mqtt.c.o
 .text.mqtt_tcp_sent_cb
                0x10008824       0x6c CMakeFiles/AirQuality_IOT.dir/Users/matteo/pico/pico-sdk/lib/lwip/src/apps/mqtt/mqtt.c.o
 .text.pub_ack_rec_rel_response.isra.0
                0x10008890       0x98 CMakeFiles/AirQuality_IOT.dir/Users/matteo/pico/pico-sdk/lib/lwip/src/apps/mqtt/mqtt.c.o
 .text.mqtt_message_received
                0x10008928      0x258 CMakeFiles/AirQuality_IOT.dir/Users/matteo/pico/pico-sdk/lib/lwip/src/apps/mqtt/mqtt.c.o
 .text.mqtt_tcp_recv_cb
                0x10008b80      0x198 CMakeFiles/AirQuality_IOT.dir/Users/matteo/pico/pico-sdk/lib/lwip/src/apps/mqtt/mqtt.c.o
 .text.mqtt_tcp_err_cb
                0x10008d18       0x50 CMakeFiles/AirQuality_IOT.dir/Users/matteo/pico/pico-sdk/lib/lwip/src/apps/mqtt/mqtt.c.o
 .text.mqtt_tcp_connect_cb
                0x10008d68      0x17c CMakeFiles/AirQuality_IOT.dir/Users/matteo/pico/pico-sdk/lib/lwip/src/apps/mqtt/mqtt.c.o
 .text.mqtt_tcp_poll_cb
                0x10008ee4      0x12c CMakeFiles/AirQuality_IOT.dir/Users/matteo/pico/pico-sdk/lib/lwip/src/apps/mqtt/mqtt.c.o
 .text.mqtt_publish
                0x10009010      0x33c CMakeFiles/AirQuality_IOT.dir/Users/matteo/pico/pico-sdk/lib/lwip/src/apps/mqtt/mqtt.c.o
                0x10009010                mqtt_publish
 .text.mqtt_client_new
                0x1000934c       0x10 CMakeFiles/AirQuality_IOT.dir/Users/matteo/pico/pico-sdk/lib/lwip/src/apps/mqtt/mqtt.c.o
                0x1000934c                mqtt_client_new
 .text.mqtt_client_connect
                0x1000935c      0x850 CMakeFiles/AirQuality_IOT.dir/Users/matteo/pico/pico-sdk/lib/lwip/src/apps/mqtt/mqtt.c.o
                0x1000935c                mqtt_client_connect
 .text.lwip_timeout_reached
                0x10009bac        0x8 CMakeFiles/AirQuality_IOT.dir/Users/matteo/pico/pico-sdk/src/rp2_common/pico_lwip/lwip_nosys.c.o
 .text.update_next_timeout
                0x10009bb4       0x5c CMakeFiles/AirQuality_IOT.dir/Users/matteo/pico/pico-sdk/src/rp2_common/pico_lwip/lwip_nosys.c.o
 .text.lwip_nosys_init
                0x10009c10       0x30 CMakeFiles/AirQuality_IOT.dir/Users/matteo/pico/pico-sdk/src/rp2_common/pico_lwip/lwip_nosys.c.o
                0x10009c10                lwip_nosys_init
 .text.lwip_nosys_deinit
                0x10009c40       0x20 CMakeFiles/AirQuality_IOT.dir/Users/matteo/pico/pico-sdk/src/rp2_common/pico_lwip/lwip_nosys.c.o
                0x10009c40                lwip_nosys_deinit
 .text.sys_now  0x10009c60       0x20 CMakeFiles/AirQuality_IOT.dir/Users/matteo/pico/pico-sdk/src/rp2_common/pico_lwip/lwip_nosys.c.o
                0x10009c60                sys_now
 .text.async_context_base_add_at_time_worker
                0x10009c80       0x28 CMakeFiles/AirQuality_IOT.dir/Users/matteo/pico/pico-sdk/src/rp2_common/pico_async_context/async_context_base.c.o
                0x10009c80                async_context_base_add_at_time_worker
 .text.async_context_base_remove_at_time_worker
                0x10009ca8       0x24 CMakeFiles/AirQuality_IOT.dir/Users/matteo/pico/pico-sdk/src/rp2_common/pico_async_context/async_context_base.c.o
                0x10009ca8                async_context_base_remove_at_time_worker
 .text.async_context_base_add_when_pending_worker
                0x10009ccc       0x24 CMakeFiles/AirQuality_IOT.dir/Users/matteo/pico/pico-sdk/src/rp2_common/pico_async_context/async_context_base.c.o
                0x10009ccc                async_context_base_add_when_pending_worker
 .text.async_context_base_remove_when_pending_worker
                0x10009cf0       0x24 CMakeFiles/AirQuality_IOT.dir/Users/matteo/pico/pico-sdk/src/rp2_common/pico_async_context/async_context_base.c.o
                0x10009cf0                async_context_base_remove_when_pending_worker
 .text.async_context_base_execute_once
                0x10009d14      0x10c CMakeFiles/AirQuality_IOT.dir/Users/matteo/pico/pico-sdk/src/rp2_common/pico_async_context/async_context_base.c.o
                0x10009d14                async_context_base_execute_once
 .text.splitmix64
                0x10009e20       0x58 CMakeFiles/AirQuality_IOT.dir/Users/matteo/pico/pico-sdk/src/rp2_common/pico_rand/rand.c.o
 .text.xoroshiro128ss
                0x10009e78       0x8c CMakeFiles/AirQuality_IOT.dir/Users/matteo/pico/pico-sdk/src/rp2_common/pico_rand/rand.c.o
 .text.get_rand_64
                0x10009f04      0x490 CMakeFiles/AirQuality_IOT.dir/Users/matteo/pico/pico-sdk/src/rp2_common/pico_rand/rand.c.o
                0x10009f04                get_rand_64
 .text.get_rand_32
                0x1000a394        0x8 CMakeFiles/AirQuality_IOT.dir/Users/matteo/pico/pico-sdk/src/rp2_common/pico_rand/rand.c.o
                0x1000a394                get_rand_32
 .text.lwip_init
                0x1000a39c       0x20 CMakeFiles/AirQuality_IOT.dir/Users/matteo/pico/pico-sdk/lib/lwip/src/core/init.c.o
                0x1000a39c                lwip_init
 .text.lwip_htons
                0x1000a3bc        0x8 CMakeFiles/AirQuality_IOT.dir/Users/matteo/pico/pico-sdk/lib/lwip/src/core/def.c.o
                0x1000a3bc                lwip_htons
 .text.lwip_htonl
                0x1000a3c4        0x4 CMakeFiles/AirQuality_IOT.dir/Users/matteo/pico/pico-sdk/lib/lwip/src/core/def.c.o
                0x1000a3c4                lwip_htonl
 .text.lwip_standard_chksum
                0x1000a3c8       0xe8 CMakeFiles/AirQuality_IOT.dir/Users/matteo/pico/pico-sdk/lib/lwip/src/core/inet_chksum.c.o
                0x1000a3c8                lwip_standard_chksum
 .text.inet_chksum_pseudo
                0x1000a4b0       0xb4 CMakeFiles/AirQuality_IOT.dir/Users/matteo/pico/pico-sdk/lib/lwip/src/core/inet_chksum.c.o
                0x1000a4b0                inet_chksum_pseudo
 .text.ip_chksum_pseudo
                0x1000a564       0x10 CMakeFiles/AirQuality_IOT.dir/Users/matteo/pico/pico-sdk/lib/lwip/src/core/inet_chksum.c.o
                0x1000a564                ip_chksum_pseudo
 .text.inet_chksum
                0x1000a574        0xc CMakeFiles/AirQuality_IOT.dir/Users/matteo/pico/pico-sdk/lib/lwip/src/core/inet_chksum.c.o
                0x1000a574                inet_chksum
 .text.inet_chksum_pbuf
                0x1000a580       0x70 CMakeFiles/AirQuality_IOT.dir/Users/matteo/pico/pico-sdk/lib/lwip/src/core/inet_chksum.c.o
                0x1000a580                inet_chksum_pbuf
 .text.mem_init
                0x1000a5f0       0x48 CMakeFiles/AirQuality_IOT.dir/Users/matteo/pico/pico-sdk/lib/lwip/src/core/mem.c.o
                0x1000a5f0                mem_init
 .text.mem_free
                0x1000a638      0x148 CMakeFiles/AirQuality_IOT.dir/Users/matteo/pico/pico-sdk/lib/lwip/src/core/mem.c.o
                0x1000a638                mem_free
 .text.mem_trim
                0x1000a780      0x158 CMakeFiles/AirQuality_IOT.dir/Users/matteo/pico/pico-sdk/lib/lwip/src/core/mem.c.o
                0x1000a780                mem_trim
 .text.mem_malloc
                0x1000a8d8      0x164 CMakeFiles/AirQuality_IOT.dir/Users/matteo/pico/pico-sdk/lib/lwip/src/core/mem.c.o
                0x1000a8d8                mem_malloc
 .text.mem_calloc
                0x1000aa3c       0x28 CMakeFiles/AirQuality_IOT.dir/Users/matteo/pico/pico-sdk/lib/lwip/src/core/mem.c.o
                0x1000aa3c                mem_calloc
 .text.memp_init
                0x1000aa64       0x8c CMakeFiles/AirQuality_IOT.dir/Users/matteo/pico/pico-sdk/lib/lwip/src/core/memp.c.o
                0x1000aa64                memp_init
 .text.memp_malloc
                0x1000aaf0       0x48 CMakeFiles/AirQuality_IOT.dir/Users/matteo/pico/pico-sdk/lib/lwip/src/core/memp.c.o
                0x1000aaf0                memp_malloc
 .text.memp_free
                0x1000ab38       0x34 CMakeFiles/AirQuality_IOT.dir/Users/matteo/pico/pico-sdk/lib/lwip/src/core/memp.c.o
                0x1000ab38                memp_free
 .text.netif_null_output_ip4
                0x1000ab6c        0x8 CMakeFiles/AirQuality_IOT.dir/Users/matteo/pico/pico-sdk/lib/lwip/src/core/netif.c.o
 .text.netif_init
                0x1000ab74        0x4 CMakeFiles/AirQuality_IOT.dir/Users/matteo/pico/pico-sdk/lib/lwip/src/core/netif.c.o
                0x1000ab74                netif_init
 .text.netif_set_addr
                0x1000ab78       0xbc CMakeFiles/AirQuality_IOT.dir/Users/matteo/pico/pico-sdk/lib/lwip/src/core/netif.c.o
                0x1000ab78                netif_set_addr
 .text.netif_add
                0x1000ac34      0x120 CMakeFiles/AirQuality_IOT.dir/Users/matteo/pico/pico-sdk/lib/lwip/src/core/netif.c.o
                0x1000ac34                netif_add
 .text.netif_remove
                0x1000ad54       0x84 CMakeFiles/AirQuality_IOT.dir/Users/matteo/pico/pico-sdk/lib/lwip/src/core/netif.c.o
                0x1000ad54                netif_remove
 .text.netif_set_default
                0x1000add8        0xc CMakeFiles/AirQuality_IOT.dir/Users/matteo/pico/pico-sdk/lib/lwip/src/core/netif.c.o
                0x1000add8                netif_set_default
 .text.netif_set_up
                0x1000ade4       0x14 CMakeFiles/AirQuality_IOT.dir/Users/matteo/pico/pico-sdk/lib/lwip/src/core/netif.c.o
                0x1000ade4                netif_set_up
 .text.netif_set_link_up
                0x1000adf8       0x1c CMakeFiles/AirQuality_IOT.dir/Users/matteo/pico/pico-sdk/lib/lwip/src/core/netif.c.o
                0x1000adf8                netif_set_link_up
 .text.netif_set_link_down
                0x1000ae14       0x1c CMakeFiles/AirQuality_IOT.dir/Users/matteo/pico/pico-sdk/lib/lwip/src/core/netif.c.o
                0x1000ae14                netif_set_link_down
 .text.netif_get_by_index
                0x1000ae30       0x2c CMakeFiles/AirQuality_IOT.dir/Users/matteo/pico/pico-sdk/lib/lwip/src/core/netif.c.o
                0x1000ae30                netif_get_by_index
 .text.pbuf_free.part.0
                0x1000ae5c       0x8c CMakeFiles/AirQuality_IOT.dir/Users/matteo/pico/pico-sdk/lib/lwip/src/core/pbuf.c.o
 .text.pbuf_free_ooseq
                0x1000aee8       0x2c CMakeFiles/AirQuality_IOT.dir/Users/matteo/pico/pico-sdk/lib/lwip/src/core/pbuf.c.o
                0x1000aee8                pbuf_free_ooseq
 .text.pbuf_alloc
                0x1000af14      0x118 CMakeFiles/AirQuality_IOT.dir/Users/matteo/pico/pico-sdk/lib/lwip/src/core/pbuf.c.o
                0x1000af14                pbuf_alloc
 .text.pbuf_alloced_custom
                0x1000b02c       0x3c CMakeFiles/AirQuality_IOT.dir/Users/matteo/pico/pico-sdk/lib/lwip/src/core/pbuf.c.o
                0x1000b02c                pbuf_alloced_custom
 .text.pbuf_realloc
                0x1000b068       0x8c CMakeFiles/AirQuality_IOT.dir/Users/matteo/pico/pico-sdk/lib/lwip/src/core/pbuf.c.o
                0x1000b068                pbuf_realloc
 .text.pbuf_add_header
                0x1000b0f4       0x60 CMakeFiles/AirQuality_IOT.dir/Users/matteo/pico/pico-sdk/lib/lwip/src/core/pbuf.c.o
                0x1000b0f4                pbuf_add_header
 .text.pbuf_remove_header
                0x1000b154       0x3c CMakeFiles/AirQuality_IOT.dir/Users/matteo/pico/pico-sdk/lib/lwip/src/core/pbuf.c.o
                0x1000b154                pbuf_remove_header
 .text.pbuf_header_force
                0x1000b190       0x6c CMakeFiles/AirQuality_IOT.dir/Users/matteo/pico/pico-sdk/lib/lwip/src/core/pbuf.c.o
                0x1000b190                pbuf_header_force
 .text.pbuf_free
                0x1000b1fc       0x18 CMakeFiles/AirQuality_IOT.dir/Users/matteo/pico/pico-sdk/lib/lwip/src/core/pbuf.c.o
                0x1000b1fc                pbuf_free
 .text.pbuf_clen
                0x1000b214       0x14 CMakeFiles/AirQuality_IOT.dir/Users/matteo/pico/pico-sdk/lib/lwip/src/core/pbuf.c.o
                0x1000b214                pbuf_clen
 .text.pbuf_ref
                0x1000b228       0x20 CMakeFiles/AirQuality_IOT.dir/Users/matteo/pico/pico-sdk/lib/lwip/src/core/pbuf.c.o
                0x1000b228                pbuf_ref
 .text.pbuf_cat
                0x1000b248       0x54 CMakeFiles/AirQuality_IOT.dir/Users/matteo/pico/pico-sdk/lib/lwip/src/core/pbuf.c.o
                0x1000b248                pbuf_cat
 .text.pbuf_chain
                0x1000b29c       0x68 CMakeFiles/AirQuality_IOT.dir/Users/matteo/pico/pico-sdk/lib/lwip/src/core/pbuf.c.o
                0x1000b29c                pbuf_chain
 .text.pbuf_copy_partial_pbuf
                0x1000b304      0x158 CMakeFiles/AirQuality_IOT.dir/Users/matteo/pico/pico-sdk/lib/lwip/src/core/pbuf.c.o
                0x1000b304                pbuf_copy_partial_pbuf
 .text.pbuf_copy
                0x1000b45c       0x18 CMakeFiles/AirQuality_IOT.dir/Users/matteo/pico/pico-sdk/lib/lwip/src/core/pbuf.c.o
                0x1000b45c                pbuf_copy
 .text.pbuf_copy_partial
                0x1000b474       0x70 CMakeFiles/AirQuality_IOT.dir/Users/matteo/pico/pico-sdk/lib/lwip/src/core/pbuf.c.o
                0x1000b474                pbuf_copy_partial
 .text.pbuf_get_contiguous
                0x1000b4e4       0xb4 CMakeFiles/AirQuality_IOT.dir/Users/matteo/pico/pico-sdk/lib/lwip/src/core/pbuf.c.o
                0x1000b4e4                pbuf_get_contiguous
 .text.pbuf_take
                0x1000b598       0x78 CMakeFiles/AirQuality_IOT.dir/Users/matteo/pico/pico-sdk/lib/lwip/src/core/pbuf.c.o
                0x1000b598                pbuf_take
 .text.pbuf_clone
                0x1000b610       0x30 CMakeFiles/AirQuality_IOT.dir/Users/matteo/pico/pico-sdk/lib/lwip/src/core/pbuf.c.o
                0x1000b610                pbuf_clone
 .text.pbuf_get_at
                0x1000b640       0x1c CMakeFiles/AirQuality_IOT.dir/Users/matteo/pico/pico-sdk/lib/lwip/src/core/pbuf.c.o
                0x1000b640                pbuf_get_at
 .text.raw_input
                0x1000b65c      0x148 CMakeFiles/AirQuality_IOT.dir/Users/matteo/pico/pico-sdk/lib/lwip/src/core/raw.c.o
                0x1000b65c                raw_input
 .text.raw_netif_ip_addr_changed
                0x1000b7a4       0x40 CMakeFiles/AirQuality_IOT.dir/Users/matteo/pico/pico-sdk/lib/lwip/src/core/raw.c.o
                0x1000b7a4                raw_netif_ip_addr_changed
 .text.stats_init
                0x1000b7e4        0x4 CMakeFiles/AirQuality_IOT.dir/Users/matteo/pico/pico-sdk/lib/lwip/src/core/stats.c.o
                0x1000b7e4                stats_init
 .text.tcp_close_shutdown_fin
                0x1000b7e8       0x54 CMakeFiles/AirQuality_IOT.dir/Users/matteo/pico/pico-sdk/lib/lwip/src/core/tcp.c.o
 .text.tcp_pcb_purge.part.0
                0x1000b83c       0xc4 CMakeFiles/AirQuality_IOT.dir/Users/matteo/pico/pico-sdk/lib/lwip/src/core/tcp.c.o
 .text.tcp_init
                0x1000b900       0x1c CMakeFiles/AirQuality_IOT.dir/Users/matteo/pico/pico-sdk/lib/lwip/src/core/tcp.c.o
                0x1000b900                tcp_init
 .text.tcp_free
                0x1000b91c       0x1c CMakeFiles/AirQuality_IOT.dir/Users/matteo/pico/pico-sdk/lib/lwip/src/core/tcp.c.o
                0x1000b91c                tcp_free
 .text.tcp_bind
                0x1000b938       0xf8 CMakeFiles/AirQuality_IOT.dir/Users/matteo/pico/pico-sdk/lib/lwip/src/core/tcp.c.o
                0x1000b938                tcp_bind
 .text.tcp_update_rcv_ann_wnd
                0x1000ba30       0x60 CMakeFiles/AirQuality_IOT.dir/Users/matteo/pico/pico-sdk/lib/lwip/src/core/tcp.c.o
                0x1000ba30                tcp_update_rcv_ann_wnd
 .text.tcp_recved
                0x1000ba90       0x9c CMakeFiles/AirQuality_IOT.dir/Users/matteo/pico/pico-sdk/lib/lwip/src/core/tcp.c.o
                0x1000ba90                tcp_recved
 .text.tcp_connect
                0x1000bb2c      0x1b0 CMakeFiles/AirQuality_IOT.dir/Users/matteo/pico/pico-sdk/lib/lwip/src/core/tcp.c.o
                0x1000bb2c                tcp_connect
 .text.tcp_slowtmr
                0x1000bcdc      0x508 CMakeFiles/AirQuality_IOT.dir/Users/matteo/pico/pico-sdk/lib/lwip/src/core/tcp.c.o
                0x1000bcdc                tcp_slowtmr
 .text.tcp_segs_free
                0x1000c1e4       0x38 CMakeFiles/AirQuality_IOT.dir/Users/matteo/pico/pico-sdk/lib/lwip/src/core/tcp.c.o
                0x1000c1e4                tcp_segs_free
 .text.tcp_seg_free
                0x1000c21c       0x1c CMakeFiles/AirQuality_IOT.dir/Users/matteo/pico/pico-sdk/lib/lwip/src/core/tcp.c.o
                0x1000c21c                tcp_seg_free
 .text.tcp_seg_copy
                0x1000c238       0x2c CMakeFiles/AirQuality_IOT.dir/Users/matteo/pico/pico-sdk/lib/lwip/src/core/tcp.c.o
                0x1000c238                tcp_seg_copy
 .text.tcp_arg  0x1000c264        0x8 CMakeFiles/AirQuality_IOT.dir/Users/matteo/pico/pico-sdk/lib/lwip/src/core/tcp.c.o
                0x1000c264                tcp_arg
 .text.tcp_recv
                0x1000c26c       0x1c CMakeFiles/AirQuality_IOT.dir/Users/matteo/pico/pico-sdk/lib/lwip/src/core/tcp.c.o
                0x1000c26c                tcp_recv
 .text.tcp_sent
                0x1000c288       0x1c CMakeFiles/AirQuality_IOT.dir/Users/matteo/pico/pico-sdk/lib/lwip/src/core/tcp.c.o
                0x1000c288                tcp_sent
 .text.tcp_err  0x1000c2a4       0x1c CMakeFiles/AirQuality_IOT.dir/Users/matteo/pico/pico-sdk/lib/lwip/src/core/tcp.c.o
                0x1000c2a4                tcp_err
 .text.tcp_poll
                0x1000c2c0       0x20 CMakeFiles/AirQuality_IOT.dir/Users/matteo/pico/pico-sdk/lib/lwip/src/core/tcp.c.o
                0x1000c2c0                tcp_poll
 .text.tcp_pcb_purge
                0x1000c2e0       0x18 CMakeFiles/AirQuality_IOT.dir/Users/matteo/pico/pico-sdk/lib/lwip/src/core/tcp.c.o
                0x1000c2e0                tcp_pcb_purge
 .text.tcp_pcb_remove
                0x1000c2f8       0xc8 CMakeFiles/AirQuality_IOT.dir/Users/matteo/pico/pico-sdk/lib/lwip/src/core/tcp.c.o
                0x1000c2f8                tcp_pcb_remove
 .text.tcp_abandon
                0x1000c3c0      0x1a0 CMakeFiles/AirQuality_IOT.dir/Users/matteo/pico/pico-sdk/lib/lwip/src/core/tcp.c.o
                0x1000c3c0                tcp_abandon
 .text.tcp_abort
                0x1000c560        0xc CMakeFiles/AirQuality_IOT.dir/Users/matteo/pico/pico-sdk/lib/lwip/src/core/tcp.c.o
                0x1000c560                tcp_abort
 .text.tcp_alloc
                0x1000c56c      0x1f0 CMakeFiles/AirQuality_IOT.dir/Users/matteo/pico/pico-sdk/lib/lwip/src/core/tcp.c.o
                0x1000c56c                tcp_alloc
 .text.tcp_new_ip_type
                0x1000c75c        0xc CMakeFiles/AirQuality_IOT.dir/Users/matteo/pico/pico-sdk/lib/lwip/src/core/tcp.c.o
                0x1000c75c                tcp_new_ip_type
 .text.tcp_close_shutdown
                0x1000c768      0x188 CMakeFiles/AirQuality_IOT.dir/Users/matteo/pico/pico-sdk/lib/lwip/src/core/tcp.c.o
 .text.tcp_recv_null
                0x1000c8f0       0xd0 CMakeFiles/AirQuality_IOT.dir/Users/matteo/pico/pico-sdk/lib/lwip/src/core/tcp.c.o
                0x1000c8f0                tcp_recv_null
 .text.tcp_process_refused_data
                0x1000c9c0       0x78 CMakeFiles/AirQuality_IOT.dir/Users/matteo/pico/pico-sdk/lib/lwip/src/core/tcp.c.o
                0x1000c9c0                tcp_process_refused_data
 .text.tcp_fasttmr
                0x1000ca38       0x98 CMakeFiles/AirQuality_IOT.dir/Users/matteo/pico/pico-sdk/lib/lwip/src/core/tcp.c.o
                0x1000ca38                tcp_fasttmr
 .text.tcp_tmr  0x1000cad0       0x20 CMakeFiles/AirQuality_IOT.dir/Users/matteo/pico/pico-sdk/lib/lwip/src/core/tcp.c.o
                0x1000cad0                tcp_tmr
 .text.tcp_close
                0x1000caf0      0x170 CMakeFiles/AirQuality_IOT.dir/Users/matteo/pico/pico-sdk/lib/lwip/src/core/tcp.c.o
                0x1000caf0                tcp_close
 .text.tcp_next_iss
                0x1000cc60       0x28 CMakeFiles/AirQuality_IOT.dir/Users/matteo/pico/pico-sdk/lib/lwip/src/core/tcp.c.o
                0x1000cc60                tcp_next_iss
 .text.tcp_eff_send_mss_netif
                0x1000cc88       0x34 CMakeFiles/AirQuality_IOT.dir/Users/matteo/pico/pico-sdk/lib/lwip/src/core/tcp.c.o
                0x1000cc88                tcp_eff_send_mss_netif
 .text.tcp_netif_ip_addr_changed
                0x1000ccbc       0x94 CMakeFiles/AirQuality_IOT.dir/Users/matteo/pico/pico-sdk/lib/lwip/src/core/tcp.c.o
                0x1000ccbc                tcp_netif_ip_addr_changed
 .text.tcp_free_ooseq
                0x1000cd50       0x40 CMakeFiles/AirQuality_IOT.dir/Users/matteo/pico/pico-sdk/lib/lwip/src/core/tcp.c.o
                0x1000cd50                tcp_free_ooseq
 .text.tcp_parseopt
                0x1000cd90      0x1c0 CMakeFiles/AirQuality_IOT.dir/Users/matteo/pico/pico-sdk/lib/lwip/src/core/tcp_in.c.o
 .text.tcp_oos_insert_segment
                0x1000cf50       0xb8 CMakeFiles/AirQuality_IOT.dir/Users/matteo/pico/pico-sdk/lib/lwip/src/core/tcp_in.c.o
 .text.tcp_free_acked_segments.isra.0
                0x1000d008       0xd8 CMakeFiles/AirQuality_IOT.dir/Users/matteo/pico/pico-sdk/lib/lwip/src/core/tcp_in.c.o
 .text.tcp_receive
                0x1000d0e0      0x9b4 CMakeFiles/AirQuality_IOT.dir/Users/matteo/pico/pico-sdk/lib/lwip/src/core/tcp_in.c.o
 .text.tcp_input
                0x1000da94      0xdf8 CMakeFiles/AirQuality_IOT.dir/Users/matteo/pico/pico-sdk/lib/lwip/src/core/tcp_in.c.o
                0x1000da94                tcp_input
 .text.tcp_trigger_input_pcb_close
                0x1000e88c       0x10 CMakeFiles/AirQuality_IOT.dir/Users/matteo/pico/pico-sdk/lib/lwip/src/core/tcp_in.c.o
                0x1000e88c                tcp_trigger_input_pcb_close
 .text.tcp_create_segment
                0x1000e89c       0xec CMakeFiles/AirQuality_IOT.dir/Users/matteo/pico/pico-sdk/lib/lwip/src/core/tcp_out.c.o
 .text.tcp_output_control_segment
                0x1000e988       0xb0 CMakeFiles/AirQuality_IOT.dir/Users/matteo/pico/pico-sdk/lib/lwip/src/core/tcp_out.c.o
 .text.tcp_write
                0x1000ea38      0x900 CMakeFiles/AirQuality_IOT.dir/Users/matteo/pico/pico-sdk/lib/lwip/src/core/tcp_out.c.o
                0x1000ea38                tcp_write
 .text.tcp_split_unsent_seg
                0x1000f338      0x1ac CMakeFiles/AirQuality_IOT.dir/Users/matteo/pico/pico-sdk/lib/lwip/src/core/tcp_out.c.o
                0x1000f338                tcp_split_unsent_seg
 .text.tcp_send_fin
                0x1000f4e4      0x118 CMakeFiles/AirQuality_IOT.dir/Users/matteo/pico/pico-sdk/lib/lwip/src/core/tcp_out.c.o
                0x1000f4e4                tcp_send_fin
 .text.tcp_enqueue_flags
                0x1000f5fc      0x120 CMakeFiles/AirQuality_IOT.dir/Users/matteo/pico/pico-sdk/lib/lwip/src/core/tcp_out.c.o
                0x1000f5fc                tcp_enqueue_flags
 .text.tcp_rexmit_rto_prepare
                0x1000f71c       0x9c CMakeFiles/AirQuality_IOT.dir/Users/matteo/pico/pico-sdk/lib/lwip/src/core/tcp_out.c.o
                0x1000f71c                tcp_rexmit_rto_prepare
 .text.tcp_rexmit
                0x1000f7b8       0x9c CMakeFiles/AirQuality_IOT.dir/Users/matteo/pico/pico-sdk/lib/lwip/src/core/tcp_out.c.o
                0x1000f7b8                tcp_rexmit
 .text.tcp_rexmit_fast
                0x1000f854       0x60 CMakeFiles/AirQuality_IOT.dir/Users/matteo/pico/pico-sdk/lib/lwip/src/core/tcp_out.c.o
                0x1000f854                tcp_rexmit_fast
 .text.tcp_rst  0x1000f8b4       0xe8 CMakeFiles/AirQuality_IOT.dir/Users/matteo/pico/pico-sdk/lib/lwip/src/core/tcp_out.c.o
                0x1000f8b4                tcp_rst
 .text.tcp_rst_netif
                0x1000f99c      0x128 CMakeFiles/AirQuality_IOT.dir/Users/matteo/pico/pico-sdk/lib/lwip/src/core/tcp_out.c.o
                0x1000f99c                tcp_rst_netif
 .text.tcp_send_empty_ack
                0x1000fac4       0xf4 CMakeFiles/AirQuality_IOT.dir/Users/matteo/pico/pico-sdk/lib/lwip/src/core/tcp_out.c.o
                0x1000fac4                tcp_send_empty_ack
 .text.tcp_output
                0x1000fbb8      0x43c CMakeFiles/AirQuality_IOT.dir/Users/matteo/pico/pico-sdk/lib/lwip/src/core/tcp_out.c.o
                0x1000fbb8                tcp_output
 .text.tcp_rexmit_rto_commit
                0x1000fff4       0x24 CMakeFiles/AirQuality_IOT.dir/Users/matteo/pico/pico-sdk/lib/lwip/src/core/tcp_out.c.o
                0x1000fff4                tcp_rexmit_rto_commit
 .text.tcp_rexmit_rto
                0x10010018       0xa4 CMakeFiles/AirQuality_IOT.dir/Users/matteo/pico/pico-sdk/lib/lwip/src/core/tcp_out.c.o
                0x10010018                tcp_rexmit_rto
 .text.tcp_keepalive
                0x100100bc       0xdc CMakeFiles/AirQuality_IOT.dir/Users/matteo/pico/pico-sdk/lib/lwip/src/core/tcp_out.c.o
                0x100100bc                tcp_keepalive
 .text.tcp_zero_window_probe
                0x10010198      0x198 CMakeFiles/AirQuality_IOT.dir/Users/matteo/pico/pico-sdk/lib/lwip/src/core/tcp_out.c.o
                0x10010198                tcp_zero_window_probe
 .text.tcpip_tcp_timer
                0x10010330       0x7c CMakeFiles/AirQuality_IOT.dir/Users/matteo/pico/pico-sdk/lib/lwip/src/core/timeouts.c.o
 .text.lwip_cyclic_timer
                0x100103ac       0xa8 CMakeFiles/AirQuality_IOT.dir/Users/matteo/pico/pico-sdk/lib/lwip/src/core/timeouts.c.o
 .text.tcp_timer_needed
                0x10010454       0x80 CMakeFiles/AirQuality_IOT.dir/Users/matteo/pico/pico-sdk/lib/lwip/src/core/timeouts.c.o
                0x10010454                tcp_timer_needed
 .text.sys_timeouts_init
                0x100104d4       0x94 CMakeFiles/AirQuality_IOT.dir/Users/matteo/pico/pico-sdk/lib/lwip/src/core/timeouts.c.o
                0x100104d4                sys_timeouts_init
 .text.sys_timeout
                0x10010568       0x64 CMakeFiles/AirQuality_IOT.dir/Users/matteo/pico/pico-sdk/lib/lwip/src/core/timeouts.c.o
                0x10010568                sys_timeout
 .text.sys_untimeout
                0x100105cc       0x44 CMakeFiles/AirQuality_IOT.dir/Users/matteo/pico/pico-sdk/lib/lwip/src/core/timeouts.c.o
                0x100105cc                sys_untimeout
 .text.sys_check_timeouts
                0x10010610       0x68 CMakeFiles/AirQuality_IOT.dir/Users/matteo/pico/pico-sdk/lib/lwip/src/core/timeouts.c.o
                0x10010610                sys_check_timeouts
 .text.sys_timeouts_sleeptime
                0x10010678       0x28 CMakeFiles/AirQuality_IOT.dir/Users/matteo/pico/pico-sdk/lib/lwip/src/core/timeouts.c.o
                0x10010678                sys_timeouts_sleeptime
 .text.udp_init
                0x100106a0       0x1c CMakeFiles/AirQuality_IOT.dir/Users/matteo/pico/pico-sdk/lib/lwip/src/core/udp.c.o
                0x100106a0                udp_init
 .text.udp_input
                0x100106bc      0x304 CMakeFiles/AirQuality_IOT.dir/Users/matteo/pico/pico-sdk/lib/lwip/src/core/udp.c.o
                0x100106bc                udp_input
 .text.udp_bind
                0x100109c0       0xf0 CMakeFiles/AirQuality_IOT.dir/Users/matteo/pico/pico-sdk/lib/lwip/src/core/udp.c.o
                0x100109c0                udp_bind
 .text.udp_sendto_if_src
                0x10010ab0      0x130 CMakeFiles/AirQuality_IOT.dir/Users/matteo/pico/pico-sdk/lib/lwip/src/core/udp.c.o
                0x10010ab0                udp_sendto_if_src
 .text.udp_sendto_if
                0x10010be0       0x58 CMakeFiles/AirQuality_IOT.dir/Users/matteo/pico/pico-sdk/lib/lwip/src/core/udp.c.o
                0x10010be0                udp_sendto_if
 .text.udp_connect
                0x10010c38       0x5c CMakeFiles/AirQuality_IOT.dir/Users/matteo/pico/pico-sdk/lib/lwip/src/core/udp.c.o
                0x10010c38                udp_connect
 .text.udp_recv
                0x10010c94        0xc CMakeFiles/AirQuality_IOT.dir/Users/matteo/pico/pico-sdk/lib/lwip/src/core/udp.c.o
                0x10010c94                udp_recv
 .text.udp_remove
                0x10010ca0       0x40 CMakeFiles/AirQuality_IOT.dir/Users/matteo/pico/pico-sdk/lib/lwip/src/core/udp.c.o
                0x10010ca0                udp_remove
 .text.udp_new  0x10010ce0       0x1c CMakeFiles/AirQuality_IOT.dir/Users/matteo/pico/pico-sdk/lib/lwip/src/core/udp.c.o
                0x10010ce0                udp_new
 .text.udp_netif_ip_addr_changed
                0x10010cfc       0x40 CMakeFiles/AirQuality_IOT.dir/Users/matteo/pico/pico-sdk/lib/lwip/src/core/udp.c.o
                0x10010cfc                udp_netif_ip_addr_changed
 .text.dhcp_create_msg
                0x10010d3c      0x160 CMakeFiles/AirQuality_IOT.dir/Users/matteo/pico/pico-sdk/lib/lwip/src/core/ipv4/dhcp.c.o
 .text.dhcp_bind
                0x10010e9c      0x140 CMakeFiles/AirQuality_IOT.dir/Users/matteo/pico/pico-sdk/lib/lwip/src/core/ipv4/dhcp.c.o
 .text.dhcp_inc_pcb_refcount